OpenJDK 64-Bit Server VM (25.275-b01) for linux-amd64 JRE (1.8.0_275-b01), built on Nov  6 2020 14:10:46 by "openjdk" with gcc 4.4.7 20120313 (Red Hat 4.4.7-23)
Memory: 4k page, physical 8003856k(1955068k free), swap 2097148k(2097148k free)
CommandLine flags: -XX:+ExplicitGCInvokesConcurrent -XX:GCLogFileSize=104857600 -XX:InitialHeapSize=1073741824 -XX:InitiatingHeapOccupancyPercent=35 -XX:+ManagementServer -XX:MaxGCPauseMillis=20 -XX:MaxHeapSize=1073741824 -XX:MaxInlineLevel=15 -XX:NumberOfGCLogFiles=10 -XX:+PrintGC -XX:+PrintGCDateStamps -XX:+PrintGCDetails -XX:+PrintGCTimeStamps -XX:+UseCompressedClassPointers -XX:+UseCompressedOops -XX:+UseG1GC -XX:+UseGCLogFileRotation 
2021-04-19T15:25:59.642-0700: 1.070: [GC pause (G1 Evacuation Pause) (young), 0.0156717 secs]
   [Parallel Time: 7.9 ms, GC Workers: 4]
      [GC Worker Start (ms): Min: 1070.2, Avg: 1070.3, Max: 1070.4, Diff: 0.1]
      [Ext Root Scanning (ms): Min: 0.8, Avg: 1.3, Max: 1.9, Diff: 1.1, Sum: 5.3]
      [Update RS (ms): Min: 0.0, Avg: 0.0, Max: 0.0, Diff: 0.0, Sum: 0.0]
         [Processed Buffers: Min: 0, Avg: 0.0, Max: 0, Diff: 0, Sum: 0]
      [Scan RS (ms): Min: 0.0, Avg: 0.0, Max: 0.0, Diff: 0.0, Sum: 0.0]
      [Code Root Scanning (ms): Min: 0.0, Avg: 1.8, Max: 6.3, Diff: 6.3, Sum: 7.0]
      [Object Copy (ms): Min: 0.2, Avg: 4.0, Max: 5.8, Diff: 5.6, Sum: 16.1]
      [Termination (ms): Min: 0.0, Avg: 0.6, Max: 0.8, Diff: 0.8, Sum: 2.5]
         [Termination Attempts: Min: 1, Avg: 1.8, Max: 3, Diff: 2, Sum: 7]
      [GC Worker Other (ms): Min: 0.0, Avg: 0.0, Max: 0.0, Diff: 0.0, Sum: 0.1]
      [GC Worker Total (ms): Min: 7.7, Avg: 7.8, Max: 7.8, Diff: 0.1, Sum: 31.0]
      [GC Worker End (ms): Min: 1078.0, Avg: 1078.0, Max: 1078.1, Diff: 0.0]
   [Code Root Fixup: 0.0 ms]
   [Code Root Purge: 0.0 ms]
   [Clear CT: 0.2 ms]
   [Other: 7.6 ms]
      [Choose CSet: 0.0 ms]
      [Ref Proc: 7.2 ms]
      [Ref Enq: 0.0 ms]
      [Redirty Cards: 0.1 ms]
      [Humongous Register: 0.0 ms]
      [Humongous Reclaim: 0.0 ms]
      [Free CSet: 0.1 ms]
   [Eden: 52224.0K(52224.0K)->0.0B(45056.0K) Survivors: 0.0B->7168.0K Heap: 52224.0K(1024.0M)->8941.5K(1024.0M)]
 [Times: user=0.02 sys=0.00, real=0.01 secs] 
2021-04-19T15:26:00.120-0700: 1.548: [GC pause (Metadata GC Threshold) (young) (initial-mark), 0.0064072 secs]
   [Parallel Time: 4.9 ms, GC Workers: 4]
      [GC Worker Start (ms): Min: 1548.4, Avg: 1548.5, Max: 1548.5, Diff: 0.1]
      [Ext Root Scanning (ms): Min: 0.7, Avg: 0.8, Max: 1.0, Diff: 0.4, Sum: 3.4]
      [Update RS (ms): Min: 0.0, Avg: 0.1, Max: 0.2, Diff: 0.2, Sum: 0.3]
         [Processed Buffers: Min: 0, Avg: 0.5, Max: 1, Diff: 1, Sum: 2]
      [Scan RS (ms): Min: 0.0, Avg: 0.0, Max: 0.0, Diff: 0.0, Sum: 0.0]
      [Code Root Scanning (ms): Min: 0.0, Avg: 0.2, Max: 0.8, Diff: 0.8, Sum: 0.8]
      [Object Copy (ms): Min: 2.9, Avg: 3.6, Max: 4.0, Diff: 1.0, Sum: 14.5]
      [Termination (ms): Min: 0.0, Avg: 0.0, Max: 0.0, Diff: 0.0, Sum: 0.0]
         [Termination Attempts: Min: 1, Avg: 1.8, Max: 4, Diff: 3, Sum: 7]
      [GC Worker Other (ms): Min: 0.0, Avg: 0.0, Max: 0.0, Diff: 0.0, Sum: 0.0]
      [GC Worker Total (ms): Min: 4.7, Avg: 4.8, Max: 4.8, Diff: 0.1, Sum: 19.0]
      [GC Worker End (ms): Min: 1553.2, Avg: 1553.2, Max: 1553.2, Diff: 0.0]
   [Code Root Fixup: 0.0 ms]
   [Code Root Purge: 0.0 ms]
   [Clear CT: 0.2 ms]
   [Other: 1.3 ms]
      [Choose CSet: 0.0 ms]
      [Ref Proc: 1.0 ms]
      [Ref Enq: 0.0 ms]
      [Redirty Cards: 0.0 ms]
      [Humongous Register: 0.0 ms]
      [Humongous Reclaim: 0.0 ms]
      [Free CSet: 0.0 ms]
   [Eden: 18432.0K(45056.0K)->0.0B(47104.0K) Survivors: 7168.0K->5120.0K Heap: 27373.5K(1024.0M)->11098.5K(1024.0M)]
 [Times: user=0.01 sys=0.00, real=0.00 secs] 
2021-04-19T15:26:00.126-0700: 1.555: [GC concurrent-root-region-scan-start]
2021-04-19T15:26:00.128-0700: 1.557: [GC concurrent-root-region-scan-end, 0.0020089 secs]
2021-04-19T15:26:00.128-0700: 1.557: [GC concurrent-mark-start]
2021-04-19T15:26:00.142-0700: 1.570: [GC concurrent-mark-end, 0.0133841 secs]
2021-04-19T15:26:00.142-0700: 1.570: [GC remark 2021-04-19T15:26:00.142-0700: 1.570: [Finalize Marking, 0.0001733 secs] 2021-04-19T15:26:00.142-0700: 1.571: [GC ref-proc, 0.0003132 secs] 2021-04-19T15:26:00.142-0700: 1.571: [Unloading, 0.0025566 secs], 0.0033135 secs]
 [Times: user=0.00 sys=0.01, real=0.00 secs] 
2021-04-19T15:26:00.145-0700: 1.574: [GC cleanup 13146K->12122K(1024M), 0.0009699 secs]
 [Times: user=0.01 sys=0.00, real=0.00 secs] 
2021-04-19T15:26:00.146-0700: 1.575: [GC concurrent-cleanup-start]
2021-04-19T15:26:00.146-0700: 1.575: [GC concurrent-cleanup-end, 0.0000087 secs]
2021-04-19T15:26:00.945-0700: 2.373: [GC pause (G1 Evacuation Pause) (young), 0.0066335 secs]
   [Parallel Time: 4.5 ms, GC Workers: 4]
      [GC Worker Start (ms): Min: 2373.1, Avg: 2374.3, Max: 2377.6, Diff: 4.4]
      [Ext Root Scanning (ms): Min: 0.0, Avg: 0.6, Max: 0.9, Diff: 0.9, Sum: 2.4]
      [Update RS (ms): Min: 0.0, Avg: 0.4, Max: 0.6, Diff: 0.6, Sum: 1.5]
         [Processed Buffers: Min: 0, Avg: 3.0, Max: 8, Diff: 8, Sum: 12]
      [Scan RS (ms): Min: 0.0, Avg: 0.3, Max: 0.4, Diff: 0.4, Sum: 1.0]
      [Code Root Scanning (ms): Min: 0.0, Avg: 0.0, Max: 0.1, Diff: 0.1, Sum: 0.1]
      [Object Copy (ms): Min: 0.0, Avg: 1.6, Max: 2.3, Diff: 2.3, Sum: 6.3]
      [Termination (ms): Min: 0.0, Avg: 0.5, Max: 0.7, Diff: 0.7, Sum: 1.9]
         [Termination Attempts: Min: 1, Avg: 1.2, Max: 2, Diff: 1, Sum: 5]
      [GC Worker Other (ms): Min: 0.0, Avg: 0.0, Max: 0.0, Diff: 0.0, Sum: 0.0]
      [GC Worker Total (ms): Min: 0.0, Avg: 3.3, Max: 4.5, Diff: 4.4, Sum: 13.3]
      [GC Worker End (ms): Min: 2377.6, Avg: 2377.6, Max: 2377.6, Diff: 0.0]
   [Code Root Fixup: 0.0 ms]
   [Code Root Purge: 0.0 ms]
   [Clear CT: 0.1 ms]
   [Other: 2.1 ms]
      [Choose CSet: 0.0 ms]
      [Ref Proc: 1.8 ms]
      [Ref Enq: 0.0 ms]
      [Redirty Cards: 0.1 ms]
      [Humongous Register: 0.0 ms]
      [Humongous Reclaim: 0.0 ms]
      [Free CSet: 0.0 ms]
   [Eden: 47104.0K(47104.0K)->0.0B(45056.0K) Survivors: 5120.0K->7168.0K Heap: 183.8M(1024.0M)->142.5M(1024.0M)]
 [Times: user=0.01 sys=0.00, real=0.01 secs] 
2021-04-19T15:26:01.927-0700: 3.355: [GC pause (G1 Evacuation Pause) (young), 0.0280634 secs]
   [Parallel Time: 22.4 ms, GC Workers: 4]
      [GC Worker Start (ms): Min: 3355.5, Avg: 3355.5, Max: 3355.5, Diff: 0.0]
      [Ext Root Scanning (ms): Min: 1.5, Avg: 1.9, Max: 2.7, Diff: 1.2, Sum: 7.6]
      [Update RS (ms): Min: 0.5, Avg: 0.6, Max: 0.7, Diff: 0.2, Sum: 2.5]
         [Processed Buffers: Min: 1, Avg: 4.2, Max: 11, Diff: 10, Sum: 17]
      [Scan RS (ms): Min: 0.0, Avg: 0.0, Max: 0.0, Diff: 0.0, Sum: 0.0]
      [Code Root Scanning (ms): Min: 0.0, Avg: 0.2, Max: 0.3, Diff: 0.3, Sum: 0.6]
      [Object Copy (ms): Min: 10.7, Avg: 12.6, Max: 18.2, Diff: 7.6, Sum: 50.5]
      [Termination (ms): Min: 0.0, Avg: 6.6, Max: 9.0, Diff: 9.0, Sum: 26.2]
         [Termination Attempts: Min: 1, Avg: 1.0, Max: 1, Diff: 0, Sum: 4]
      [GC Worker Other (ms): Min: 0.0, Avg: 0.0, Max: 0.0, Diff: 0.0, Sum: 0.1]
      [GC Worker Total (ms): Min: 21.7, Avg: 21.9, Max: 22.2, Diff: 0.5, Sum: 87.6]
      [GC Worker End (ms): Min: 3377.2, Avg: 3377.4, Max: 3377.7, Diff: 0.5]
   [Code Root Fixup: 0.0 ms]
   [Code Root Purge: 0.0 ms]
   [Clear CT: 0.1 ms]
   [Other: 5.5 ms]
      [Choose CSet: 0.0 ms]
      [Ref Proc: 5.0 ms]
      [Ref Enq: 0.0 ms]
      [Redirty Cards: 0.1 ms]
      [Humongous Register: 0.0 ms]
      [Humongous Reclaim: 0.1 ms]
      [Free CSet: 0.1 ms]
   [Eden: 45056.0K(45056.0K)->0.0B(45056.0K) Survivors: 7168.0K->7168.0K Heap: 186.5M(1024.0M)->146.5M(1024.0M)]
 [Times: user=0.07 sys=0.01, real=0.03 secs] 
2021-04-19T15:26:01.993-0700: 3.421: [GC pause (Metadata GC Threshold) (young) (initial-mark), 0.0217309 secs]
   [Parallel Time: 13.5 ms, GC Workers: 4]
      [GC Worker Start (ms): Min: 3421.2, Avg: 3423.3, Max: 3424.0, Diff: 2.7]
      [Ext Root Scanning (ms): Min: 0.2, Avg: 3.1, Max: 9.6, Diff: 9.5, Sum: 12.4]
      [Update RS (ms): Min: 0.0, Avg: 0.2, Max: 0.4, Diff: 0.4, Sum: 0.9]
         [Processed Buffers: Min: 0, Avg: 3.2, Max: 6, Diff: 6, Sum: 13]
      [Scan RS (ms): Min: 0.0, Avg: 0.3, Max: 0.4, Diff: 0.4, Sum: 1.2]
      [Code Root Scanning (ms): Min: 0.0, Avg: 0.1, Max: 0.3, Diff: 0.3, Sum: 0.6]
      [Object Copy (ms): Min: 0.0, Avg: 6.0, Max: 8.5, Diff: 8.5, Sum: 23.8]
      [Termination (ms): Min: 0.0, Avg: 0.9, Max: 1.8, Diff: 1.8, Sum: 3.4]
         [Termination Attempts: Min: 1, Avg: 2.0, Max: 5, Diff: 4, Sum: 8]
      [GC Worker Other (ms): Min: 0.0, Avg: 0.0, Max: 0.0, Diff: 0.0, Sum: 0.0]
      [GC Worker Total (ms): Min: 9.7, Avg: 10.6, Max: 12.4, Diff: 2.7, Sum: 42.3]
      [GC Worker End (ms): Min: 3433.6, Avg: 3433.8, Max: 3434.6, Diff: 1.0]
   [Code Root Fixup: 0.0 ms]
   [Code Root Purge: 0.0 ms]
   [Clear CT: 1.1 ms]
   [Other: 7.1 ms]
      [Choose CSet: 0.0 ms]
      [Ref Proc: 6.7 ms]
      [Ref Enq: 0.0 ms]
      [Redirty Cards: 0.1 ms]
      [Humongous Register: 0.0 ms]
      [Humongous Reclaim: 0.0 ms]
      [Free CSet: 0.0 ms]
   [Eden: 2048.0K(45056.0K)->0.0B(50176.0K) Survivors: 7168.0K->2048.0K Heap: 148.5M(1024.0M)->149.5M(1024.0M)]
 [Times: user=0.05 sys=0.00, real=0.02 secs] 
2021-04-19T15:26:02.014-0700: 3.443: [GC concurrent-root-region-scan-start]
2021-04-19T15:26:02.015-0700: 3.444: [GC concurrent-root-region-scan-end, 0.0007517 secs]
2021-04-19T15:26:02.015-0700: 3.444: [GC concurrent-mark-start]
2021-04-19T15:26:02.132-0700: 3.560: [GC concurrent-mark-end, 0.1164165 secs]
2021-04-19T15:26:02.132-0700: 3.560: [GC remark 2021-04-19T15:26:02.132-0700: 3.560: [Finalize Marking, 0.0025332 secs] 2021-04-19T15:26:02.134-0700: 3.563: [GC ref-proc, 0.0005050 secs] 2021-04-19T15:26:02.135-0700: 3.563: [Unloading, 0.0038001 secs], 0.0086204 secs]
 [Times: user=0.02 sys=0.00, real=0.01 secs] 
2021-04-19T15:26:02.143-0700: 3.572: [GC cleanup 154M->149M(1024M), 0.0010497 secs]
 [Times: user=0.00 sys=0.00, real=0.00 secs] 
2021-04-19T15:26:02.144-0700: 3.573: [GC concurrent-cleanup-start]
2021-04-19T15:26:02.144-0700: 3.573: [GC concurrent-cleanup-end, 0.0000464 secs]
2021-04-19T15:28:43.541-0700: 164.970: [GC pause (G1 Evacuation Pause) (young) (initial-mark), 0.0251977 secs]
   [Parallel Time: 19.5 ms, GC Workers: 4]
      [GC Worker Start (ms): Min: 164970.9, Avg: 164971.2, Max: 164971.8, Diff: 0.9]
      [Ext Root Scanning (ms): Min: 2.4, Avg: 2.9, Max: 3.4, Diff: 1.0, Sum: 11.7]
      [Update RS (ms): Min: 3.1, Avg: 3.6, Max: 4.6, Diff: 1.5, Sum: 14.3]
         [Processed Buffers: Min: 10, Avg: 14.5, Max: 21, Diff: 11, Sum: 58]
      [Scan RS (ms): Min: 0.0, Avg: 0.2, Max: 0.5, Diff: 0.5, Sum: 0.9]
      [Code Root Scanning (ms): Min: 0.0, Avg: 0.8, Max: 1.5, Diff: 1.5, Sum: 3.1]
      [Object Copy (ms): Min: 10.7, Avg: 11.2, Max: 11.6, Diff: 0.8, Sum: 44.8]
      [Termination (ms): Min: 0.0, Avg: 0.0, Max: 0.0, Diff: 0.0, Sum: 0.0]
         [Termination Attempts: Min: 1, Avg: 1.0, Max: 1, Diff: 0, Sum: 4]
      [GC Worker Other (ms): Min: 0.0, Avg: 0.1, Max: 0.1, Diff: 0.0, Sum: 0.2]
      [GC Worker Total (ms): Min: 18.1, Avg: 18.7, Max: 19.0, Diff: 0.8, Sum: 75.0]
      [GC Worker End (ms): Min: 164989.9, Avg: 164989.9, Max: 164989.9, Diff: 0.0]
   [Code Root Fixup: 0.1 ms]
   [Code Root Purge: 0.0 ms]
   [Clear CT: 0.6 ms]
   [Other: 5.0 ms]
      [Choose CSet: 0.0 ms]
      [Ref Proc: 3.2 ms]
      [Ref Enq: 0.1 ms]
      [Redirty Cards: 0.4 ms]
      [Humongous Register: 0.1 ms]
      [Humongous Reclaim: 0.1 ms]
      [Free CSet: 0.2 ms]
   [Eden: 50176.0K(50176.0K)->0.0B(45056.0K) Survivors: 2048.0K->7168.0K Heap: 193.5M(1024.0M)->151.0M(1024.0M)]
 [Times: user=0.08 sys=0.00, real=0.03 secs] 
2021-04-19T15:28:43.574-0700: 165.002: [GC concurrent-root-region-scan-start]
2021-04-19T15:28:43.616-0700: 165.045: [GC concurrent-root-region-scan-end, 0.0428562 secs]
2021-04-19T15:28:43.616-0700: 165.045: [GC concurrent-mark-start]
2021-04-19T15:28:43.677-0700: 165.106: [GC concurrent-mark-end, 0.0608106 secs]
2021-04-19T15:28:43.678-0700: 165.106: [GC remark 2021-04-19T15:28:43.678-0700: 165.107: [Finalize Marking, 0.0003323 secs] 2021-04-19T15:28:43.678-0700: 165.107: [GC ref-proc, 0.0013146 secs] 2021-04-19T15:28:43.680-0700: 165.108: [Unloading, 0.0109702 secs], 0.0156404 secs]
 [Times: user=0.04 sys=0.00, real=0.02 secs] 
2021-04-19T15:28:43.694-0700: 165.123: [GC cleanup 152M->152M(1024M), 0.0029369 secs]
 [Times: user=0.01 sys=0.00, real=0.00 secs] 
2021-04-19T15:29:25.417-0700: 206.846: [GC pause (G1 Evacuation Pause) (young), 0.0182417 secs]
   [Parallel Time: 15.9 ms, GC Workers: 4]
      [GC Worker Start (ms): Min: 206846.2, Avg: 206846.3, Max: 206846.3, Diff: 0.1]
      [Ext Root Scanning (ms): Min: 1.3, Avg: 1.9, Max: 3.2, Diff: 1.9, Sum: 7.4]
      [Update RS (ms): Min: 0.3, Avg: 1.3, Max: 2.0, Diff: 1.7, Sum: 5.1]
         [Processed Buffers: Min: 3, Avg: 10.8, Max: 19, Diff: 16, Sum: 43]
      [Scan RS (ms): Min: 0.6, Avg: 1.0, Max: 1.3, Diff: 0.6, Sum: 3.8]
      [Code Root Scanning (ms): Min: 0.0, Avg: 0.9, Max: 2.1, Diff: 2.1, Sum: 3.5]
      [Object Copy (ms): Min: 10.1, Avg: 10.7, Max: 11.4, Diff: 1.3, Sum: 42.8]
      [Termination (ms): Min: 0.0, Avg: 0.0, Max: 0.0, Diff: 0.0, Sum: 0.0]
         [Termination Attempts: Min: 1, Avg: 1.0, Max: 1, Diff: 0, Sum: 4]
      [GC Worker Other (ms): Min: 0.0, Avg: 0.0, Max: 0.0, Diff: 0.0, Sum: 0.1]
      [GC Worker Total (ms): Min: 15.6, Avg: 15.7, Max: 15.7, Diff: 0.1, Sum: 62.7]
      [GC Worker End (ms): Min: 206861.9, Avg: 206861.9, Max: 206861.9, Diff: 0.0]
   [Code Root Fixup: 0.1 ms]
   [Code Root Purge: 0.0 ms]
   [Clear CT: 0.5 ms]
   [Other: 1.8 ms]
      [Choose CSet: 0.0 ms]
      [Ref Proc: 0.7 ms]
      [Ref Enq: 0.0 ms]
      [Redirty Cards: 0.2 ms]
      [Humongous Register: 0.1 ms]
      [Humongous Reclaim: 0.1 ms]
      [Free CSet: 0.1 ms]
   [Eden: 45056.0K(45056.0K)->0.0B(49152.0K) Survivors: 7168.0K->3072.0K Heap: 195.0M(1024.0M)->149.5M(1024.0M)]
 [Times: user=0.06 sys=0.00, real=0.02 secs] 
2021-04-19T15:30:17.220-0700: 258.649: [GC pause (G1 Evacuation Pause) (young), 0.0255074 secs]
   [Parallel Time: 22.6 ms, GC Workers: 4]
      [GC Worker Start (ms): Min: 258648.8, Avg: 258648.9, Max: 258648.9, Diff: 0.1]
      [Ext Root Scanning (ms): Min: 1.2, Avg: 1.3, Max: 1.5, Diff: 0.3, Sum: 5.2]
      [Update RS (ms): Min: 3.2, Avg: 3.3, Max: 3.4, Diff: 0.2, Sum: 13.3]
         [Processed Buffers: Min: 2, Avg: 12.8, Max: 18, Diff: 16, Sum: 51]
      [Scan RS (ms): Min: 0.4, Avg: 0.5, Max: 0.7, Diff: 0.3, Sum: 1.9]
      [Code Root Scanning (ms): Min: 0.0, Avg: 0.0, Max: 0.2, Diff: 0.2, Sum: 0.2]
      [Object Copy (ms): Min: 14.6, Avg: 15.3, Max: 16.9, Diff: 2.3, Sum: 61.2]
      [Termination (ms): Min: 0.0, Avg: 1.8, Max: 2.4, Diff: 2.4, Sum: 7.2]
         [Termination Attempts: Min: 1, Avg: 1.0, Max: 1, Diff: 0, Sum: 4]
      [GC Worker Other (ms): Min: 0.0, Avg: 0.0, Max: 0.0, Diff: 0.0, Sum: 0.1]
      [GC Worker Total (ms): Min: 22.1, Avg: 22.3, Max: 22.4, Diff: 0.3, Sum: 89.0]
      [GC Worker End (ms): Min: 258670.9, Avg: 258671.1, Max: 258671.3, Diff: 0.4]
   [Code Root Fixup: 0.0 ms]
   [Code Root Purge: 0.0 ms]
   [Clear CT: 0.2 ms]
   [Other: 2.7 ms]
      [Choose CSet: 0.0 ms]
      [Ref Proc: 2.0 ms]
      [Ref Enq: 0.0 ms]
      [Redirty Cards: 0.2 ms]
      [Humongous Register: 0.1 ms]
      [Humongous Reclaim: 0.0 ms]
      [Free CSet: 0.1 ms]
   [Eden: 49152.0K(49152.0K)->0.0B(47104.0K) Survivors: 3072.0K->5120.0K Heap: 197.5M(1024.0M)->151.0M(1024.0M)]
 [Times: user=0.09 sys=0.00, real=0.02 secs] 
2021-04-19T15:31:09.324-0700: 310.752: [GC pause (G1 Evacuation Pause) (young), 0.0305128 secs]
   [Parallel Time: 28.9 ms, GC Workers: 4]
      [GC Worker Start (ms): Min: 310752.9, Avg: 310753.0, Max: 310753.1, Diff: 0.2]
      [Ext Root Scanning (ms): Min: 1.4, Avg: 1.5, Max: 1.8, Diff: 0.4, Sum: 6.0]
      [Update RS (ms): Min: 2.3, Avg: 2.4, Max: 2.6, Diff: 0.4, Sum: 9.6]
         [Processed Buffers: Min: 1, Avg: 9.2, Max: 20, Diff: 19, Sum: 37]
      [Scan RS (ms): Min: 0.0, Avg: 0.0, Max: 0.0, Diff: 0.0, Sum: 0.1]
      [Code Root Scanning (ms): Min: 0.0, Avg: 0.1, Max: 0.2, Diff: 0.2, Sum: 0.3]
      [Object Copy (ms): Min: 24.4, Avg: 24.6, Max: 24.8, Diff: 0.4, Sum: 98.3]
      [Termination (ms): Min: 0.0, Avg: 0.0, Max: 0.0, Diff: 0.0, Sum: 0.0]
         [Termination Attempts: Min: 1, Avg: 1.0, Max: 1, Diff: 0, Sum: 4]
      [GC Worker Other (ms): Min: 0.0, Avg: 0.0, Max: 0.0, Diff: 0.0, Sum: 0.1]
      [GC Worker Total (ms): Min: 28.5, Avg: 28.6, Max: 28.7, Diff: 0.2, Sum: 114.5]
      [GC Worker End (ms): Min: 310781.6, Avg: 310781.6, Max: 310781.6, Diff: 0.0]
   [Code Root Fixup: 0.0 ms]
   [Code Root Purge: 0.0 ms]
   [Clear CT: 0.2 ms]
   [Other: 1.4 ms]
      [Choose CSet: 0.0 ms]
      [Ref Proc: 0.5 ms]
      [Ref Enq: 0.0 ms]
      [Redirty Cards: 0.2 ms]
      [Humongous Register: 0.1 ms]
      [Humongous Reclaim: 0.1 ms]
      [Free CSet: 0.1 ms]
   [Eden: 47104.0K(47104.0K)->0.0B(45056.0K) Survivors: 5120.0K->7168.0K Heap: 197.0M(1024.0M)->153.0M(1024.0M)]
 [Times: user=0.12 sys=0.00, real=0.03 secs] 
2021-04-19T15:31:40.083-0700: 341.511: [GC pause (G1 Evacuation Pause) (young), 0.0355280 secs]
   [Parallel Time: 34.1 ms, GC Workers: 4]
      [GC Worker Start (ms): Min: 341511.7, Avg: 341511.9, Max: 341512.0, Diff: 0.2]
      [Ext Root Scanning (ms): Min: 1.5, Avg: 1.6, Max: 1.9, Diff: 0.4, Sum: 6.4]
      [Update RS (ms): Min: 3.1, Avg: 3.6, Max: 5.0, Diff: 1.9, Sum: 14.6]
         [Processed Buffers: Min: 3, Avg: 9.5, Max: 20, Diff: 17, Sum: 38]
      [Scan RS (ms): Min: 0.0, Avg: 0.0, Max: 0.1, Diff: 0.0, Sum: 0.1]
      [Code Root Scanning (ms): Min: 0.0, Avg: 0.4, Max: 0.6, Diff: 0.6, Sum: 1.5]
      [Object Copy (ms): Min: 27.2, Avg: 28.2, Max: 28.6, Diff: 1.4, Sum: 112.8]
      [Termination (ms): Min: 0.0, Avg: 0.0, Max: 0.0, Diff: 0.0, Sum: 0.0]
         [Termination Attempts: Min: 1, Avg: 1.0, Max: 1, Diff: 0, Sum: 4]
      [GC Worker Other (ms): Min: 0.0, Avg: 0.0, Max: 0.0, Diff: 0.0, Sum: 0.1]
      [GC Worker Total (ms): Min: 33.7, Avg: 33.9, Max: 34.0, Diff: 0.2, Sum: 135.5]
      [GC Worker End (ms): Min: 341545.7, Avg: 341545.7, Max: 341545.7, Diff: 0.0]
   [Code Root Fixup: 0.0 ms]
   [Code Root Purge: 0.0 ms]
   [Clear CT: 0.2 ms]
   [Other: 1.2 ms]
      [Choose CSet: 0.0 ms]
      [Ref Proc: 0.6 ms]
      [Ref Enq: 0.0 ms]
      [Redirty Cards: 0.1 ms]
      [Humongous Register: 0.1 ms]
      [Humongous Reclaim: 0.0 ms]
      [Free CSet: 0.0 ms]
   [Eden: 45056.0K(45056.0K)->0.0B(46080.0K) Survivors: 7168.0K->6144.0K Heap: 197.0M(1024.0M)->154.7M(1024.0M)]
 [Times: user=0.14 sys=0.00, real=0.04 secs] 
2021-04-19T15:32:19.766-0700: 381.194: [GC pause (G1 Evacuation Pause) (young), 0.0722045 secs]
   [Parallel Time: 63.9 ms, GC Workers: 4]
      [GC Worker Start (ms): Min: 381194.4, Avg: 381195.6, Max: 381198.6, Diff: 4.2]
      [Ext Root Scanning (ms): Min: 0.0, Avg: 1.4, Max: 3.5, Diff: 3.5, Sum: 5.4]
      [Update RS (ms): Min: 0.0, Avg: 3.5, Max: 10.6, Diff: 10.6, Sum: 13.9]
         [Processed Buffers: Min: 0, Avg: 12.0, Max: 29, Diff: 29, Sum: 48]
      [Scan RS (ms): Min: 0.0, Avg: 5.2, Max: 9.3, Diff: 9.3, Sum: 20.7]
      [Code Root Scanning (ms): Min: 0.0, Avg: 0.2, Max: 0.4, Diff: 0.4, Sum: 0.7]
      [Object Copy (ms): Min: 36.5, Avg: 44.5, Max: 53.5, Diff: 16.9, Sum: 177.9]
      [Termination (ms): Min: 0.0, Avg: 7.8, Max: 15.5, Diff: 15.5, Sum: 31.2]
         [Termination Attempts: Min: 1, Avg: 1.0, Max: 1, Diff: 0, Sum: 4]
      [GC Worker Other (ms): Min: 0.0, Avg: 0.0, Max: 0.0, Diff: 0.0, Sum: 0.1]
      [GC Worker Total (ms): Min: 59.3, Avg: 62.5, Max: 63.7, Diff: 4.5, Sum: 249.9]
      [GC Worker End (ms): Min: 381257.8, Avg: 381258.0, Max: 381258.2, Diff: 0.4]
   [Code Root Fixup: 0.0 ms]
   [Code Root Purge: 0.0 ms]
   [Clear CT: 0.1 ms]
   [Other: 8.1 ms]
      [Choose CSet: 0.0 ms]
      [Ref Proc: 7.5 ms]
      [Ref Enq: 0.0 ms]
      [Redirty Cards: 0.1 ms]
      [Humongous Register: 0.1 ms]
      [Humongous Reclaim: 0.0 ms]
      [Free CSet: 0.1 ms]
   [Eden: 46080.0K(46080.0K)->0.0B(47104.0K) Survivors: 6144.0K->5120.0K Heap: 199.7M(1024.0M)->156.5M(1024.0M)]
 [Times: user=0.08 sys=0.00, real=0.08 secs] 
2021-04-19T15:32:58.354-0700: 419.782: [GC pause (G1 Evacuation Pause) (young), 0.0327712 secs]
   [Parallel Time: 31.5 ms, GC Workers: 4]
      [GC Worker Start (ms): Min: 419782.6, Avg: 419782.8, Max: 419782.9, Diff: 0.3]
      [Ext Root Scanning (ms): Min: 1.8, Avg: 2.0, Max: 2.3, Diff: 0.5, Sum: 8.0]
      [Update RS (ms): Min: 3.7, Avg: 3.8, Max: 4.0, Diff: 0.3, Sum: 15.3]
         [Processed Buffers: Min: 8, Avg: 11.0, Max: 14, Diff: 6, Sum: 44]
      [Scan RS (ms): Min: 6.1, Avg: 6.8, Max: 7.2, Diff: 1.2, Sum: 27.3]
      [Code Root Scanning (ms): Min: 0.1, Avg: 0.6, Max: 1.3, Diff: 1.3, Sum: 2.5]
      [Object Copy (ms): Min: 17.4, Avg: 18.0, Max: 18.2, Diff: 0.8, Sum: 71.8]
      [Termination (ms): Min: 0.0, Avg: 0.0, Max: 0.0, Diff: 0.0, Sum: 0.0]
         [Termination Attempts: Min: 1, Avg: 4.0, Max: 6, Diff: 5, Sum: 16]
      [GC Worker Other (ms): Min: 0.0, Avg: 0.0, Max: 0.0, Diff: 0.0, Sum: 0.1]
      [GC Worker Total (ms): Min: 31.1, Avg: 31.2, Max: 31.4, Diff: 0.3, Sum: 125.0]
      [GC Worker End (ms): Min: 419814.0, Avg: 419814.0, Max: 419814.0, Diff: 0.0]
   [Code Root Fixup: 0.0 ms]
   [Code Root Purge: 0.0 ms]
   [Clear CT: 0.2 ms]
   [Other: 1.0 ms]
      [Choose CSet: 0.0 ms]
      [Ref Proc: 0.3 ms]
      [Ref Enq: 0.0 ms]
      [Redirty Cards: 0.1 ms]
      [Humongous Register: 0.1 ms]
      [Humongous Reclaim: 0.0 ms]
      [Free CSet: 0.1 ms]
   [Eden: 47104.0K(47104.0K)->0.0B(47104.0K) Survivors: 5120.0K->5120.0K Heap: 202.5M(1024.0M)->158.3M(1024.0M)]
 [Times: user=0.13 sys=0.00, real=0.03 secs] 
2021-04-19T15:33:43.115-0700: 464.544: [GC pause (G1 Evacuation Pause) (young), 0.0122515 secs]
   [Parallel Time: 11.1 ms, GC Workers: 4]
      [GC Worker Start (ms): Min: 464543.6, Avg: 464545.4, Max: 464550.6, Diff: 7.0]
      [Ext Root Scanning (ms): Min: 0.0, Avg: 0.4, Max: 0.6, Diff: 0.6, Sum: 1.6]
      [Update RS (ms): Min: 0.0, Avg: 0.7, Max: 1.2, Diff: 1.2, Sum: 2.9]
         [Processed Buffers: Min: 0, Avg: 9.5, Max: 20, Diff: 20, Sum: 38]
      [Scan RS (ms): Min: 0.0, Avg: 1.2, Max: 1.7, Diff: 1.7, Sum: 4.7]
      [Code Root Scanning (ms): Min: 0.0, Avg: 0.0, Max: 0.1, Diff: 0.1, Sum: 0.2]
      [Object Copy (ms): Min: 3.4, Avg: 6.5, Max: 7.9, Diff: 4.5, Sum: 25.9]
      [Termination (ms): Min: 0.0, Avg: 0.5, Max: 0.7, Diff: 0.7, Sum: 2.0]
         [Termination Attempts: Min: 1, Avg: 2.0, Max: 3, Diff: 2, Sum: 8]
      [GC Worker Other (ms): Min: 0.0, Avg: 0.0, Max: 0.0, Diff: 0.0, Sum: 0.0]
      [GC Worker Total (ms): Min: 4.1, Avg: 9.3, Max: 11.1, Diff: 7.0, Sum: 37.3]
      [GC Worker End (ms): Min: 464554.7, Avg: 464554.7, Max: 464554.7, Diff: 0.0]
   [Code Root Fixup: 0.0 ms]
   [Code Root Purge: 0.0 ms]
   [Clear CT: 0.1 ms]
   [Other: 1.0 ms]
      [Choose CSet: 0.0 ms]
      [Ref Proc: 0.7 ms]
      [Ref Enq: 0.0 ms]
      [Redirty Cards: 0.1 ms]
      [Humongous Register: 0.0 ms]
      [Humongous Reclaim: 0.0 ms]
      [Free CSet: 0.0 ms]
   [Eden: 47104.0K(47104.0K)->0.0B(48128.0K) Survivors: 5120.0K->4096.0K Heap: 204.3M(1024.0M)->159.5M(1024.0M)]
 [Times: user=0.04 sys=0.00, real=0.01 secs] 
2021-04-19T15:34:28.968-0700: 510.396: [GC pause (G1 Evacuation Pause) (young), 0.0613019 secs]
   [Parallel Time: 58.1 ms, GC Workers: 4]
      [GC Worker Start (ms): Min: 510396.6, Avg: 510396.8, Max: 510397.1, Diff: 0.5]
      [Ext Root Scanning (ms): Min: 1.8, Avg: 2.2, Max: 2.4, Diff: 0.6, Sum: 8.9]
      [Update RS (ms): Min: 4.0, Avg: 6.2, Max: 12.1, Diff: 8.1, Sum: 24.6]
         [Processed Buffers: Min: 2, Avg: 9.8, Max: 21, Diff: 19, Sum: 39]
      [Scan RS (ms): Min: 2.5, Avg: 8.6, Max: 10.9, Diff: 8.4, Sum: 34.3]
      [Code Root Scanning (ms): Min: 0.0, Avg: 0.2, Max: 0.8, Diff: 0.8, Sum: 0.8]
      [Object Copy (ms): Min: 29.6, Avg: 32.7, Max: 40.6, Diff: 11.0, Sum: 130.9]
      [Termination (ms): Min: 0.0, Avg: 7.6, Max: 10.3, Diff: 10.3, Sum: 30.5]
         [Termination Attempts: Min: 1, Avg: 1.0, Max: 1, Diff: 0, Sum: 4]
      [GC Worker Other (ms): Min: 0.0, Avg: 0.0, Max: 0.0, Diff: 0.0, Sum: 0.1]
      [GC Worker Total (ms): Min: 57.4, Avg: 57.5, Max: 57.6, Diff: 0.2, Sum: 230.1]
      [GC Worker End (ms): Min: 510454.2, Avg: 510454.3, Max: 510454.5, Diff: 0.3]
   [Code Root Fixup: 0.0 ms]
   [Code Root Purge: 0.0 ms]
   [Clear CT: 0.2 ms]
   [Other: 3.0 ms]
      [Choose CSet: 0.0 ms]
      [Ref Proc: 2.0 ms]
      [Ref Enq: 0.0 ms]
      [Redirty Cards: 0.2 ms]
      [Humongous Register: 0.1 ms]
      [Humongous Reclaim: 0.0 ms]
      [Free CSet: 0.1 ms]
   [Eden: 48128.0K(48128.0K)->0.0B(46080.0K) Survivors: 4096.0K->6144.0K Heap: 206.5M(1024.0M)->162.0M(1024.0M)]
 [Times: user=0.19 sys=0.00, real=0.06 secs] 
2021-04-19T15:35:13.108-0700: 554.536: [GC pause (G1 Evacuation Pause) (young), 0.0464486 secs]
   [Parallel Time: 43.7 ms, GC Workers: 4]
      [GC Worker Start (ms): Min: 554536.6, Avg: 554536.7, Max: 554536.8, Diff: 0.2]
      [Ext Root Scanning (ms): Min: 1.8, Avg: 2.0, Max: 2.3, Diff: 0.6, Sum: 7.9]
      [Update RS (ms): Min: 3.2, Avg: 3.5, Max: 3.8, Diff: 0.6, Sum: 14.2]
         [Processed Buffers: Min: 3, Avg: 9.0, Max: 17, Diff: 14, Sum: 36]
      [Scan RS (ms): Min: 6.7, Avg: 6.8, Max: 7.1, Diff: 0.5, Sum: 27.4]
      [Code Root Scanning (ms): Min: 0.0, Avg: 0.1, Max: 0.4, Diff: 0.4, Sum: 0.5]
      [Object Copy (ms): Min: 30.1, Avg: 30.3, Max: 30.5, Diff: 0.4, Sum: 121.4]
      [Termination (ms): Min: 0.0, Avg: 0.4, Max: 0.7, Diff: 0.7, Sum: 1.7]
         [Termination Attempts: Min: 1, Avg: 1.0, Max: 1, Diff: 0, Sum: 4]
      [GC Worker Other (ms): Min: 0.0, Avg: 0.0, Max: 0.0, Diff: 0.0, Sum: 0.1]
      [GC Worker Total (ms): Min: 43.1, Avg: 43.3, Max: 43.4, Diff: 0.3, Sum: 173.2]
      [GC Worker End (ms): Min: 554579.8, Avg: 554580.0, Max: 554580.1, Diff: 0.3]
   [Code Root Fixup: 0.0 ms]
   [Code Root Purge: 0.0 ms]
   [Clear CT: 0.4 ms]
   [Other: 2.3 ms]
      [Choose CSet: 0.0 ms]
      [Ref Proc: 1.4 ms]
      [Ref Enq: 0.0 ms]
      [Redirty Cards: 0.3 ms]
      [Humongous Register: 0.1 ms]
      [Humongous Reclaim: 0.0 ms]
      [Free CSet: 0.1 ms]
   [Eden: 46080.0K(46080.0K)->0.0B(47104.0K) Survivors: 6144.0K->5120.0K Heap: 207.0M(1024.0M)->161.8M(1024.0M)]
 [Times: user=0.17 sys=0.00, real=0.05 secs] 
2021-04-19T15:35:44.445-0700: 585.873: [GC pause (G1 Evacuation Pause) (young), 0.0374527 secs]
   [Parallel Time: 36.2 ms, GC Workers: 4]
      [GC Worker Start (ms): Min: 585873.7, Avg: 585873.8, Max: 585873.9, Diff: 0.2]
      [Ext Root Scanning (ms): Min: 1.2, Avg: 1.4, Max: 1.6, Diff: 0.3, Sum: 5.5]
      [Update RS (ms): Min: 3.6, Avg: 3.9, Max: 4.3, Diff: 0.7, Sum: 15.8]
         [Processed Buffers: Min: 1, Avg: 9.2, Max: 22, Diff: 21, Sum: 37]
      [Scan RS (ms): Min: 6.1, Avg: 6.4, Max: 6.7, Diff: 0.6, Sum: 25.7]
      [Code Root Scanning (ms): Min: 0.0, Avg: 0.0, Max: 0.2, Diff: 0.2, Sum: 0.2]
      [Object Copy (ms): Min: 24.1, Avg: 24.2, Max: 24.4, Diff: 0.3, Sum: 96.8]
      [Termination (ms): Min: 0.0, Avg: 0.0, Max: 0.0, Diff: 0.0, Sum: 0.0]
         [Termination Attempts: Min: 1, Avg: 1.0, Max: 1, Diff: 0, Sum: 4]
      [GC Worker Other (ms): Min: 0.0, Avg: 0.0, Max: 0.0, Diff: 0.0, Sum: 0.1]
      [GC Worker Total (ms): Min: 35.9, Avg: 36.0, Max: 36.1, Diff: 0.2, Sum: 144.1]
      [GC Worker End (ms): Min: 585909.8, Avg: 585909.8, Max: 585909.8, Diff: 0.0]
   [Code Root Fixup: 0.0 ms]
   [Code Root Purge: 0.0 ms]
   [Clear CT: 0.2 ms]
   [Other: 1.0 ms]
      [Choose CSet: 0.0 ms]
      [Ref Proc: 0.4 ms]
      [Ref Enq: 0.0 ms]
      [Redirty Cards: 0.1 ms]
      [Humongous Register: 0.1 ms]
      [Humongous Reclaim: 0.0 ms]
      [Free CSet: 0.1 ms]
   [Eden: 47104.0K(47104.0K)->0.0B(45056.0K) Survivors: 5120.0K->7168.0K Heap: 207.8M(1024.0M)->165.4M(1024.0M)]
 [Times: user=0.15 sys=0.00, real=0.04 secs] 
2021-04-19T15:36:27.283-0700: 628.712: [GC pause (G1 Evacuation Pause) (young), 0.0506171 secs]
   [Parallel Time: 47.7 ms, GC Workers: 4]
      [GC Worker Start (ms): Min: 628712.1, Avg: 628712.2, Max: 628712.3, Diff: 0.2]
      [Ext Root Scanning (ms): Min: 1.7, Avg: 1.9, Max: 2.1, Diff: 0.4, Sum: 7.5]
      [Update RS (ms): Min: 4.8, Avg: 5.4, Max: 7.1, Diff: 2.3, Sum: 21.6]
         [Processed Buffers: Min: 1, Avg: 10.0, Max: 30, Diff: 29, Sum: 40]
      [Scan RS (ms): Min: 9.6, Avg: 11.0, Max: 12.0, Diff: 2.5, Sum: 44.2]
      [Code Root Scanning (ms): Min: 0.0, Avg: 0.1, Max: 0.4, Diff: 0.4, Sum: 0.4]
      [Object Copy (ms): Min: 28.7, Avg: 29.0, Max: 29.4, Diff: 0.7, Sum: 116.0]
      [Termination (ms): Min: 0.0, Avg: 0.0, Max: 0.0, Diff: 0.0, Sum: 0.0]
         [Termination Attempts: Min: 1, Avg: 1.2, Max: 2, Diff: 1, Sum: 5]
      [GC Worker Other (ms): Min: 0.0, Avg: 0.1, Max: 0.1, Diff: 0.1, Sum: 0.2]
      [GC Worker Total (ms): Min: 47.4, Avg: 47.5, Max: 47.6, Diff: 0.2, Sum: 189.8]
      [GC Worker End (ms): Min: 628759.6, Avg: 628759.6, Max: 628759.6, Diff: 0.0]
   [Code Root Fixup: 0.0 ms]
   [Code Root Purge: 0.0 ms]
   [Clear CT: 0.8 ms]
   [Other: 2.0 ms]
      [Choose CSet: 0.0 ms]
      [Ref Proc: 0.9 ms]
      [Ref Enq: 0.0 ms]
      [Redirty Cards: 0.4 ms]
      [Humongous Register: 0.1 ms]
      [Humongous Reclaim: 0.0 ms]
      [Free CSet: 0.1 ms]
   [Eden: 45056.0K(45056.0K)->0.0B(47104.0K) Survivors: 7168.0K->5120.0K Heap: 209.4M(1024.0M)->165.3M(1024.0M)]
 [Times: user=0.18 sys=0.00, real=0.06 secs] 
2021-04-19T15:37:12.417-0700: 673.845: [GC pause (G1 Evacuation Pause) (young), 0.0155026 secs]
   [Parallel Time: 14.1 ms, GC Workers: 4]
      [GC Worker Start (ms): Min: 673845.5, Avg: 673846.0, Max: 673847.5, Diff: 2.1]
      [Ext Root Scanning (ms): Min: 0.0, Avg: 1.2, Max: 1.7, Diff: 1.7, Sum: 4.8]
      [Update RS (ms): Min: 1.6, Avg: 1.9, Max: 2.1, Diff: 0.5, Sum: 7.4]
         [Processed Buffers: Min: 1, Avg: 9.0, Max: 31, Diff: 30, Sum: 36]
      [Scan RS (ms): Min: 2.2, Avg: 2.4, Max: 2.6, Diff: 0.4, Sum: 9.7]
      [Code Root Scanning (ms): Min: 0.0, Avg: 0.0, Max: 0.1, Diff: 0.1, Sum: 0.1]
      [Object Copy (ms): Min: 7.8, Avg: 7.9, Max: 8.1, Diff: 0.3, Sum: 31.8]
      [Termination (ms): Min: 0.0, Avg: 0.0, Max: 0.0, Diff: 0.0, Sum: 0.0]
         [Termination Attempts: Min: 1, Avg: 1.0, Max: 1, Diff: 0, Sum: 4]
      [GC Worker Other (ms): Min: 0.0, Avg: 0.0, Max: 0.0, Diff: 0.0, Sum: 0.0]
      [GC Worker Total (ms): Min: 11.9, Avg: 13.5, Max: 14.0, Diff: 2.1, Sum: 53.8]
      [GC Worker End (ms): Min: 673859.5, Avg: 673859.5, Max: 673859.5, Diff: 0.0]
   [Code Root Fixup: 0.0 ms]
   [Code Root Purge: 0.0 ms]
   [Clear CT: 0.5 ms]
   [Other: 0.9 ms]
      [Choose CSet: 0.0 ms]
      [Ref Proc: 0.5 ms]
      [Ref Enq: 0.0 ms]
      [Redirty Cards: 0.1 ms]
      [Humongous Register: 0.0 ms]
      [Humongous Reclaim: 0.0 ms]
      [Free CSet: 0.0 ms]
   [Eden: 47104.0K(47104.0K)->0.0B(45056.0K) Survivors: 5120.0K->7168.0K Heap: 211.3M(1024.0M)->167.3M(1024.0M)]
 [Times: user=0.06 sys=0.00, real=0.03 secs] 
2021-04-19T15:37:44.480-0700: 705.909: [GC pause (G1 Evacuation Pause) (young), 0.0720302 secs]
   [Parallel Time: 69.0 ms, GC Workers: 4]
      [GC Worker Start (ms): Min: 705908.8, Avg: 705917.5, Max: 705922.4, Diff: 13.6]
      [Ext Root Scanning (ms): Min: 0.0, Avg: 0.6, Max: 2.5, Diff: 2.5, Sum: 2.6]
      [Update RS (ms): Min: 0.0, Avg: 12.1, Max: 46.9, Diff: 46.9, Sum: 48.4]
         [Processed Buffers: Min: 0, Avg: 9.5, Max: 34, Diff: 34, Sum: 38]
      [Scan RS (ms): Min: 0.0, Avg: 6.7, Max: 15.2, Diff: 15.2, Sum: 26.8]
      [Code Root Scanning (ms): Min: 0.0, Avg: 3.6, Max: 14.2, Diff: 14.2, Sum: 14.2]
      [Object Copy (ms): Min: 13.2, Avg: 33.1, Max: 42.3, Diff: 29.1, Sum: 132.2]
      [Termination (ms): Min: 0.0, Avg: 2.6, Max: 5.0, Diff: 5.0, Sum: 10.4]
         [Termination Attempts: Min: 1, Avg: 1.0, Max: 1, Diff: 0, Sum: 4]
      [GC Worker Other (ms): Min: 0.0, Avg: 0.0, Max: 0.0, Diff: 0.0, Sum: 0.0]
      [GC Worker Total (ms): Min: 53.6, Avg: 58.7, Max: 67.2, Diff: 13.6, Sum: 234.6]
      [GC Worker End (ms): Min: 705976.0, Avg: 705976.1, Max: 705976.4, Diff: 0.4]
   [Code Root Fixup: 0.0 ms]
   [Code Root Purge: 0.0 ms]
   [Clear CT: 0.1 ms]
   [Other: 2.9 ms]
      [Choose CSet: 0.0 ms]
      [Ref Proc: 2.4 ms]
      [Ref Enq: 0.0 ms]
      [Redirty Cards: 0.1 ms]
      [Humongous Register: 0.1 ms]
      [Humongous Reclaim: 0.0 ms]
      [Free CSet: 0.0 ms]
   [Eden: 45056.0K(45056.0K)->0.0B(47104.0K) Survivors: 7168.0K->5120.0K Heap: 211.3M(1024.0M)->168.4M(1024.0M)]
 [Times: user=0.07 sys=0.00, real=0.07 secs] 
2021-04-19T15:38:26.879-0700: 748.308: [GC pause (G1 Evacuation Pause) (young), 0.0369607 secs]
   [Parallel Time: 35.2 ms, GC Workers: 4]
      [GC Worker Start (ms): Min: 748308.5, Avg: 748308.6, Max: 748308.7, Diff: 0.2]
      [Ext Root Scanning (ms): Min: 2.1, Avg: 2.3, Max: 2.6, Diff: 0.5, Sum: 9.3]
      [Update RS (ms): Min: 5.4, Avg: 5.8, Max: 6.2, Diff: 0.8, Sum: 23.2]
         [Processed Buffers: Min: 1, Avg: 11.0, Max: 25, Diff: 24, Sum: 44]
      [Scan RS (ms): Min: 10.3, Avg: 10.7, Max: 11.2, Diff: 0.9, Sum: 42.8]
      [Code Root Scanning (ms): Min: 0.0, Avg: 0.1, Max: 0.2, Diff: 0.2, Sum: 0.2]
      [Object Copy (ms): Min: 15.8, Avg: 16.1, Max: 16.3, Diff: 0.5, Sum: 64.3]
      [Termination (ms): Min: 0.0, Avg: 0.0, Max: 0.0, Diff: 0.0, Sum: 0.0]
         [Termination Attempts: Min: 1, Avg: 1.0, Max: 1, Diff: 0, Sum: 4]
      [GC Worker Other (ms): Min: 0.0, Avg: 0.0, Max: 0.0, Diff: 0.0, Sum: 0.1]
      [GC Worker Total (ms): Min: 34.9, Avg: 35.0, Max: 35.1, Diff: 0.2, Sum: 139.9]
      [GC Worker End (ms): Min: 748343.6, Avg: 748343.6, Max: 748343.6, Diff: 0.0]
   [Code Root Fixup: 0.0 ms]
   [Code Root Purge: 0.0 ms]
   [Clear CT: 0.5 ms]
   [Other: 1.2 ms]
      [Choose CSet: 0.0 ms]
      [Ref Proc: 0.3 ms]
      [Ref Enq: 0.0 ms]
      [Redirty Cards: 0.3 ms]
      [Humongous Register: 0.1 ms]
      [Humongous Reclaim: 0.0 ms]
      [Free CSet: 0.1 ms]
   [Eden: 47104.0K(47104.0K)->0.0B(46080.0K) Survivors: 5120.0K->6144.0K Heap: 214.4M(1024.0M)->169.4M(1024.0M)]
 [Times: user=0.13 sys=0.00, real=0.04 secs] 
2021-04-19T15:39:10.725-0700: 792.153: [GC pause (G1 Evacuation Pause) (young), 0.0494278 secs]
   [Parallel Time: 45.0 ms, GC Workers: 4]
      [GC Worker Start (ms): Min: 792153.6, Avg: 792153.7, Max: 792153.8, Diff: 0.2]
      [Ext Root Scanning (ms): Min: 1.4, Avg: 1.7, Max: 2.4, Diff: 0.9, Sum: 6.7]
      [Update RS (ms): Min: 2.5, Avg: 3.0, Max: 3.4, Diff: 0.9, Sum: 12.1]
         [Processed Buffers: Min: 2, Avg: 9.0, Max: 27, Diff: 25, Sum: 36]
      [Scan RS (ms): Min: 6.0, Avg: 6.3, Max: 6.5, Diff: 0.5, Sum: 25.3]
      [Code Root Scanning (ms): Min: 0.0, Avg: 0.1, Max: 0.2, Diff: 0.2, Sum: 0.2]
      [Object Copy (ms): Min: 33.4, Avg: 33.7, Max: 33.8, Diff: 0.4, Sum: 134.7]
      [Termination (ms): Min: 0.0, Avg: 0.0, Max: 0.0, Diff: 0.0, Sum: 0.0]
         [Termination Attempts: Min: 1, Avg: 1.0, Max: 1, Diff: 0, Sum: 4]
      [GC Worker Other (ms): Min: 0.0, Avg: 0.0, Max: 0.0, Diff: 0.0, Sum: 0.1]
      [GC Worker Total (ms): Min: 44.7, Avg: 44.8, Max: 44.9, Diff: 0.1, Sum: 179.1]
      [GC Worker End (ms): Min: 792198.5, Avg: 792198.5, Max: 792198.5, Diff: 0.0]
   [Code Root Fixup: 0.0 ms]
   [Code Root Purge: 0.0 ms]
   [Clear CT: 0.6 ms]
   [Other: 3.8 ms]
      [Choose CSet: 0.0 ms]
      [Ref Proc: 2.9 ms]
      [Ref Enq: 0.0 ms]
      [Redirty Cards: 0.2 ms]
      [Humongous Register: 0.1 ms]
      [Humongous Reclaim: 0.0 ms]
      [Free CSet: 0.1 ms]
   [Eden: 46080.0K(46080.0K)->0.0B(46080.0K) Survivors: 6144.0K->6144.0K Heap: 214.4M(1024.0M)->171.7M(1024.0M)]
 [Times: user=0.18 sys=0.00, real=0.06 secs] 
2021-04-19T15:39:56.295-0700: 837.723: [GC pause (G1 Evacuation Pause) (young), 0.0358545 secs]
   [Parallel Time: 33.9 ms, GC Workers: 4]
      [GC Worker Start (ms): Min: 837723.8, Avg: 837723.8, Max: 837723.9, Diff: 0.1]
      [Ext Root Scanning (ms): Min: 1.2, Avg: 1.3, Max: 1.4, Diff: 0.3, Sum: 5.1]
      [Update RS (ms): Min: 2.4, Avg: 3.0, Max: 3.7, Diff: 1.3, Sum: 11.9]
         [Processed Buffers: Min: 2, Avg: 8.5, Max: 21, Diff: 19, Sum: 34]
      [Scan RS (ms): Min: 6.1, Avg: 6.8, Max: 7.2, Diff: 1.1, Sum: 27.3]
      [Code Root Scanning (ms): Min: 0.0, Avg: 0.1, Max: 0.2, Diff: 0.2, Sum: 0.3]
      [Object Copy (ms): Min: 22.4, Avg: 22.5, Max: 22.6, Diff: 0.3, Sum: 90.1]
      [Termination (ms): Min: 0.0, Avg: 0.0, Max: 0.0, Diff: 0.0, Sum: 0.0]
         [Termination Attempts: Min: 1, Avg: 1.0, Max: 1, Diff: 0, Sum: 4]
      [GC Worker Other (ms): Min: 0.0, Avg: 0.0, Max: 0.0, Diff: 0.0, Sum: 0.1]
      [GC Worker Total (ms): Min: 33.6, Avg: 33.7, Max: 33.7, Diff: 0.1, Sum: 134.7]
      [GC Worker End (ms): Min: 837757.5, Avg: 837757.5, Max: 837757.5, Diff: 0.0]
   [Code Root Fixup: 0.0 ms]
   [Code Root Purge: 0.0 ms]
   [Clear CT: 0.3 ms]
   [Other: 1.7 ms]
      [Choose CSet: 0.0 ms]
      [Ref Proc: 0.9 ms]
      [Ref Enq: 0.0 ms]
      [Redirty Cards: 0.2 ms]
      [Humongous Register: 0.1 ms]
      [Humongous Reclaim: 0.0 ms]
      [Free CSet: 0.1 ms]
   [Eden: 46080.0K(46080.0K)->0.0B(47104.0K) Survivors: 6144.0K->5120.0K Heap: 216.7M(1024.0M)->172.3M(1024.0M)]
 [Times: user=0.14 sys=0.00, real=0.04 secs] 
2021-04-19T15:40:47.556-0700: 888.984: [GC pause (G1 Evacuation Pause) (young), 0.0213434 secs]
   [Parallel Time: 19.1 ms, GC Workers: 4]
      [GC Worker Start (ms): Min: 888984.2, Avg: 888985.8, Max: 888990.4, Diff: 6.2]
      [Ext Root Scanning (ms): Min: 0.0, Avg: 1.0, Max: 1.5, Diff: 1.5, Sum: 4.0]
      [Update RS (ms): Min: 0.0, Avg: 2.4, Max: 3.3, Diff: 3.3, Sum: 9.8]
         [Processed Buffers: Min: 0, Avg: 8.5, Max: 17, Diff: 17, Sum: 34]
      [Scan RS (ms): Min: 3.2, Avg: 4.8, Max: 7.0, Diff: 3.7, Sum: 19.1]
      [Code Root Scanning (ms): Min: 0.0, Avg: 0.0, Max: 0.1, Diff: 0.1, Sum: 0.1]
      [Object Copy (ms): Min: 7.4, Avg: 9.2, Max: 10.0, Diff: 2.6, Sum: 36.9]
      [Termination (ms): Min: 0.0, Avg: 0.0, Max: 0.0, Diff: 0.0, Sum: 0.0]
         [Termination Attempts: Min: 1, Avg: 1.0, Max: 1, Diff: 0, Sum: 4]
      [GC Worker Other (ms): Min: 0.0, Avg: 0.0, Max: 0.0, Diff: 0.0, Sum: 0.0]
      [GC Worker Total (ms): Min: 12.9, Avg: 17.5, Max: 19.1, Diff: 6.2, Sum: 69.9]
      [GC Worker End (ms): Min: 889003.3, Avg: 889003.3, Max: 889003.3, Diff: 0.0]
   [Code Root Fixup: 0.0 ms]
   [Code Root Purge: 0.0 ms]
   [Clear CT: 0.3 ms]
   [Other: 1.9 ms]
      [Choose CSet: 0.0 ms]
      [Ref Proc: 1.0 ms]
      [Ref Enq: 0.0 ms]
      [Redirty Cards: 0.5 ms]
      [Humongous Register: 0.0 ms]
      [Humongous Reclaim: 0.0 ms]
      [Free CSet: 0.0 ms]
   [Eden: 47104.0K(47104.0K)->0.0B(46080.0K) Survivors: 5120.0K->6144.0K Heap: 218.3M(1024.0M)->173.8M(1024.0M)]
 [Times: user=0.07 sys=0.00, real=0.03 secs] 
2021-04-19T15:41:16.823-0700: 918.251: [GC pause (G1 Evacuation Pause) (young), 0.0489496 secs]
   [Parallel Time: 47.3 ms, GC Workers: 4]
      [GC Worker Start (ms): Min: 918251.7, Avg: 918251.9, Max: 918252.0, Diff: 0.2]
      [Ext Root Scanning (ms): Min: 1.7, Avg: 1.9, Max: 2.1, Diff: 0.4, Sum: 7.5]
      [Update RS (ms): Min: 4.5, Avg: 5.1, Max: 5.7, Diff: 1.2, Sum: 20.4]
         [Processed Buffers: Min: 2, Avg: 10.0, Max: 26, Diff: 24, Sum: 40]
      [Scan RS (ms): Min: 11.1, Avg: 11.9, Max: 12.8, Diff: 1.7, Sum: 47.7]
      [Code Root Scanning (ms): Min: 0.0, Avg: 0.1, Max: 0.2, Diff: 0.2, Sum: 0.4]
      [Object Copy (ms): Min: 27.2, Avg: 28.0, Max: 28.4, Diff: 1.2, Sum: 112.1]
      [Termination (ms): Min: 0.0, Avg: 0.0, Max: 0.0, Diff: 0.0, Sum: 0.0]
         [Termination Attempts: Min: 1, Avg: 1.0, Max: 1, Diff: 0, Sum: 4]
      [GC Worker Other (ms): Min: 0.0, Avg: 0.0, Max: 0.0, Diff: 0.0, Sum: 0.1]
      [GC Worker Total (ms): Min: 47.0, Avg: 47.1, Max: 47.2, Diff: 0.2, Sum: 188.3]
      [GC Worker End (ms): Min: 918298.9, Avg: 918298.9, Max: 918298.9, Diff: 0.0]
   [Code Root Fixup: 0.0 ms]
   [Code Root Purge: 0.0 ms]
   [Clear CT: 0.2 ms]
   [Other: 1.4 ms]
      [Choose CSet: 0.0 ms]
      [Ref Proc: 0.9 ms]
      [Ref Enq: 0.0 ms]
      [Redirty Cards: 0.1 ms]
      [Humongous Register: 0.1 ms]
      [Humongous Reclaim: 0.0 ms]
      [Free CSet: 0.0 ms]
   [Eden: 46080.0K(46080.0K)->0.0B(46080.0K) Survivors: 6144.0K->6144.0K Heap: 218.8M(1024.0M)->176.3M(1024.0M)]
 [Times: user=0.17 sys=0.01, real=0.06 secs] 
2021-04-19T15:41:52.578-0700: 954.006: [GC pause (G1 Evacuation Pause) (young), 0.0564774 secs]
   [Parallel Time: 52.6 ms, GC Workers: 4]
      [GC Worker Start (ms): Min: 954006.8, Avg: 954007.1, Max: 954007.9, Diff: 1.1]
      [Ext Root Scanning (ms): Min: 0.0, Avg: 0.6, Max: 0.9, Diff: 0.9, Sum: 2.6]
      [Update RS (ms): Min: 2.1, Avg: 4.3, Max: 6.3, Diff: 4.2, Sum: 17.1]
         [Processed Buffers: Min: 0, Avg: 9.5, Max: 25, Diff: 25, Sum: 38]
      [Scan RS (ms): Min: 1.6, Avg: 6.9, Max: 12.6, Diff: 11.1, Sum: 27.4]
      [Code Root Scanning (ms): Min: 0.0, Avg: 0.0, Max: 0.0, Diff: 0.0, Sum: 0.0]
      [Object Copy (ms): Min: 24.2, Avg: 30.3, Max: 36.2, Diff: 12.0, Sum: 121.3]
      [Termination (ms): Min: 0.0, Avg: 9.7, Max: 13.4, Diff: 13.4, Sum: 38.7]
         [Termination Attempts: Min: 1, Avg: 1.5, Max: 3, Diff: 2, Sum: 6]
      [GC Worker Other (ms): Min: 0.0, Avg: 0.0, Max: 0.0, Diff: 0.0, Sum: 0.1]
      [GC Worker Total (ms): Min: 50.9, Avg: 51.8, Max: 52.2, Diff: 1.3, Sum: 207.2]
      [GC Worker End (ms): Min: 954058.9, Avg: 954058.9, Max: 954059.2, Diff: 0.3]
   [Code Root Fixup: 0.0 ms]
   [Code Root Purge: 0.0 ms]
   [Clear CT: 0.2 ms]
   [Other: 3.7 ms]
      [Choose CSet: 0.0 ms]
      [Ref Proc: 2.3 ms]
      [Ref Enq: 0.0 ms]
      [Redirty Cards: 0.2 ms]
      [Humongous Register: 0.1 ms]
      [Humongous Reclaim: 0.1 ms]
      [Free CSet: 0.2 ms]
   [Eden: 46080.0K(46080.0K)->0.0B(47104.0K) Survivors: 6144.0K->5120.0K Heap: 221.3M(1024.0M)->178.8M(1024.0M)]
 [Times: user=0.08 sys=0.00, real=0.07 secs] 
2021-04-19T15:42:29.146-0700: 990.575: [GC pause (G1 Evacuation Pause) (young), 0.0322046 secs]
   [Parallel Time: 31.2 ms, GC Workers: 4]
      [GC Worker Start (ms): Min: 990574.9, Avg: 990576.8, Max: 990578.7, Diff: 3.8]
      [Ext Root Scanning (ms): Min: 0.0, Avg: 1.0, Max: 2.0, Diff: 2.0, Sum: 4.1]
      [Update RS (ms): Min: 1.9, Avg: 3.0, Max: 3.8, Diff: 1.9, Sum: 11.9]
         [Processed Buffers: Min: 1, Avg: 11.2, Max: 25, Diff: 24, Sum: 45]
      [Scan RS (ms): Min: 7.5, Avg: 8.3, Max: 8.5, Diff: 1.0, Sum: 33.0]
      [Code Root Scanning (ms): Min: 0.0, Avg: 0.0, Max: 0.1, Diff: 0.1, Sum: 0.2]
      [Object Copy (ms): Min: 16.8, Avg: 16.9, Max: 17.1, Diff: 0.3, Sum: 67.8]
      [Termination (ms): Min: 0.0, Avg: 0.0, Max: 0.0, Diff: 0.0, Sum: 0.0]
         [Termination Attempts: Min: 1, Avg: 1.0, Max: 1, Diff: 0, Sum: 4]
      [GC Worker Other (ms): Min: 0.0, Avg: 0.0, Max: 0.0, Diff: 0.0, Sum: 0.1]
      [GC Worker Total (ms): Min: 27.4, Avg: 29.2, Max: 31.1, Diff: 3.8, Sum: 117.0]
      [GC Worker End (ms): Min: 990606.0, Avg: 990606.0, Max: 990606.1, Diff: 0.0]
   [Code Root Fixup: 0.0 ms]
   [Code Root Purge: 0.0 ms]
   [Clear CT: 0.1 ms]
   [Other: 0.8 ms]
      [Choose CSet: 0.0 ms]
      [Ref Proc: 0.2 ms]
      [Ref Enq: 0.0 ms]
      [Redirty Cards: 0.1 ms]
      [Humongous Register: 0.1 ms]
      [Humongous Reclaim: 0.0 ms]
      [Free CSet: 0.1 ms]
   [Eden: 47104.0K(47104.0K)->0.0B(45056.0K) Survivors: 5120.0K->7168.0K Heap: 224.8M(1024.0M)->180.3M(1024.0M)]
 [Times: user=0.11 sys=0.01, real=0.04 secs] 
2021-04-19T15:42:56.374-0700: 1017.802: [GC pause (G1 Evacuation Pause) (young), 0.0472726 secs]
   [Parallel Time: 44.9 ms, GC Workers: 4]
      [GC Worker Start (ms): Min: 1017802.6, Avg: 1017803.3, Max: 1017804.4, Diff: 1.8]
      [Ext Root Scanning (ms): Min: 0.2, Avg: 1.2, Max: 1.8, Diff: 1.6, Sum: 4.9]
      [Update RS (ms): Min: 3.2, Avg: 3.3, Max: 3.6, Diff: 0.5, Sum: 13.3]
         [Processed Buffers: Min: 1, Avg: 10.0, Max: 33, Diff: 32, Sum: 40]
      [Scan RS (ms): Min: 6.8, Avg: 7.3, Max: 7.6, Diff: 0.7, Sum: 29.1]
      [Code Root Scanning (ms): Min: 0.0, Avg: 0.0, Max: 0.2, Diff: 0.2, Sum: 0.2]
      [Object Copy (ms): Min: 32.1, Avg: 32.2, Max: 32.4, Diff: 0.3, Sum: 128.7]
      [Termination (ms): Min: 0.0, Avg: 0.0, Max: 0.0, Diff: 0.0, Sum: 0.0]
         [Termination Attempts: Min: 1, Avg: 1.0, Max: 1, Diff: 0, Sum: 4]
      [GC Worker Other (ms): Min: 0.0, Avg: 0.0, Max: 0.0, Diff: 0.0, Sum: 0.1]
      [GC Worker Total (ms): Min: 42.9, Avg: 44.1, Max: 44.7, Diff: 1.8, Sum: 176.2]
      [GC Worker End (ms): Min: 1017847.3, Avg: 1017847.3, Max: 1017847.4, Diff: 0.0]
   [Code Root Fixup: 0.0 ms]
   [Code Root Purge: 0.0 ms]
   [Clear CT: 0.4 ms]
   [Other: 1.9 ms]
      [Choose CSet: 0.0 ms]
      [Ref Proc: 0.7 ms]
      [Ref Enq: 0.0 ms]
      [Redirty Cards: 0.3 ms]
      [Humongous Register: 0.1 ms]
      [Humongous Reclaim: 0.1 ms]
      [Free CSet: 0.2 ms]
   [Eden: 45056.0K(45056.0K)->0.0B(46080.0K) Survivors: 7168.0K->6144.0K Heap: 224.3M(1024.0M)->181.6M(1024.0M)]
 [Times: user=0.16 sys=0.01, real=0.05 secs] 
2021-04-19T15:43:40.410-0700: 1061.839: [GC pause (G1 Evacuation Pause) (young), 0.0238249 secs]
   [Parallel Time: 23.1 ms, GC Workers: 4]
      [GC Worker Start (ms): Min: 1061839.3, Avg: 1061839.4, Max: 1061839.4, Diff: 0.1]
      [Ext Root Scanning (ms): Min: 1.0, Avg: 1.0, Max: 1.1, Diff: 0.1, Sum: 4.1]
      [Update RS (ms): Min: 1.8, Avg: 2.1, Max: 2.4, Diff: 0.6, Sum: 8.4]
         [Processed Buffers: Min: 1, Avg: 11.0, Max: 25, Diff: 24, Sum: 44]
      [Scan RS (ms): Min: 4.3, Avg: 4.5, Max: 4.7, Diff: 0.5, Sum: 18.0]
      [Code Root Scanning (ms): Min: 0.0, Avg: 0.0, Max: 0.1, Diff: 0.1, Sum: 0.1]
      [Object Copy (ms): Min: 15.1, Avg: 15.2, Max: 15.4, Diff: 0.4, Sum: 60.9]
      [Termination (ms): Min: 0.0, Avg: 0.0, Max: 0.0, Diff: 0.0, Sum: 0.0]
         [Termination Attempts: Min: 1, Avg: 1.0, Max: 1, Diff: 0, Sum: 4]
      [GC Worker Other (ms): Min: 0.0, Avg: 0.0, Max: 0.0, Diff: 0.0, Sum: 0.1]
      [GC Worker Total (ms): Min: 22.9, Avg: 22.9, Max: 22.9, Diff: 0.1, Sum: 91.6]
      [GC Worker End (ms): Min: 1061862.3, Avg: 1061862.3, Max: 1061862.3, Diff: 0.0]
   [Code Root Fixup: 0.0 ms]
   [Code Root Purge: 0.0 ms]
   [Clear CT: 0.0 ms]
   [Other: 0.7 ms]
      [Choose CSet: 0.0 ms]
      [Ref Proc: 0.2 ms]
      [Ref Enq: 0.0 ms]
      [Redirty Cards: 0.1 ms]
      [Humongous Register: 0.1 ms]
      [Humongous Reclaim: 0.0 ms]
      [Free CSet: 0.0 ms]
   [Eden: 46080.0K(46080.0K)->0.0B(46080.0K) Survivors: 6144.0K->6144.0K Heap: 226.6M(1024.0M)->183.9M(1024.0M)]
 [Times: user=0.08 sys=0.00, real=0.02 secs] 
2021-04-19T15:44:24.603-0700: 1106.032: [GC pause (G1 Evacuation Pause) (young), 0.0436849 secs]
   [Parallel Time: 41.3 ms, GC Workers: 4]
      [GC Worker Start (ms): Min: 1106032.4, Avg: 1106033.7, Max: 1106036.6, Diff: 4.2]
      [Ext Root Scanning (ms): Min: 0.0, Avg: 1.8, Max: 2.9, Diff: 2.8, Sum: 7.2]
      [Update RS (ms): Min: 4.6, Avg: 5.8, Max: 7.4, Diff: 2.8, Sum: 23.3]
         [Processed Buffers: Min: 0, Avg: 10.2, Max: 17, Diff: 17, Sum: 41]
      [Scan RS (ms): Min: 6.1, Avg: 8.1, Max: 9.4, Diff: 3.4, Sum: 32.6]
      [Code Root Scanning (ms): Min: 0.0, Avg: 0.0, Max: 0.1, Diff: 0.1, Sum: 0.2]
      [Object Copy (ms): Min: 21.8, Avg: 23.2, Max: 24.0, Diff: 2.2, Sum: 92.7]
      [Termination (ms): Min: 0.0, Avg: 0.7, Max: 1.1, Diff: 1.1, Sum: 2.7]
         [Termination Attempts: Min: 1, Avg: 3.0, Max: 5, Diff: 4, Sum: 12]
      [GC Worker Other (ms): Min: 0.0, Avg: 0.0, Max: 0.0, Diff: 0.0, Sum: 0.1]
      [GC Worker Total (ms): Min: 36.7, Avg: 39.7, Max: 40.9, Diff: 4.2, Sum: 158.8]
      [GC Worker End (ms): Min: 1106073.3, Avg: 1106073.4, Max: 1106073.6, Diff: 0.3]
   [Code Root Fixup: 0.0 ms]
   [Code Root Purge: 0.0 ms]
   [Clear CT: 0.1 ms]
   [Other: 2.3 ms]
      [Choose CSet: 0.0 ms]
      [Ref Proc: 1.6 ms]
      [Ref Enq: 0.0 ms]
      [Redirty Cards: 0.1 ms]
      [Humongous Register: 0.1 ms]
      [Humongous Reclaim: 0.0 ms]
      [Free CSet: 0.1 ms]
   [Eden: 46080.0K(46080.0K)->0.0B(47104.0K) Survivors: 6144.0K->5120.0K Heap: 228.9M(1024.0M)->184.6M(1024.0M)]
 [Times: user=0.11 sys=0.00, real=0.04 secs] 
2021-04-19T15:45:14.879-0700: 1156.307: [GC pause (G1 Evacuation Pause) (young), 0.0604373 secs]
   [Parallel Time: 55.0 ms, GC Workers: 4]
      [GC Worker Start (ms): Min: 1156307.3, Avg: 1156307.4, Max: 1156307.5, Diff: 0.1]
      [Ext Root Scanning (ms): Min: 0.9, Avg: 1.0, Max: 1.2, Diff: 0.2, Sum: 4.0]
      [Update RS (ms): Min: 2.9, Avg: 3.1, Max: 3.5, Diff: 0.6, Sum: 12.3]
         [Processed Buffers: Min: 1, Avg: 11.0, Max: 35, Diff: 34, Sum: 44]
      [Scan RS (ms): Min: 8.1, Avg: 8.5, Max: 8.8, Diff: 0.8, Sum: 34.1]
      [Code Root Scanning (ms): Min: 0.0, Avg: 0.0, Max: 0.0, Diff: 0.0, Sum: 0.1]
      [Object Copy (ms): Min: 42.0, Avg: 42.1, Max: 42.2, Diff: 0.3, Sum: 168.4]
      [Termination (ms): Min: 0.0, Avg: 0.0, Max: 0.0, Diff: 0.0, Sum: 0.0]
         [Termination Attempts: Min: 1, Avg: 2.8, Max: 5, Diff: 4, Sum: 11]
      [GC Worker Other (ms): Min: 0.0, Avg: 0.0, Max: 0.1, Diff: 0.0, Sum: 0.2]
      [GC Worker Total (ms): Min: 54.7, Avg: 54.8, Max: 54.9, Diff: 0.1, Sum: 219.2]
      [GC Worker End (ms): Min: 1156362.2, Avg: 1156362.2, Max: 1156362.2, Diff: 0.0]
   [Code Root Fixup: 0.0 ms]
   [Code Root Purge: 0.0 ms]
   [Clear CT: 0.6 ms]
   [Other: 4.8 ms]
      [Choose CSet: 0.0 ms]
      [Ref Proc: 3.5 ms]
      [Ref Enq: 0.0 ms]
      [Redirty Cards: 0.5 ms]
      [Humongous Register: 0.0 ms]
      [Humongous Reclaim: 0.1 ms]
      [Free CSet: 0.2 ms]
   [Eden: 47104.0K(47104.0K)->0.0B(46080.0K) Survivors: 5120.0K->6144.0K Heap: 230.6M(1024.0M)->187.3M(1024.0M)]
 [Times: user=0.20 sys=0.00, real=0.06 secs] 
2021-04-19T15:46:05.297-0700: 1206.726: [GC pause (G1 Evacuation Pause) (young), 0.0549042 secs]
   [Parallel Time: 46.1 ms, GC Workers: 4]
      [GC Worker Start (ms): Min: 1206725.9, Avg: 1206726.0, Max: 1206726.1, Diff: 0.2]
      [Ext Root Scanning (ms): Min: 1.0, Avg: 1.7, Max: 3.3, Diff: 2.3, Sum: 6.7]
      [Update RS (ms): Min: 0.6, Avg: 3.2, Max: 6.1, Diff: 5.5, Sum: 13.0]
         [Processed Buffers: Min: 1, Avg: 8.8, Max: 17, Diff: 16, Sum: 35]
      [Scan RS (ms): Min: 2.0, Avg: 4.3, Max: 5.7, Diff: 3.7, Sum: 17.2]
      [Code Root Scanning (ms): Min: 0.0, Avg: 0.0, Max: 0.1, Diff: 0.1, Sum: 0.1]
      [Object Copy (ms): Min: 30.3, Avg: 32.2, Max: 35.4, Diff: 5.1, Sum: 128.8]
      [Termination (ms): Min: 0.0, Avg: 3.3, Max: 5.2, Diff: 5.2, Sum: 13.3]
         [Termination Attempts: Min: 1, Avg: 1.0, Max: 1, Diff: 0, Sum: 4]
      [GC Worker Other (ms): Min: 0.0, Avg: 0.0, Max: 0.0, Diff: 0.0, Sum: 0.1]
      [GC Worker Total (ms): Min: 44.7, Avg: 44.8, Max: 44.9, Diff: 0.2, Sum: 179.2]
      [GC Worker End (ms): Min: 1206770.7, Avg: 1206770.8, Max: 1206770.9, Diff: 0.2]
   [Code Root Fixup: 0.0 ms]
   [Code Root Purge: 0.0 ms]
   [Clear CT: 0.6 ms]
   [Other: 8.1 ms]
      [Choose CSet: 0.0 ms]
      [Ref Proc: 7.2 ms]
      [Ref Enq: 0.0 ms]
      [Redirty Cards: 0.2 ms]
      [Humongous Register: 0.1 ms]
      [Humongous Reclaim: 0.0 ms]
      [Free CSet: 0.1 ms]
   [Eden: 46080.0K(46080.0K)->0.0B(47104.0K) Survivors: 6144.0K->5120.0K Heap: 232.3M(1024.0M)->187.8M(1024.0M)]
 [Times: user=0.13 sys=0.01, real=0.06 secs] 
2021-04-19T15:46:56.803-0700: 1258.232: [GC pause (G1 Evacuation Pause) (young), 0.0432472 secs]
   [Parallel Time: 40.9 ms, GC Workers: 4]
      [GC Worker Start (ms): Min: 1258232.1, Avg: 1258232.2, Max: 1258232.4, Diff: 0.3]
      [Ext Root Scanning (ms): Min: 1.6, Avg: 1.9, Max: 2.1, Diff: 0.5, Sum: 7.6]
      [Update RS (ms): Min: 4.1, Avg: 4.9, Max: 5.8, Diff: 1.7, Sum: 19.4]
         [Processed Buffers: Min: 2, Avg: 10.0, Max: 21, Diff: 19, Sum: 40]
      [Scan RS (ms): Min: 7.2, Avg: 8.2, Max: 8.9, Diff: 1.7, Sum: 32.7]
      [Code Root Scanning (ms): Min: 0.0, Avg: 0.0, Max: 0.0, Diff: 0.0, Sum: 0.1]
      [Object Copy (ms): Min: 25.2, Avg: 25.7, Max: 25.9, Diff: 0.6, Sum: 102.8]
      [Termination (ms): Min: 0.0, Avg: 0.0, Max: 0.0, Diff: 0.0, Sum: 0.0]
         [Termination Attempts: Min: 1, Avg: 1.0, Max: 1, Diff: 0, Sum: 4]
      [GC Worker Other (ms): Min: 0.0, Avg: 0.0, Max: 0.0, Diff: 0.0, Sum: 0.1]
      [GC Worker Total (ms): Min: 40.5, Avg: 40.7, Max: 40.8, Diff: 0.3, Sum: 162.7]
      [GC Worker End (ms): Min: 1258272.9, Avg: 1258272.9, Max: 1258272.9, Diff: 0.0]
   [Code Root Fixup: 0.0 ms]
   [Code Root Purge: 0.0 ms]
   [Clear CT: 0.5 ms]
   [Other: 1.8 ms]
      [Choose CSet: 0.0 ms]
      [Ref Proc: 0.5 ms]
      [Ref Enq: 0.0 ms]
      [Redirty Cards: 0.6 ms]
      [Humongous Register: 0.1 ms]
      [Humongous Reclaim: 0.0 ms]
      [Free CSet: 0.1 ms]
   [Eden: 47104.0K(47104.0K)->0.0B(45056.0K) Survivors: 5120.0K->7168.0K Heap: 233.8M(1024.0M)->189.8M(1024.0M)]
 [Times: user=0.16 sys=0.00, real=0.04 secs] 
2021-04-19T15:47:46.151-0700: 1307.580: [GC pause (G1 Evacuation Pause) (young), 0.0501596 secs]
   [Parallel Time: 48.1 ms, GC Workers: 4]
      [GC Worker Start (ms): Min: 1307580.5, Avg: 1307580.6, Max: 1307580.7, Diff: 0.2]
      [Ext Root Scanning (ms): Min: 1.8, Avg: 1.9, Max: 2.1, Diff: 0.3, Sum: 7.7]
      [Update RS (ms): Min: 4.0, Avg: 4.3, Max: 4.6, Diff: 0.7, Sum: 17.2]
         [Processed Buffers: Min: 1, Avg: 9.5, Max: 32, Diff: 31, Sum: 38]
      [Scan RS (ms): Min: 6.2, Avg: 6.5, Max: 6.8, Diff: 0.6, Sum: 26.1]
      [Code Root Scanning (ms): Min: 0.0, Avg: 0.0, Max: 0.1, Diff: 0.1, Sum: 0.1]
      [Object Copy (ms): Min: 34.9, Avg: 35.1, Max: 35.2, Diff: 0.2, Sum: 140.4]
      [Termination (ms): Min: 0.0, Avg: 0.0, Max: 0.0, Diff: 0.0, Sum: 0.0]
         [Termination Attempts: Min: 1, Avg: 1.0, Max: 1, Diff: 0, Sum: 4]
      [GC Worker Other (ms): Min: 0.0, Avg: 0.0, Max: 0.0, Diff: 0.0, Sum: 0.1]
      [GC Worker Total (ms): Min: 47.8, Avg: 47.9, Max: 48.0, Diff: 0.2, Sum: 191.6]
      [GC Worker End (ms): Min: 1307628.5, Avg: 1307628.5, Max: 1307628.5, Diff: 0.0]
   [Code Root Fixup: 0.0 ms]
   [Code Root Purge: 0.0 ms]
   [Clear CT: 0.4 ms]
   [Other: 1.6 ms]
      [Choose CSet: 0.0 ms]
      [Ref Proc: 0.4 ms]
      [Ref Enq: 0.0 ms]
      [Redirty Cards: 0.4 ms]
      [Humongous Register: 0.1 ms]
      [Humongous Reclaim: 0.0 ms]
      [Free CSet: 0.1 ms]
   [Eden: 45056.0K(45056.0K)->0.0B(45056.0K) Survivors: 7168.0K->7168.0K Heap: 233.8M(1024.0M)->192.0M(1024.0M)]
 [Times: user=0.19 sys=0.00, real=0.05 secs] 
2021-04-19T15:48:50.681-0700: 1372.110: [GC pause (G1 Evacuation Pause) (young), 0.0207470 secs]
   [Parallel Time: 19.6 ms, GC Workers: 4]
      [GC Worker Start (ms): Min: 1372110.1, Avg: 1372110.2, Max: 1372110.2, Diff: 0.1]
      [Ext Root Scanning (ms): Min: 0.8, Avg: 0.8, Max: 1.0, Diff: 0.2, Sum: 3.3]
      [Update RS (ms): Min: 1.7, Avg: 2.1, Max: 2.4, Diff: 0.7, Sum: 8.4]
         [Processed Buffers: Min: 1, Avg: 10.5, Max: 29, Diff: 28, Sum: 42]
      [Scan RS (ms): Min: 3.6, Avg: 3.9, Max: 4.4, Diff: 0.8, Sum: 15.8]
      [Code Root Scanning (ms): Min: 0.0, Avg: 0.0, Max: 0.0, Diff: 0.0, Sum: 0.0]
      [Object Copy (ms): Min: 12.4, Avg: 12.5, Max: 12.6, Diff: 0.2, Sum: 50.0]
      [Termination (ms): Min: 0.0, Avg: 0.0, Max: 0.0, Diff: 0.0, Sum: 0.0]
         [Termination Attempts: Min: 1, Avg: 1.0, Max: 1, Diff: 0, Sum: 4]
      [GC Worker Other (ms): Min: 0.0, Avg: 0.0, Max: 0.0, Diff: 0.0, Sum: 0.1]
      [GC Worker Total (ms): Min: 19.4, Avg: 19.4, Max: 19.5, Diff: 0.1, Sum: 77.6]
      [GC Worker End (ms): Min: 1372129.6, Avg: 1372129.6, Max: 1372129.6, Diff: 0.0]
   [Code Root Fixup: 0.0 ms]
   [Code Root Purge: 0.0 ms]
   [Clear CT: 0.4 ms]
   [Other: 0.7 ms]
      [Choose CSet: 0.0 ms]
      [Ref Proc: 0.3 ms]
      [Ref Enq: 0.0 ms]
      [Redirty Cards: 0.1 ms]
      [Humongous Register: 0.0 ms]
      [Humongous Reclaim: 0.0 ms]
      [Free CSet: 0.0 ms]
   [Eden: 45056.0K(45056.0K)->0.0B(47104.0K) Survivors: 7168.0K->5120.0K Heap: 236.0M(1024.0M)->193.9M(1024.0M)]
 [Times: user=0.08 sys=0.01, real=0.02 secs] 
2021-04-19T15:49:42.315-0700: 1423.743: [GC pause (G1 Evacuation Pause) (young), 0.0222782 secs]
   [Parallel Time: 20.5 ms, GC Workers: 4]
      [GC Worker Start (ms): Min: 1423743.7, Avg: 1423745.6, Max: 1423749.2, Diff: 5.5]
      [Ext Root Scanning (ms): Min: 0.0, Avg: 0.4, Max: 1.3, Diff: 1.3, Sum: 1.7]
      [Update RS (ms): Min: 0.0, Avg: 1.8, Max: 3.3, Diff: 3.3, Sum: 7.2]
         [Processed Buffers: Min: 0, Avg: 9.0, Max: 25, Diff: 25, Sum: 36]
      [Scan RS (ms): Min: 0.8, Avg: 3.9, Max: 7.7, Diff: 6.9, Sum: 15.6]
      [Code Root Scanning (ms): Min: 0.0, Avg: 0.0, Max: 0.0, Diff: 0.0, Sum: 0.0]
      [Object Copy (ms): Min: 7.7, Avg: 10.8, Max: 12.3, Diff: 4.6, Sum: 43.2]
      [Termination (ms): Min: 0.0, Avg: 0.8, Max: 1.4, Diff: 1.4, Sum: 3.1]
         [Termination Attempts: Min: 1, Avg: 3.5, Max: 8, Diff: 7, Sum: 14]
      [GC Worker Other (ms): Min: 0.0, Avg: 0.0, Max: 0.0, Diff: 0.0, Sum: 0.1]
      [GC Worker Total (ms): Min: 14.5, Avg: 17.7, Max: 19.5, Diff: 5.0, Sum: 70.9]
      [GC Worker End (ms): Min: 1423763.2, Avg: 1423763.3, Max: 1423763.7, Diff: 0.5]
   [Code Root Fixup: 0.0 ms]
   [Code Root Purge: 0.0 ms]
   [Clear CT: 0.1 ms]
   [Other: 1.8 ms]
      [Choose CSet: 0.0 ms]
      [Ref Proc: 1.4 ms]
      [Ref Enq: 0.0 ms]
      [Redirty Cards: 0.1 ms]
      [Humongous Register: 0.0 ms]
      [Humongous Reclaim: 0.0 ms]
      [Free CSet: 0.0 ms]
   [Eden: 47104.0K(47104.0K)->0.0B(45056.0K) Survivors: 5120.0K->7168.0K Heap: 239.9M(1024.0M)->195.9M(1024.0M)]
 [Times: user=0.04 sys=0.00, real=0.02 secs] 
2021-04-19T15:50:31.797-0700: 1473.226: [GC pause (G1 Evacuation Pause) (young), 0.0660916 secs]
   [Parallel Time: 58.2 ms, GC Workers: 4]
      [GC Worker Start (ms): Min: 1473226.4, Avg: 1473228.2, Max: 1473229.9, Diff: 3.6]
      [Ext Root Scanning (ms): Min: 0.4, Avg: 1.9, Max: 3.6, Diff: 3.2, Sum: 7.7]
      [Update RS (ms): Min: 0.0, Avg: 3.1, Max: 4.3, Diff: 4.3, Sum: 12.4]
         [Processed Buffers: Min: 0, Avg: 8.8, Max: 22, Diff: 22, Sum: 35]
      [Scan RS (ms): Min: 3.4, Avg: 3.8, Max: 4.3, Diff: 0.8, Sum: 15.0]
      [Code Root Scanning (ms): Min: 0.0, Avg: 0.0, Max: 0.0, Diff: 0.0, Sum: 0.0]
      [Object Copy (ms): Min: 42.4, Avg: 44.7, Max: 47.6, Diff: 5.2, Sum: 178.8]
      [Termination (ms): Min: 0.0, Avg: 2.7, Max: 4.0, Diff: 3.9, Sum: 10.8]
         [Termination Attempts: Min: 1, Avg: 1.0, Max: 1, Diff: 0, Sum: 4]
      [GC Worker Other (ms): Min: 0.0, Avg: 0.0, Max: 0.0, Diff: 0.0, Sum: 0.1]
      [GC Worker Total (ms): Min: 54.4, Avg: 56.2, Max: 58.1, Diff: 3.7, Sum: 224.9]
      [GC Worker End (ms): Min: 1473284.3, Avg: 1473284.4, Max: 1473284.5, Diff: 0.1]
   [Code Root Fixup: 0.0 ms]
   [Code Root Purge: 0.0 ms]
   [Clear CT: 0.2 ms]
   [Other: 7.6 ms]
      [Choose CSet: 0.0 ms]
      [Ref Proc: 6.5 ms]
      [Ref Enq: 0.0 ms]
      [Redirty Cards: 0.2 ms]
      [Humongous Register: 0.1 ms]
      [Humongous Reclaim: 0.1 ms]
      [Free CSet: 0.1 ms]
   [Eden: 45056.0K(45056.0K)->0.0B(48128.0K) Survivors: 7168.0K->4096.0K Heap: 239.9M(1024.0M)->196.4M(1024.0M)]
 [Times: user=0.12 sys=0.00, real=0.08 secs] 
2021-04-19T15:51:24.956-0700: 1526.384: [GC pause (G1 Evacuation Pause) (young), 0.0563051 secs]
   [Parallel Time: 50.5 ms, GC Workers: 4]
      [GC Worker Start (ms): Min: 1526384.7, Avg: 1526385.2, Max: 1526386.7, Diff: 2.0]
      [Ext Root Scanning (ms): Min: 0.3, Avg: 1.6, Max: 2.3, Diff: 2.0, Sum: 6.4]
      [Update RS (ms): Min: 3.1, Avg: 3.9, Max: 4.6, Diff: 1.5, Sum: 15.7]
         [Processed Buffers: Min: 1, Avg: 9.0, Max: 32, Diff: 31, Sum: 36]
      [Scan RS (ms): Min: 2.8, Avg: 5.2, Max: 6.5, Diff: 3.6, Sum: 20.6]
      [Code Root Scanning (ms): Min: 0.0, Avg: 0.0, Max: 0.1, Diff: 0.1, Sum: 0.1]
      [Object Copy (ms): Min: 27.7, Avg: 31.5, Max: 36.4, Diff: 8.7, Sum: 125.9]
      [Termination (ms): Min: 0.0, Avg: 4.2, Max: 8.3, Diff: 8.3, Sum: 16.7]
         [Termination Attempts: Min: 1, Avg: 1.0, Max: 1, Diff: 0, Sum: 4]
      [GC Worker Other (ms): Min: 0.0, Avg: 0.0, Max: 0.0, Diff: 0.0, Sum: 0.1]
      [GC Worker Total (ms): Min: 45.4, Avg: 46.4, Max: 48.2, Diff: 2.9, Sum: 185.6]
      [GC Worker End (ms): Min: 1526430.7, Avg: 1526431.6, Max: 1526432.9, Diff: 2.2]
   [Code Root Fixup: 0.0 ms]
   [Code Root Purge: 0.0 ms]
   [Clear CT: 0.6 ms]
   [Other: 5.1 ms]
      [Choose CSet: 0.0 ms]
      [Ref Proc: 1.7 ms]
      [Ref Enq: 0.0 ms]
      [Redirty Cards: 2.1 ms]
      [Humongous Register: 0.1 ms]
      [Humongous Reclaim: 0.2 ms]
      [Free CSet: 0.2 ms]
   [Eden: 48128.0K(48128.0K)->0.0B(46080.0K) Survivors: 4096.0K->6144.0K Heap: 243.4M(1024.0M)->198.4M(1024.0M)]
 [Times: user=0.10 sys=0.00, real=0.06 secs] 
2021-04-19T15:52:15.458-0700: 1576.886: [GC pause (G1 Evacuation Pause) (young), 0.0352639 secs]
   [Parallel Time: 33.4 ms, GC Workers: 4]
      [GC Worker Start (ms): Min: 1576886.7, Avg: 1576886.7, Max: 1576886.8, Diff: 0.2]
      [Ext Root Scanning (ms): Min: 1.1, Avg: 1.2, Max: 1.4, Diff: 0.3, Sum: 4.9]
      [Update RS (ms): Min: 2.3, Avg: 2.5, Max: 2.8, Diff: 0.5, Sum: 10.1]
         [Processed Buffers: Min: 1, Avg: 8.5, Max: 27, Diff: 26, Sum: 34]
      [Scan RS (ms): Min: 2.9, Avg: 3.2, Max: 3.5, Diff: 0.7, Sum: 13.0]
      [Code Root Scanning (ms): Min: 0.0, Avg: 0.0, Max: 0.1, Diff: 0.1, Sum: 0.1]
      [Object Copy (ms): Min: 26.0, Avg: 26.2, Max: 26.3, Diff: 0.3, Sum: 104.8]
      [Termination (ms): Min: 0.0, Avg: 0.0, Max: 0.0, Diff: 0.0, Sum: 0.0]
         [Termination Attempts: Min: 1, Avg: 1.5, Max: 2, Diff: 1, Sum: 6]
      [GC Worker Other (ms): Min: 0.0, Avg: 0.0, Max: 0.0, Diff: 0.0, Sum: 0.1]
      [GC Worker Total (ms): Min: 33.1, Avg: 33.2, Max: 33.3, Diff: 0.2, Sum: 132.9]
      [GC Worker End (ms): Min: 1576920.0, Avg: 1576920.0, Max: 1576920.0, Diff: 0.0]
   [Code Root Fixup: 0.0 ms]
   [Code Root Purge: 0.0 ms]
   [Clear CT: 0.4 ms]
   [Other: 1.4 ms]
      [Choose CSet: 0.0 ms]
      [Ref Proc: 0.6 ms]
      [Ref Enq: 0.0 ms]
      [Redirty Cards: 0.4 ms]
      [Humongous Register: 0.0 ms]
      [Humongous Reclaim: 0.0 ms]
      [Free CSet: 0.1 ms]
   [Eden: 46080.0K(46080.0K)->0.0B(47104.0K) Survivors: 6144.0K->5120.0K Heap: 243.4M(1024.0M)->199.7M(1024.0M)]
 [Times: user=0.14 sys=0.00, real=0.04 secs] 
2021-04-19T15:53:07.121-0700: 1628.549: [GC pause (G1 Evacuation Pause) (young), 0.0132624 secs]
   [Parallel Time: 12.7 ms, GC Workers: 4]
      [GC Worker Start (ms): Min: 1628549.7, Avg: 1628549.8, Max: 1628549.9, Diff: 0.2]
      [Ext Root Scanning (ms): Min: 1.2, Avg: 1.3, Max: 1.4, Diff: 0.3, Sum: 5.2]
      [Update RS (ms): Min: 2.6, Avg: 2.9, Max: 3.2, Diff: 0.6, Sum: 11.6]
         [Processed Buffers: Min: 1, Avg: 8.5, Max: 18, Diff: 17, Sum: 34]
      [Scan RS (ms): Min: 1.1, Avg: 1.5, Max: 1.7, Diff: 0.6, Sum: 6.0]
      [Code Root Scanning (ms): Min: 0.0, Avg: 0.0, Max: 0.0, Diff: 0.0, Sum: 0.0]
      [Object Copy (ms): Min: 6.7, Avg: 6.8, Max: 6.8, Diff: 0.2, Sum: 27.1]
      [Termination (ms): Min: 0.0, Avg: 0.0, Max: 0.0, Diff: 0.0, Sum: 0.0]
         [Termination Attempts: Min: 1, Avg: 1.0, Max: 1, Diff: 0, Sum: 4]
      [GC Worker Other (ms): Min: 0.0, Avg: 0.0, Max: 0.0, Diff: 0.0, Sum: 0.1]
      [GC Worker Total (ms): Min: 12.4, Avg: 12.5, Max: 12.6, Diff: 0.2, Sum: 50.0]
      [GC Worker End (ms): Min: 1628562.3, Avg: 1628562.3, Max: 1628562.3, Diff: 0.0]
   [Code Root Fixup: 0.0 ms]
   [Code Root Purge: 0.0 ms]
   [Clear CT: 0.0 ms]
   [Other: 0.5 ms]
      [Choose CSet: 0.0 ms]
      [Ref Proc: 0.1 ms]
      [Ref Enq: 0.0 ms]
      [Redirty Cards: 0.0 ms]
      [Humongous Register: 0.1 ms]
      [Humongous Reclaim: 0.0 ms]
      [Free CSet: 0.0 ms]
   [Eden: 47104.0K(47104.0K)->0.0B(45056.0K) Survivors: 5120.0K->7168.0K Heap: 245.7M(1024.0M)->201.7M(1024.0M)]
 [Times: user=0.05 sys=0.00, real=0.02 secs] 
2021-04-19T15:53:56.401-0700: 1677.830: [GC pause (G1 Evacuation Pause) (young), 0.0303149 secs]
   [Parallel Time: 28.0 ms, GC Workers: 4]
      [GC Worker Start (ms): Min: 1677830.2, Avg: 1677831.2, Max: 1677834.0, Diff: 3.8]
      [Ext Root Scanning (ms): Min: 0.0, Avg: 2.2, Max: 3.1, Diff: 3.1, Sum: 8.6]
      [Update RS (ms): Min: 1.9, Avg: 2.5, Max: 2.9, Diff: 1.0, Sum: 9.8]
         [Processed Buffers: Min: 1, Avg: 8.5, Max: 26, Diff: 25, Sum: 34]
      [Scan RS (ms): Min: 3.7, Avg: 4.0, Max: 4.2, Diff: 0.6, Sum: 16.0]
      [Code Root Scanning (ms): Min: 0.0, Avg: 0.0, Max: 0.2, Diff: 0.2, Sum: 0.2]
      [Object Copy (ms): Min: 17.9, Avg: 18.2, Max: 18.6, Diff: 0.7, Sum: 72.8]
      [Termination (ms): Min: 0.0, Avg: 0.0, Max: 0.0, Diff: 0.0, Sum: 0.0]
         [Termination Attempts: Min: 1, Avg: 2.5, Max: 4, Diff: 3, Sum: 10]
      [GC Worker Other (ms): Min: 0.0, Avg: 0.0, Max: 0.0, Diff: 0.0, Sum: 0.1]
      [GC Worker Total (ms): Min: 24.1, Avg: 26.9, Max: 27.9, Diff: 3.8, Sum: 107.5]
      [GC Worker End (ms): Min: 1677858.1, Avg: 1677858.1, Max: 1677858.1, Diff: 0.0]
   [Code Root Fixup: 0.0 ms]
   [Code Root Purge: 0.0 ms]
   [Clear CT: 0.3 ms]
   [Other: 2.1 ms]
      [Choose CSet: 0.0 ms]
      [Ref Proc: 1.3 ms]
      [Ref Enq: 0.0 ms]
      [Redirty Cards: 0.1 ms]
      [Humongous Register: 0.1 ms]
      [Humongous Reclaim: 0.0 ms]
      [Free CSet: 0.0 ms]
   [Eden: 45056.0K(45056.0K)->0.0B(47104.0K) Survivors: 7168.0K->5120.0K Heap: 245.7M(1024.0M)->201.7M(1024.0M)]
 [Times: user=0.11 sys=0.00, real=0.04 secs] 
2021-04-19T15:54:48.103-0700: 1729.532: [GC pause (G1 Evacuation Pause) (young), 0.0288309 secs]
   [Parallel Time: 27.1 ms, GC Workers: 4]
      [GC Worker Start (ms): Min: 1729532.7, Avg: 1729533.0, Max: 1729533.3, Diff: 0.6]
      [Ext Root Scanning (ms): Min: 1.5, Avg: 1.8, Max: 2.2, Diff: 0.8, Sum: 7.4]
      [Update RS (ms): Min: 2.5, Avg: 3.3, Max: 3.7, Diff: 1.2, Sum: 13.2]
         [Processed Buffers: Min: 1, Avg: 8.5, Max: 26, Diff: 25, Sum: 34]
      [Scan RS (ms): Min: 3.5, Avg: 3.7, Max: 4.0, Diff: 0.5, Sum: 14.7]
      [Code Root Scanning (ms): Min: 0.0, Avg: 0.0, Max: 0.0, Diff: 0.0, Sum: 0.1]
      [Object Copy (ms): Min: 17.5, Avg: 17.8, Max: 18.6, Diff: 1.1, Sum: 71.4]
      [Termination (ms): Min: 0.0, Avg: 0.0, Max: 0.0, Diff: 0.0, Sum: 0.0]
         [Termination Attempts: Min: 1, Avg: 1.0, Max: 1, Diff: 0, Sum: 4]
      [GC Worker Other (ms): Min: 0.0, Avg: 0.0, Max: 0.0, Diff: 0.0, Sum: 0.1]
      [GC Worker Total (ms): Min: 26.4, Avg: 26.7, Max: 27.0, Diff: 0.6, Sum: 106.8]
      [GC Worker End (ms): Min: 1729559.7, Avg: 1729559.7, Max: 1729559.7, Diff: 0.0]
   [Code Root Fixup: 0.0 ms]
   [Code Root Purge: 0.0 ms]
   [Clear CT: 0.5 ms]
   [Other: 1.2 ms]
      [Choose CSet: 0.0 ms]
      [Ref Proc: 0.3 ms]
      [Ref Enq: 0.0 ms]
      [Redirty Cards: 0.1 ms]
      [Humongous Register: 0.1 ms]
      [Humongous Reclaim: 0.0 ms]
      [Free CSet: 0.0 ms]
   [Eden: 47104.0K(47104.0K)->0.0B(45056.0K) Survivors: 5120.0K->7168.0K Heap: 247.7M(1024.0M)->205.8M(1024.0M)]
 [Times: user=0.10 sys=0.00, real=0.04 secs] 
2021-04-19T15:55:37.536-0700: 1778.964: [GC pause (G1 Evacuation Pause) (young), 0.0269124 secs]
   [Parallel Time: 26.2 ms, GC Workers: 4]
      [GC Worker Start (ms): Min: 1778964.8, Avg: 1778964.9, Max: 1778965.1, Diff: 0.4]
      [Ext Root Scanning (ms): Min: 1.2, Avg: 1.4, Max: 1.6, Diff: 0.4, Sum: 5.6]
      [Update RS (ms): Min: 3.2, Avg: 3.3, Max: 3.5, Diff: 0.3, Sum: 13.2]
         [Processed Buffers: Min: 1, Avg: 8.5, Max: 26, Diff: 25, Sum: 34]
      [Scan RS (ms): Min: 3.8, Avg: 5.2, Max: 8.7, Diff: 4.8, Sum: 20.6]
      [Code Root Scanning (ms): Min: 0.0, Avg: 0.0, Max: 0.0, Diff: 0.0, Sum: 0.0]
      [Object Copy (ms): Min: 12.5, Avg: 15.9, Max: 17.2, Diff: 4.8, Sum: 63.7]
      [Termination (ms): Min: 0.0, Avg: 0.1, Max: 0.2, Diff: 0.2, Sum: 0.5]
         [Termination Attempts: Min: 1, Avg: 1.0, Max: 1, Diff: 0, Sum: 4]
      [GC Worker Other (ms): Min: 0.0, Avg: 0.0, Max: 0.0, Diff: 0.0, Sum: 0.1]
      [GC Worker Total (ms): Min: 25.8, Avg: 26.0, Max: 26.1, Diff: 0.3, Sum: 103.9]
      [GC Worker End (ms): Min: 1778990.8, Avg: 1778990.8, Max: 1778990.9, Diff: 0.1]
   [Code Root Fixup: 0.0 ms]
   [Code Root Purge: 0.0 ms]
   [Clear CT: 0.1 ms]
   [Other: 0.7 ms]
      [Choose CSet: 0.0 ms]
      [Ref Proc: 0.2 ms]
      [Ref Enq: 0.0 ms]
      [Redirty Cards: 0.1 ms]
      [Humongous Register: 0.1 ms]
      [Humongous Reclaim: 0.0 ms]
      [Free CSet: 0.0 ms]
   [Eden: 45056.0K(45056.0K)->0.0B(47104.0K) Survivors: 7168.0K->5120.0K Heap: 249.8M(1024.0M)->205.2M(1024.0M)]
 [Times: user=0.09 sys=0.00, real=0.03 secs] 
2021-04-19T15:56:29.224-0700: 1830.652: [GC pause (G1 Evacuation Pause) (young), 0.0135963 secs]
   [Parallel Time: 12.0 ms, GC Workers: 4]
      [GC Worker Start (ms): Min: 1830652.7, Avg: 1830652.8, Max: 1830652.9, Diff: 0.2]
      [Ext Root Scanning (ms): Min: 0.8, Avg: 1.0, Max: 1.1, Diff: 0.3, Sum: 3.8]
      [Update RS (ms): Min: 1.0, Avg: 1.2, Max: 1.3, Diff: 0.3, Sum: 4.7]
         [Processed Buffers: Min: 1, Avg: 9.0, Max: 30, Diff: 29, Sum: 36]
      [Scan RS (ms): Min: 1.5, Avg: 1.6, Max: 1.8, Diff: 0.3, Sum: 6.6]
      [Code Root Scanning (ms): Min: 0.0, Avg: 0.0, Max: 0.0, Diff: 0.0, Sum: 0.0]
      [Object Copy (ms): Min: 8.0, Avg: 8.1, Max: 8.2, Diff: 0.2, Sum: 32.4]
      [Termination (ms): Min: 0.0, Avg: 0.0, Max: 0.0, Diff: 0.0, Sum: 0.0]
         [Termination Attempts: Min: 1, Avg: 1.0, Max: 1, Diff: 0, Sum: 4]
      [GC Worker Other (ms): Min: 0.0, Avg: 0.0, Max: 0.0, Diff: 0.0, Sum: 0.0]
      [GC Worker Total (ms): Min: 11.7, Avg: 11.9, Max: 12.0, Diff: 0.2, Sum: 47.5]
      [GC Worker End (ms): Min: 1830664.7, Avg: 1830664.7, Max: 1830664.7, Diff: 0.0]
   [Code Root Fixup: 0.0 ms]
   [Code Root Purge: 0.0 ms]
   [Clear CT: 0.1 ms]
   [Other: 1.5 ms]
      [Choose CSet: 0.0 ms]
      [Ref Proc: 1.0 ms]
      [Ref Enq: 0.0 ms]
      [Redirty Cards: 0.1 ms]
      [Humongous Register: 0.1 ms]
      [Humongous Reclaim: 0.0 ms]
      [Free CSet: 0.0 ms]
   [Eden: 47104.0K(47104.0K)->0.0B(45056.0K) Survivors: 5120.0K->7168.0K Heap: 251.2M(1024.0M)->207.2M(1024.0M)]
 [Times: user=0.05 sys=0.00, real=0.01 secs] 
2021-04-19T15:57:18.530-0700: 1879.959: [GC pause (G1 Evacuation Pause) (young), 0.0157508 secs]
   [Parallel Time: 15.0 ms, GC Workers: 4]
      [GC Worker Start (ms): Min: 1879959.0, Avg: 1879959.2, Max: 1879959.9, Diff: 0.9]
      [Ext Root Scanning (ms): Min: 0.6, Avg: 1.2, Max: 1.5, Diff: 0.9, Sum: 4.7]
      [Update RS (ms): Min: 1.0, Avg: 1.1, Max: 1.2, Diff: 0.2, Sum: 4.2]
         [Processed Buffers: Min: 3, Avg: 8.5, Max: 15, Diff: 12, Sum: 34]
      [Scan RS (ms): Min: 1.4, Avg: 1.5, Max: 1.6, Diff: 0.2, Sum: 6.1]
      [Code Root Scanning (ms): Min: 0.0, Avg: 0.0, Max: 0.0, Diff: 0.0, Sum: 0.0]
      [Object Copy (ms): Min: 10.8, Avg: 10.9, Max: 11.0, Diff: 0.3, Sum: 43.6]
      [Termination (ms): Min: 0.0, Avg: 0.0, Max: 0.0, Diff: 0.0, Sum: 0.0]
         [Termination Attempts: Min: 1, Avg: 1.0, Max: 1, Diff: 0, Sum: 4]
      [GC Worker Other (ms): Min: 0.0, Avg: 0.0, Max: 0.0, Diff: 0.0, Sum: 0.1]
      [GC Worker Total (ms): Min: 14.0, Avg: 14.7, Max: 14.9, Diff: 0.9, Sum: 58.7]
      [GC Worker End (ms): Min: 1879973.9, Avg: 1879973.9, Max: 1879973.9, Diff: 0.0]
   [Code Root Fixup: 0.0 ms]
   [Code Root Purge: 0.0 ms]
   [Clear CT: 0.1 ms]
   [Other: 0.6 ms]
      [Choose CSet: 0.0 ms]
      [Ref Proc: 0.1 ms]
      [Ref Enq: 0.0 ms]
      [Redirty Cards: 0.1 ms]
      [Humongous Register: 0.1 ms]
      [Humongous Reclaim: 0.0 ms]
      [Free CSet: 0.0 ms]
   [Eden: 45056.0K(45056.0K)->0.0B(45056.0K) Survivors: 7168.0K->7168.0K Heap: 251.2M(1024.0M)->209.7M(1024.0M)]
 [Times: user=0.06 sys=0.00, real=0.01 secs] 
2021-04-19T15:58:07.832-0700: 1929.261: [GC pause (G1 Evacuation Pause) (young), 0.0155323 secs]
   [Parallel Time: 14.1 ms, GC Workers: 4]
      [GC Worker Start (ms): Min: 1929260.8, Avg: 1929260.9, Max: 1929261.0, Diff: 0.1]
      [Ext Root Scanning (ms): Min: 1.1, Avg: 1.2, Max: 1.4, Diff: 0.3, Sum: 4.8]
      [Update RS (ms): Min: 2.9, Avg: 3.1, Max: 3.4, Diff: 0.5, Sum: 12.5]
         [Processed Buffers: Min: 2, Avg: 9.0, Max: 20, Diff: 18, Sum: 36]
      [Scan RS (ms): Min: 1.4, Avg: 1.6, Max: 1.8, Diff: 0.5, Sum: 6.4]
      [Code Root Scanning (ms): Min: 0.0, Avg: 0.0, Max: 0.0, Diff: 0.0, Sum: 0.0]
      [Object Copy (ms): Min: 7.9, Avg: 8.0, Max: 8.1, Diff: 0.2, Sum: 32.1]
      [Termination (ms): Min: 0.0, Avg: 0.0, Max: 0.0, Diff: 0.0, Sum: 0.0]
         [Termination Attempts: Min: 1, Avg: 1.0, Max: 1, Diff: 0, Sum: 4]
      [GC Worker Other (ms): Min: 0.0, Avg: 0.0, Max: 0.0, Diff: 0.0, Sum: 0.1]
      [GC Worker Total (ms): Min: 13.9, Avg: 14.0, Max: 14.0, Diff: 0.1, Sum: 55.9]
      [GC Worker End (ms): Min: 1929274.9, Avg: 1929274.9, Max: 1929274.9, Diff: 0.0]
   [Code Root Fixup: 0.0 ms]
   [Code Root Purge: 0.0 ms]
   [Clear CT: 0.6 ms]
   [Other: 0.8 ms]
      [Choose CSet: 0.0 ms]
      [Ref Proc: 0.3 ms]
      [Ref Enq: 0.0 ms]
      [Redirty Cards: 0.2 ms]
      [Humongous Register: 0.0 ms]
      [Humongous Reclaim: 0.0 ms]
      [Free CSet: 0.0 ms]
   [Eden: 45056.0K(45056.0K)->0.0B(47104.0K) Survivors: 7168.0K->5120.0K Heap: 253.7M(1024.0M)->211.9M(1024.0M)]
 [Times: user=0.05 sys=0.00, real=0.01 secs] 
2021-04-19T15:58:59.407-0700: 1980.835: [GC pause (G1 Evacuation Pause) (young), 0.0134482 secs]
   [Parallel Time: 11.9 ms, GC Workers: 4]
      [GC Worker Start (ms): Min: 1980835.8, Avg: 1980835.8, Max: 1980835.9, Diff: 0.1]
      [Ext Root Scanning (ms): Min: 1.1, Avg: 1.2, Max: 1.3, Diff: 0.2, Sum: 4.8]
      [Update RS (ms): Min: 2.5, Avg: 2.5, Max: 2.5, Diff: 0.1, Sum: 10.0]
         [Processed Buffers: Min: 1, Avg: 8.8, Max: 30, Diff: 29, Sum: 35]
      [Scan RS (ms): Min: 1.4, Avg: 1.5, Max: 1.5, Diff: 0.1, Sum: 5.9]
      [Code Root Scanning (ms): Min: 0.0, Avg: 0.0, Max: 0.0, Diff: 0.0, Sum: 0.0]
      [Object Copy (ms): Min: 6.5, Avg: 6.5, Max: 6.6, Diff: 0.1, Sum: 26.2]
      [Termination (ms): Min: 0.0, Avg: 0.0, Max: 0.0, Diff: 0.0, Sum: 0.0]
         [Termination Attempts: Min: 1, Avg: 1.0, Max: 1, Diff: 0, Sum: 4]
      [GC Worker Other (ms): Min: 0.0, Avg: 0.0, Max: 0.0, Diff: 0.0, Sum: 0.1]
      [GC Worker Total (ms): Min: 11.7, Avg: 11.7, Max: 11.8, Diff: 0.1, Sum: 46.9]
      [GC Worker End (ms): Min: 1980847.6, Avg: 1980847.6, Max: 1980847.6, Diff: 0.0]
   [Code Root Fixup: 0.0 ms]
   [Code Root Purge: 0.0 ms]
   [Clear CT: 0.3 ms]
   [Other: 1.3 ms]
      [Choose CSet: 0.0 ms]
      [Ref Proc: 0.3 ms]
      [Ref Enq: 0.0 ms]
      [Redirty Cards: 0.5 ms]
      [Humongous Register: 0.1 ms]
      [Humongous Reclaim: 0.0 ms]
      [Free CSet: 0.0 ms]
   [Eden: 47104.0K(47104.0K)->0.0B(45056.0K) Survivors: 5120.0K->7168.0K Heap: 257.9M(1024.0M)->213.9M(1024.0M)]
 [Times: user=0.05 sys=0.00, real=0.02 secs] 
2021-04-19T15:59:48.729-0700: 2030.158: [GC pause (G1 Evacuation Pause) (young), 0.0114699 secs]
   [Parallel Time: 10.9 ms, GC Workers: 4]
      [GC Worker Start (ms): Min: 2030157.8, Avg: 2030157.9, Max: 2030157.9, Diff: 0.1]
      [Ext Root Scanning (ms): Min: 0.9, Avg: 1.0, Max: 1.1, Diff: 0.2, Sum: 3.9]
      [Update RS (ms): Min: 0.7, Avg: 0.7, Max: 0.8, Diff: 0.2, Sum: 2.9]
         [Processed Buffers: Min: 1, Avg: 8.2, Max: 28, Diff: 27, Sum: 33]
      [Scan RS (ms): Min: 1.2, Avg: 1.3, Max: 1.3, Diff: 0.2, Sum: 5.2]
      [Code Root Scanning (ms): Min: 0.0, Avg: 0.0, Max: 0.0, Diff: 0.0, Sum: 0.0]
      [Object Copy (ms): Min: 7.7, Avg: 7.7, Max: 7.8, Diff: 0.1, Sum: 30.9]
      [Termination (ms): Min: 0.0, Avg: 0.0, Max: 0.0, Diff: 0.0, Sum: 0.0]
         [Termination Attempts: Min: 1, Avg: 1.0, Max: 1, Diff: 0, Sum: 4]
      [GC Worker Other (ms): Min: 0.0, Avg: 0.0, Max: 0.0, Diff: 0.0, Sum: 0.1]
      [GC Worker Total (ms): Min: 10.7, Avg: 10.7, Max: 10.8, Diff: 0.1, Sum: 42.9]
      [GC Worker End (ms): Min: 2030168.6, Avg: 2030168.6, Max: 2030168.6, Diff: 0.0]
   [Code Root Fixup: 0.0 ms]
   [Code Root Purge: 0.0 ms]
   [Clear CT: 0.1 ms]
   [Other: 0.5 ms]
      [Choose CSet: 0.0 ms]
      [Ref Proc: 0.1 ms]
      [Ref Enq: 0.0 ms]
      [Redirty Cards: 0.1 ms]
      [Humongous Register: 0.0 ms]
      [Humongous Reclaim: 0.0 ms]
      [Free CSet: 0.0 ms]
   [Eden: 45056.0K(45056.0K)->0.0B(95232.0K) Survivors: 7168.0K->5120.0K Heap: 257.9M(1024.0M)->214.6M(1024.0M)]
 [Times: user=0.04 sys=0.00, real=0.02 secs] 
2021-04-19T16:01:33.107-0700: 2134.536: [GC pause (G1 Evacuation Pause) (young), 0.0167817 secs]
   [Parallel Time: 15.5 ms, GC Workers: 4]
      [GC Worker Start (ms): Min: 2134536.0, Avg: 2134536.1, Max: 2134536.2, Diff: 0.2]
      [Ext Root Scanning (ms): Min: 1.1, Avg: 1.2, Max: 1.4, Diff: 0.3, Sum: 4.9]
      [Update RS (ms): Min: 2.8, Avg: 3.1, Max: 3.4, Diff: 0.5, Sum: 12.5]
         [Processed Buffers: Min: 1, Avg: 9.2, Max: 29, Diff: 28, Sum: 37]
      [Scan RS (ms): Min: 1.9, Avg: 2.3, Max: 2.5, Diff: 0.6, Sum: 9.0]
      [Code Root Scanning (ms): Min: 0.0, Avg: 0.0, Max: 0.0, Diff: 0.0, Sum: 0.0]
      [Object Copy (ms): Min: 8.6, Avg: 8.7, Max: 8.8, Diff: 0.2, Sum: 34.8]
      [Termination (ms): Min: 0.0, Avg: 0.0, Max: 0.0, Diff: 0.0, Sum: 0.0]
         [Termination Attempts: Min: 1, Avg: 1.0, Max: 1, Diff: 0, Sum: 4]
      [GC Worker Other (ms): Min: 0.0, Avg: 0.0, Max: 0.0, Diff: 0.0, Sum: 0.1]
      [GC Worker Total (ms): Min: 15.2, Avg: 15.3, Max: 15.4, Diff: 0.2, Sum: 61.3]
      [GC Worker End (ms): Min: 2134551.4, Avg: 2134551.4, Max: 2134551.4, Diff: 0.0]
   [Code Root Fixup: 0.0 ms]
   [Code Root Purge: 0.0 ms]
   [Clear CT: 0.1 ms]
   [Other: 1.2 ms]
      [Choose CSet: 0.0 ms]
      [Ref Proc: 0.2 ms]
      [Ref Enq: 0.0 ms]
      [Redirty Cards: 0.5 ms]
      [Humongous Register: 0.0 ms]
      [Humongous Reclaim: 0.0 ms]
      [Free CSet: 0.0 ms]
   [Eden: 95232.0K(95232.0K)->0.0B(80896.0K) Survivors: 5120.0K->7168.0K Heap: 307.6M(1024.0M)->216.6M(1024.0M)]
 [Times: user=0.06 sys=0.00, real=0.02 secs] 
2021-04-19T16:03:01.887-0700: 2223.315: [GC pause (G1 Evacuation Pause) (young), 0.0156006 secs]
   [Parallel Time: 14.8 ms, GC Workers: 4]
      [GC Worker Start (ms): Min: 2223315.4, Avg: 2223315.5, Max: 2223315.6, Diff: 0.2]
      [Ext Root Scanning (ms): Min: 1.1, Avg: 1.2, Max: 1.4, Diff: 0.2, Sum: 4.9]
      [Update RS (ms): Min: 1.5, Avg: 1.6, Max: 1.8, Diff: 0.4, Sum: 6.3]
         [Processed Buffers: Min: 2, Avg: 8.8, Max: 26, Diff: 24, Sum: 35]
      [Scan RS (ms): Min: 1.6, Avg: 1.9, Max: 2.0, Diff: 0.4, Sum: 7.5]
      [Code Root Scanning (ms): Min: 0.0, Avg: 0.0, Max: 0.0, Diff: 0.0, Sum: 0.0]
      [Object Copy (ms): Min: 9.9, Avg: 10.0, Max: 10.1, Diff: 0.2, Sum: 40.0]
      [Termination (ms): Min: 0.0, Avg: 0.0, Max: 0.0, Diff: 0.0, Sum: 0.0]
         [Termination Attempts: Min: 1, Avg: 1.0, Max: 1, Diff: 0, Sum: 4]
      [GC Worker Other (ms): Min: 0.0, Avg: 0.0, Max: 0.0, Diff: 0.0, Sum: 0.1]
      [GC Worker Total (ms): Min: 14.6, Avg: 14.7, Max: 14.8, Diff: 0.2, Sum: 58.7]
      [GC Worker End (ms): Min: 2223330.2, Avg: 2223330.2, Max: 2223330.2, Diff: 0.0]
   [Code Root Fixup: 0.0 ms]
   [Code Root Purge: 0.0 ms]
   [Clear CT: 0.0 ms]
   [Other: 0.7 ms]
      [Choose CSet: 0.0 ms]
      [Ref Proc: 0.3 ms]
      [Ref Enq: 0.0 ms]
      [Redirty Cards: 0.1 ms]
      [Humongous Register: 0.0 ms]
      [Humongous Reclaim: 0.0 ms]
      [Free CSet: 0.0 ms]
   [Eden: 80896.0K(80896.0K)->0.0B(90112.0K) Survivors: 7168.0K->9216.0K Heap: 295.6M(1024.0M)->218.6M(1024.0M)]
 [Times: user=0.06 sys=0.00, real=0.02 secs] 
2021-04-19T16:04:40.403-0700: 2321.831: [GC pause (G1 Evacuation Pause) (young), 0.0194386 secs]
   [Parallel Time: 18.5 ms, GC Workers: 4]
      [GC Worker Start (ms): Min: 2321831.7, Avg: 2321831.8, Max: 2321832.0, Diff: 0.3]
      [Ext Root Scanning (ms): Min: 1.0, Avg: 1.2, Max: 1.4, Diff: 0.4, Sum: 4.8]
      [Update RS (ms): Min: 2.1, Avg: 2.2, Max: 2.4, Diff: 0.3, Sum: 8.9]
         [Processed Buffers: Min: 5, Avg: 8.8, Max: 14, Diff: 9, Sum: 35]
      [Scan RS (ms): Min: 0.9, Avg: 1.2, Max: 1.3, Diff: 0.3, Sum: 4.6]
      [Code Root Scanning (ms): Min: 0.0, Avg: 0.0, Max: 0.0, Diff: 0.0, Sum: 0.0]
      [Object Copy (ms): Min: 13.6, Avg: 13.7, Max: 13.8, Diff: 0.2, Sum: 54.8]
      [Termination (ms): Min: 0.0, Avg: 0.0, Max: 0.0, Diff: 0.0, Sum: 0.0]
         [Termination Attempts: Min: 1, Avg: 1.0, Max: 1, Diff: 0, Sum: 4]
      [GC Worker Other (ms): Min: 0.0, Avg: 0.0, Max: 0.0, Diff: 0.0, Sum: 0.1]
      [GC Worker Total (ms): Min: 18.1, Avg: 18.3, Max: 18.4, Diff: 0.3, Sum: 73.2]
      [GC Worker End (ms): Min: 2321850.1, Avg: 2321850.1, Max: 2321850.1, Diff: 0.0]
   [Code Root Fixup: 0.0 ms]
   [Code Root Purge: 0.0 ms]
   [Clear CT: 0.1 ms]
   [Other: 0.8 ms]
      [Choose CSet: 0.0 ms]
      [Ref Proc: 0.3 ms]
      [Ref Enq: 0.0 ms]
      [Redirty Cards: 0.1 ms]
      [Humongous Register: 0.1 ms]
      [Humongous Reclaim: 0.0 ms]
      [Free CSet: 0.0 ms]
   [Eden: 90112.0K(90112.0K)->0.0B(68608.0K) Survivors: 9216.0K->9216.0K Heap: 306.6M(1024.0M)->220.4M(1024.0M)]
 [Times: user=0.07 sys=0.00, real=0.02 secs] 
2021-04-19T16:05:55.515-0700: 2396.944: [GC pause (G1 Evacuation Pause) (young), 0.0214644 secs]
   [Parallel Time: 20.0 ms, GC Workers: 4]
      [GC Worker Start (ms): Min: 2396944.2, Avg: 2396944.5, Max: 2396945.2, Diff: 1.0]
      [Ext Root Scanning (ms): Min: 0.6, Avg: 1.2, Max: 1.6, Diff: 1.0, Sum: 4.9]
      [Update RS (ms): Min: 2.2, Avg: 2.3, Max: 2.6, Diff: 0.4, Sum: 9.2]
         [Processed Buffers: Min: 4, Avg: 8.2, Max: 12, Diff: 8, Sum: 33]
      [Scan RS (ms): Min: 1.7, Avg: 1.9, Max: 2.1, Diff: 0.4, Sum: 7.8]
      [Code Root Scanning (ms): Min: 0.0, Avg: 0.0, Max: 0.0, Diff: 0.0, Sum: 0.0]
      [Object Copy (ms): Min: 14.0, Avg: 14.1, Max: 14.2, Diff: 0.2, Sum: 56.5]
      [Termination (ms): Min: 0.0, Avg: 0.0, Max: 0.0, Diff: 0.0, Sum: 0.0]
         [Termination Attempts: Min: 1, Avg: 1.0, Max: 1, Diff: 0, Sum: 4]
      [GC Worker Other (ms): Min: 0.0, Avg: 0.0, Max: 0.0, Diff: 0.0, Sum: 0.1]
      [GC Worker Total (ms): Min: 19.0, Avg: 19.6, Max: 20.0, Diff: 1.0, Sum: 78.4]
      [GC Worker End (ms): Min: 2396964.1, Avg: 2396964.1, Max: 2396964.1, Diff: 0.0]
   [Code Root Fixup: 0.0 ms]
   [Code Root Purge: 0.0 ms]
   [Clear CT: 0.5 ms]
   [Other: 0.9 ms]
      [Choose CSet: 0.0 ms]
      [Ref Proc: 0.1 ms]
      [Ref Enq: 0.0 ms]
      [Redirty Cards: 0.4 ms]
      [Humongous Register: 0.0 ms]
      [Humongous Reclaim: 0.0 ms]
      [Free CSet: 0.0 ms]
   [Eden: 68608.0K(68608.0K)->0.0B(44032.0K) Survivors: 9216.0K->8192.0K Heap: 287.4M(1024.0M)->223.7M(1024.0M)]
 [Times: user=0.08 sys=0.00, real=0.02 secs] 
2021-04-19T16:06:43.685-0700: 2445.113: [GC pause (G1 Evacuation Pause) (young), 0.0181038 secs]
   [Parallel Time: 17.3 ms, GC Workers: 4]
      [GC Worker Start (ms): Min: 2445113.5, Avg: 2445113.5, Max: 2445113.6, Diff: 0.2]
      [Ext Root Scanning (ms): Min: 1.1, Avg: 1.2, Max: 1.4, Diff: 0.3, Sum: 5.0]
      [Update RS (ms): Min: 2.5, Avg: 2.6, Max: 2.8, Diff: 0.4, Sum: 10.3]
         [Processed Buffers: Min: 7, Avg: 9.2, Max: 12, Diff: 5, Sum: 37]
      [Scan RS (ms): Min: 1.6, Avg: 1.8, Max: 2.0, Diff: 0.4, Sum: 7.4]
      [Code Root Scanning (ms): Min: 0.0, Avg: 0.0, Max: 0.0, Diff: 0.0, Sum: 0.0]
      [Object Copy (ms): Min: 11.4, Avg: 11.5, Max: 11.5, Diff: 0.1, Sum: 45.9]
      [Termination (ms): Min: 0.0, Avg: 0.0, Max: 0.0, Diff: 0.0, Sum: 0.0]
         [Termination Attempts: Min: 1, Avg: 1.0, Max: 1, Diff: 0, Sum: 4]
      [GC Worker Other (ms): Min: 0.0, Avg: 0.0, Max: 0.0, Diff: 0.0, Sum: 0.1]
      [GC Worker Total (ms): Min: 17.1, Avg: 17.1, Max: 17.2, Diff: 0.2, Sum: 68.6]
      [GC Worker End (ms): Min: 2445130.7, Avg: 2445130.7, Max: 2445130.7, Diff: 0.0]
   [Code Root Fixup: 0.0 ms]
   [Code Root Purge: 0.0 ms]
   [Clear CT: 0.1 ms]
   [Other: 0.7 ms]
      [Choose CSet: 0.0 ms]
      [Ref Proc: 0.2 ms]
      [Ref Enq: 0.0 ms]
      [Redirty Cards: 0.1 ms]
      [Humongous Register: 0.0 ms]
      [Humongous Reclaim: 0.0 ms]
      [Free CSet: 0.0 ms]
   [Eden: 44032.0K(44032.0K)->0.0B(108.0M) Survivors: 8192.0K->5120.0K Heap: 266.7M(1024.0M)->226.0M(1024.0M)]
 [Times: user=0.07 sys=0.00, real=0.02 secs] 
2021-04-19T16:08:44.884-0700: 2566.312: [GC pause (G1 Evacuation Pause) (young), 0.0163469 secs]
   [Parallel Time: 14.5 ms, GC Workers: 4]
      [GC Worker Start (ms): Min: 2566312.6, Avg: 2566312.9, Max: 2566313.7, Diff: 1.1]
      [Ext Root Scanning (ms): Min: 0.5, Avg: 1.2, Max: 1.6, Diff: 1.1, Sum: 5.0]
      [Update RS (ms): Min: 1.0, Avg: 1.1, Max: 1.2, Diff: 0.2, Sum: 4.3]
         [Processed Buffers: Min: 1, Avg: 8.8, Max: 29, Diff: 28, Sum: 35]
      [Scan RS (ms): Min: 1.1, Avg: 1.3, Max: 1.5, Diff: 0.4, Sum: 5.3]
      [Code Root Scanning (ms): Min: 0.0, Avg: 0.0, Max: 0.0, Diff: 0.0, Sum: 0.0]
      [Object Copy (ms): Min: 10.1, Avg: 10.4, Max: 10.7, Diff: 0.5, Sum: 41.8]
      [Termination (ms): Min: 0.0, Avg: 0.0, Max: 0.0, Diff: 0.0, Sum: 0.0]
         [Termination Attempts: Min: 1, Avg: 1.0, Max: 1, Diff: 0, Sum: 4]
      [GC Worker Other (ms): Min: 0.0, Avg: 0.0, Max: 0.1, Diff: 0.0, Sum: 0.1]
      [GC Worker Total (ms): Min: 13.3, Avg: 14.1, Max: 14.4, Diff: 1.1, Sum: 56.4]
      [GC Worker End (ms): Min: 2566327.0, Avg: 2566327.0, Max: 2566327.0, Diff: 0.0]
   [Code Root Fixup: 0.0 ms]
   [Code Root Purge: 0.0 ms]
   [Clear CT: 0.5 ms]
   [Other: 1.3 ms]
      [Choose CSet: 0.0 ms]
      [Ref Proc: 0.3 ms]
      [Ref Enq: 0.0 ms]
      [Redirty Cards: 0.5 ms]
      [Humongous Register: 0.1 ms]
      [Humongous Reclaim: 0.0 ms]
      [Free CSet: 0.1 ms]
   [Eden: 108.0M(108.0M)->0.0B(67584.0K) Survivors: 5120.0K->9216.0K Heap: 334.0M(1024.0M)->230.0M(1024.0M)]
 [Times: user=0.06 sys=0.00, real=0.02 secs] 
2021-04-19T16:09:58.935-0700: 2640.363: [GC pause (G1 Evacuation Pause) (young), 0.0166588 secs]
   [Parallel Time: 15.6 ms, GC Workers: 4]
      [GC Worker Start (ms): Min: 2640363.6, Avg: 2640363.8, Max: 2640364.3, Diff: 0.7]
      [Ext Root Scanning (ms): Min: 0.7, Avg: 1.2, Max: 1.5, Diff: 0.8, Sum: 4.9]
      [Update RS (ms): Min: 0.6, Avg: 0.7, Max: 0.8, Diff: 0.2, Sum: 2.7]
         [Processed Buffers: Min: 1, Avg: 8.5, Max: 15, Diff: 14, Sum: 34]
      [Scan RS (ms): Min: 1.1, Avg: 1.2, Max: 1.3, Diff: 0.2, Sum: 4.9]
      [Code Root Scanning (ms): Min: 0.0, Avg: 0.0, Max: 0.0, Diff: 0.0, Sum: 0.0]
      [Object Copy (ms): Min: 12.0, Avg: 12.1, Max: 12.2, Diff: 0.2, Sum: 48.5]
      [Termination (ms): Min: 0.0, Avg: 0.0, Max: 0.0, Diff: 0.0, Sum: 0.0]
         [Termination Attempts: Min: 1, Avg: 1.0, Max: 1, Diff: 0, Sum: 4]
      [GC Worker Other (ms): Min: 0.0, Avg: 0.0, Max: 0.0, Diff: 0.0, Sum: 0.1]
      [GC Worker Total (ms): Min: 14.7, Avg: 15.3, Max: 15.5, Diff: 0.7, Sum: 61.1]
      [GC Worker End (ms): Min: 2640379.0, Avg: 2640379.0, Max: 2640379.0, Diff: 0.0]
   [Code Root Fixup: 0.0 ms]
   [Code Root Purge: 0.0 ms]
   [Clear CT: 0.4 ms]
   [Other: 0.7 ms]
      [Choose CSet: 0.0 ms]
      [Ref Proc: 0.2 ms]
      [Ref Enq: 0.0 ms]
      [Redirty Cards: 0.1 ms]
      [Humongous Register: 0.1 ms]
      [Humongous Reclaim: 0.0 ms]
      [Free CSet: 0.0 ms]
   [Eden: 67584.0K(67584.0K)->0.0B(91136.0K) Survivors: 9216.0K->9216.0K Heap: 296.0M(1024.0M)->232.0M(1024.0M)]
 [Times: user=0.07 sys=0.00, real=0.02 secs] 
2021-04-19T16:11:38.559-0700: 2739.987: [GC pause (G1 Evacuation Pause) (young), 0.0474172 secs]
   [Parallel Time: 45.1 ms, GC Workers: 4]
      [GC Worker Start (ms): Min: 2739987.6, Avg: 2739987.8, Max: 2739988.4, Diff: 0.8]
      [Ext Root Scanning (ms): Min: 0.6, Avg: 1.2, Max: 1.5, Diff: 0.9, Sum: 4.9]
      [Update RS (ms): Min: 1.5, Avg: 1.7, Max: 1.9, Diff: 0.4, Sum: 6.7]
         [Processed Buffers: Min: 1, Avg: 9.2, Max: 21, Diff: 20, Sum: 37]
      [Scan RS (ms): Min: 4.5, Avg: 4.5, Max: 4.6, Diff: 0.1, Sum: 18.1]
      [Code Root Scanning (ms): Min: 0.0, Avg: 0.0, Max: 0.0, Diff: 0.0, Sum: 0.0]
      [Object Copy (ms): Min: 37.0, Avg: 37.2, Max: 37.3, Diff: 0.3, Sum: 148.9]
      [Termination (ms): Min: 0.0, Avg: 0.0, Max: 0.0, Diff: 0.0, Sum: 0.0]
         [Termination Attempts: Min: 1, Avg: 1.0, Max: 1, Diff: 0, Sum: 4]
      [GC Worker Other (ms): Min: 0.0, Avg: 0.0, Max: 0.0, Diff: 0.0, Sum: 0.1]
      [GC Worker Total (ms): Min: 44.1, Avg: 44.7, Max: 44.9, Diff: 0.8, Sum: 178.8]
      [GC Worker End (ms): Min: 2740032.5, Avg: 2740032.5, Max: 2740032.5, Diff: 0.0]
   [Code Root Fixup: 0.0 ms]
   [Code Root Purge: 0.0 ms]
   [Clear CT: 0.6 ms]
   [Other: 1.7 ms]
      [Choose CSet: 0.0 ms]
      [Ref Proc: 0.5 ms]
      [Ref Enq: 0.0 ms]
      [Redirty Cards: 0.5 ms]
      [Humongous Register: 0.1 ms]
      [Humongous Reclaim: 0.0 ms]
      [Free CSet: 0.1 ms]
   [Eden: 91136.0K(91136.0K)->0.0B(43008.0K) Survivors: 9216.0K->9216.0K Heap: 321.0M(1024.0M)->233.9M(1024.0M)]
 [Times: user=0.18 sys=0.00, real=0.05 secs] 
2021-04-19T16:12:25.914-0700: 2787.343: [GC pause (G1 Evacuation Pause) (young), 0.0178360 secs]
   [Parallel Time: 16.8 ms, GC Workers: 4]
      [GC Worker Start (ms): Min: 2787343.1, Avg: 2787343.1, Max: 2787343.2, Diff: 0.1]
      [Ext Root Scanning (ms): Min: 1.2, Avg: 1.3, Max: 1.4, Diff: 0.2, Sum: 5.0]
      [Update RS (ms): Min: 0.9, Avg: 1.0, Max: 1.1, Diff: 0.2, Sum: 3.9]
         [Processed Buffers: Min: 1, Avg: 8.8, Max: 21, Diff: 20, Sum: 35]
      [Scan RS (ms): Min: 1.3, Avg: 1.3, Max: 1.4, Diff: 0.1, Sum: 5.3]
      [Code Root Scanning (ms): Min: 0.0, Avg: 0.0, Max: 0.0, Diff: 0.0, Sum: 0.0]
      [Object Copy (ms): Min: 13.0, Avg: 13.1, Max: 13.2, Diff: 0.2, Sum: 52.5]
      [Termination (ms): Min: 0.0, Avg: 0.0, Max: 0.0, Diff: 0.0, Sum: 0.0]
         [Termination Attempts: Min: 1, Avg: 1.0, Max: 1, Diff: 0, Sum: 4]
      [GC Worker Other (ms): Min: 0.0, Avg: 0.0, Max: 0.0, Diff: 0.0, Sum: 0.1]
      [GC Worker Total (ms): Min: 16.6, Avg: 16.7, Max: 16.8, Diff: 0.1, Sum: 66.8]
      [GC Worker End (ms): Min: 2787359.8, Avg: 2787359.8, Max: 2787359.8, Diff: 0.0]
   [Code Root Fixup: 0.0 ms]
   [Code Root Purge: 0.0 ms]
   [Clear CT: 0.1 ms]
   [Other: 0.9 ms]
      [Choose CSet: 0.0 ms]
      [Ref Proc: 0.5 ms]
      [Ref Enq: 0.0 ms]
      [Redirty Cards: 0.1 ms]
      [Humongous Register: 0.0 ms]
      [Humongous Reclaim: 0.0 ms]
      [Free CSet: 0.0 ms]
   [Eden: 43008.0K(43008.0K)->0.0B(46080.0K) Survivors: 9216.0K->6144.0K Heap: 275.9M(1024.0M)->236.9M(1024.0M)]
 [Times: user=0.07 sys=0.00, real=0.02 secs] 
2021-04-19T16:13:16.306-0700: 2837.734: [GC pause (G1 Evacuation Pause) (young), 0.0141300 secs]
   [Parallel Time: 12.5 ms, GC Workers: 4]
      [GC Worker Start (ms): Min: 2837734.8, Avg: 2837735.0, Max: 2837735.5, Diff: 0.7]
      [Ext Root Scanning (ms): Min: 0.7, Avg: 1.2, Max: 1.5, Diff: 0.8, Sum: 4.8]
      [Update RS (ms): Min: 1.5, Avg: 1.6, Max: 1.7, Diff: 0.1, Sum: 6.3]
         [Processed Buffers: Min: 8, Avg: 9.5, Max: 13, Diff: 5, Sum: 38]
      [Scan RS (ms): Min: 1.4, Avg: 1.5, Max: 1.5, Diff: 0.1, Sum: 5.8]
      [Code Root Scanning (ms): Min: 0.0, Avg: 0.0, Max: 0.0, Diff: 0.0, Sum: 0.0]
      [Object Copy (ms): Min: 7.8, Avg: 7.9, Max: 8.0, Diff: 0.1, Sum: 31.6]
      [Termination (ms): Min: 0.0, Avg: 0.0, Max: 0.0, Diff: 0.0, Sum: 0.0]
         [Termination Attempts: Min: 1, Avg: 1.0, Max: 1, Diff: 0, Sum: 4]
      [GC Worker Other (ms): Min: 0.0, Avg: 0.0, Max: 0.0, Diff: 0.0, Sum: 0.0]
      [GC Worker Total (ms): Min: 11.6, Avg: 12.2, Max: 12.4, Diff: 0.7, Sum: 48.6]
      [GC Worker End (ms): Min: 2837747.2, Avg: 2837747.2, Max: 2837747.2, Diff: 0.0]
   [Code Root Fixup: 0.0 ms]
   [Code Root Purge: 0.0 ms]
   [Clear CT: 0.5 ms]
   [Other: 1.1 ms]
      [Choose CSet: 0.0 ms]
      [Ref Proc: 0.3 ms]
      [Ref Enq: 0.0 ms]
      [Redirty Cards: 0.3 ms]
      [Humongous Register: 0.1 ms]
      [Humongous Reclaim: 0.0 ms]
      [Free CSet: 0.0 ms]
   [Eden: 46080.0K(46080.0K)->0.0B(47104.0K) Survivors: 6144.0K->5120.0K Heap: 281.9M(1024.0M)->239.0M(1024.0M)]
 [Times: user=0.05 sys=0.00, real=0.02 secs] 
2021-04-19T18:04:15.233-0700: 2897.755: [GC pause (G1 Evacuation Pause) (young), 0.0129037 secs]
   [Parallel Time: 11.6 ms, GC Workers: 4]
      [GC Worker Start (ms): Min: 2897754.9, Avg: 2897755.0, Max: 2897755.0, Diff: 0.1]
      [Ext Root Scanning (ms): Min: 0.4, Avg: 0.5, Max: 0.6, Diff: 0.2, Sum: 1.9]
      [Update RS (ms): Min: 1.0, Avg: 1.2, Max: 1.3, Diff: 0.3, Sum: 4.6]
         [Processed Buffers: Min: 2, Avg: 10.0, Max: 20, Diff: 18, Sum: 40]
      [Scan RS (ms): Min: 0.8, Avg: 1.0, Max: 1.2, Diff: 0.4, Sum: 4.0]
      [Code Root Scanning (ms): Min: 0.0, Avg: 0.0, Max: 0.0, Diff: 0.0, Sum: 0.0]
      [Object Copy (ms): Min: 8.6, Avg: 8.7, Max: 8.8, Diff: 0.3, Sum: 34.9]
      [Termination (ms): Min: 0.0, Avg: 0.0, Max: 0.0, Diff: 0.0, Sum: 0.0]
         [Termination Attempts: Min: 1, Avg: 1.0, Max: 1, Diff: 0, Sum: 4]
      [GC Worker Other (ms): Min: 0.0, Avg: 0.0, Max: 0.0, Diff: 0.0, Sum: 0.1]
      [GC Worker Total (ms): Min: 11.4, Avg: 11.4, Max: 11.4, Diff: 0.1, Sum: 45.6]
      [GC Worker End (ms): Min: 2897766.4, Avg: 2897766.4, Max: 2897766.4, Diff: 0.0]
   [Code Root Fixup: 0.0 ms]
   [Code Root Purge: 0.0 ms]
   [Clear CT: 0.5 ms]
   [Other: 0.8 ms]
      [Choose CSet: 0.0 ms]
      [Ref Proc: 0.2 ms]
      [Ref Enq: 0.0 ms]
      [Redirty Cards: 0.1 ms]
      [Humongous Register: 0.1 ms]
      [Humongous Reclaim: 0.0 ms]
      [Free CSet: 0.0 ms]
   [Eden: 47104.0K(47104.0K)->0.0B(45056.0K) Survivors: 5120.0K->7168.0K Heap: 285.0M(1024.0M)->241.0M(1024.0M)]
 [Times: user=0.04 sys=0.00, real=0.02 secs] 
2021-04-19T18:05:03.109-0700: 2944.469: [GC pause (G1 Evacuation Pause) (young), 0.0660254 secs]
   [Parallel Time: 58.7 ms, GC Workers: 4]
      [GC Worker Start (ms): Min: 2944473.2, Avg: 2944473.4, Max: 2944473.6, Diff: 0.4]
      [Ext Root Scanning (ms): Min: 1.7, Avg: 2.4, Max: 3.7, Diff: 2.0, Sum: 9.6]
      [Update RS (ms): Min: 2.9, Avg: 4.2, Max: 4.7, Diff: 1.8, Sum: 16.7]
         [Processed Buffers: Min: 2, Avg: 10.2, Max: 20, Diff: 18, Sum: 41]
      [Scan RS (ms): Min: 2.7, Avg: 3.0, Max: 3.2, Diff: 0.5, Sum: 11.8]
      [Code Root Scanning (ms): Min: 0.0, Avg: 0.0, Max: 0.1, Diff: 0.1, Sum: 0.1]
      [Object Copy (ms): Min: 48.7, Avg: 48.8, Max: 49.0, Diff: 0.3, Sum: 195.2]
      [Termination (ms): Min: 0.0, Avg: 0.0, Max: 0.0, Diff: 0.0, Sum: 0.0]
         [Termination Attempts: Min: 1, Avg: 1.0, Max: 1, Diff: 0, Sum: 4]
      [GC Worker Other (ms): Min: 0.0, Avg: 0.0, Max: 0.1, Diff: 0.0, Sum: 0.2]
      [GC Worker Total (ms): Min: 58.2, Avg: 58.4, Max: 58.6, Diff: 0.4, Sum: 233.6]
      [GC Worker End (ms): Min: 2944531.8, Avg: 2944531.8, Max: 2944531.8, Diff: 0.0]
   [Code Root Fixup: 0.0 ms]
   [Code Root Purge: 0.0 ms]
   [Clear CT: 0.5 ms]
   [Other: 6.8 ms]
      [Choose CSet: 0.0 ms]
      [Ref Proc: 1.4 ms]
      [Ref Enq: 0.0 ms]
      [Redirty Cards: 0.2 ms]
      [Humongous Register: 0.6 ms]
      [Humongous Reclaim: 0.1 ms]
      [Free CSet: 0.3 ms]
   [Eden: 45056.0K(45056.0K)->0.0B(46080.0K) Survivors: 7168.0K->6144.0K Heap: 285.0M(1024.0M)->243.0M(1024.0M)]
 [Times: user=0.19 sys=0.00, real=0.06 secs] 
2021-04-19T18:05:52.971-0700: 2994.331: [GC pause (G1 Evacuation Pause) (young), 0.0553285 secs]
   [Parallel Time: 53.0 ms, GC Workers: 4]
      [GC Worker Start (ms): Min: 2994331.3, Avg: 2994331.8, Max: 2994333.2, Diff: 1.9]
      [Ext Root Scanning (ms): Min: 0.0, Avg: 3.5, Max: 10.9, Diff: 10.9, Sum: 14.2]
      [Update RS (ms): Min: 0.0, Avg: 1.3, Max: 1.9, Diff: 1.9, Sum: 5.2]
         [Processed Buffers: Min: 0, Avg: 9.8, Max: 14, Diff: 14, Sum: 39]
      [Scan RS (ms): Min: 0.0, Avg: 2.4, Max: 3.7, Diff: 3.7, Sum: 9.7]
      [Code Root Scanning (ms): Min: 0.0, Avg: 1.2, Max: 4.7, Diff: 4.7, Sum: 4.7]
      [Object Copy (ms): Min: 22.2, Avg: 28.8, Max: 41.2, Diff: 19.0, Sum: 115.2]
      [Termination (ms): Min: 0.0, Avg: 14.5, Max: 19.5, Diff: 19.5, Sum: 57.8]
         [Termination Attempts: Min: 1, Avg: 1.2, Max: 2, Diff: 1, Sum: 5]
      [GC Worker Other (ms): Min: 0.0, Avg: 0.0, Max: 0.1, Diff: 0.1, Sum: 0.2]
      [GC Worker Total (ms): Min: 50.4, Avg: 51.8, Max: 52.3, Diff: 1.9, Sum: 207.0]
      [GC Worker End (ms): Min: 2994383.5, Avg: 2994383.6, Max: 2994383.6, Diff: 0.1]
   [Code Root Fixup: 0.0 ms]
   [Code Root Purge: 0.0 ms]
   [Clear CT: 0.1 ms]
   [Other: 2.2 ms]
      [Choose CSet: 0.0 ms]
      [Ref Proc: 1.6 ms]
      [Ref Enq: 0.0 ms]
      [Redirty Cards: 0.1 ms]
      [Humongous Register: 0.1 ms]
      [Humongous Reclaim: 0.0 ms]
      [Free CSet: 0.0 ms]
   [Eden: 46080.0K(46080.0K)->0.0B(48128.0K) Survivors: 6144.0K->4096.0K Heap: 288.0M(1024.0M)->246.4M(1024.0M)]
 [Times: user=0.11 sys=0.01, real=0.06 secs] 
2021-04-19T18:06:45.183-0700: 3046.543: [GC pause (G1 Evacuation Pause) (young), 0.0241966 secs]
   [Parallel Time: 22.9 ms, GC Workers: 4]
      [GC Worker Start (ms): Min: 3046543.3, Avg: 3046543.4, Max: 3046543.5, Diff: 0.1]
      [Ext Root Scanning (ms): Min: 1.1, Avg: 1.2, Max: 1.4, Diff: 0.2, Sum: 4.8]
      [Update RS (ms): Min: 4.5, Avg: 4.7, Max: 4.9, Diff: 0.4, Sum: 18.7]
         [Processed Buffers: Min: 6, Avg: 11.2, Max: 17, Diff: 11, Sum: 45]
      [Scan RS (ms): Min: 2.5, Avg: 2.8, Max: 3.0, Diff: 0.5, Sum: 11.3]
      [Code Root Scanning (ms): Min: 0.0, Avg: 0.0, Max: 0.0, Diff: 0.0, Sum: 0.0]
      [Object Copy (ms): Min: 13.9, Avg: 14.0, Max: 14.2, Diff: 0.2, Sum: 56.1]
      [Termination (ms): Min: 0.0, Avg: 0.0, Max: 0.0, Diff: 0.0, Sum: 0.0]
         [Termination Attempts: Min: 1, Avg: 1.0, Max: 1, Diff: 0, Sum: 4]
      [GC Worker Other (ms): Min: 0.0, Avg: 0.0, Max: 0.0, Diff: 0.0, Sum: 0.1]
      [GC Worker Total (ms): Min: 22.7, Avg: 22.7, Max: 22.8, Diff: 0.1, Sum: 91.0]
      [GC Worker End (ms): Min: 3046566.1, Avg: 3046566.1, Max: 3046566.1, Diff: 0.0]
   [Code Root Fixup: 0.0 ms]
   [Code Root Purge: 0.0 ms]
   [Clear CT: 0.2 ms]
   [Other: 1.1 ms]
      [Choose CSet: 0.0 ms]
      [Ref Proc: 0.3 ms]
      [Ref Enq: 0.0 ms]
      [Redirty Cards: 0.1 ms]
      [Humongous Register: 0.1 ms]
      [Humongous Reclaim: 0.0 ms]
      [Free CSet: 0.1 ms]
   [Eden: 48128.0K(48128.0K)->0.0B(47104.0K) Survivors: 4096.0K->5120.0K Heap: 293.4M(1024.0M)->247.4M(1024.0M)]
 [Times: user=0.10 sys=0.00, real=0.03 secs] 
2021-04-19T18:07:36.564-0700: 3097.925: [GC pause (G1 Evacuation Pause) (young), 0.0335745 secs]
   [Parallel Time: 31.1 ms, GC Workers: 4]
      [GC Worker Start (ms): Min: 3097924.8, Avg: 3097924.9, Max: 3097924.9, Diff: 0.2]
      [Ext Root Scanning (ms): Min: 1.3, Avg: 1.4, Max: 1.5, Diff: 0.3, Sum: 5.5]
      [Update RS (ms): Min: 2.3, Avg: 2.4, Max: 2.7, Diff: 0.4, Sum: 9.7]
         [Processed Buffers: Min: 5, Avg: 10.0, Max: 14, Diff: 9, Sum: 40]
      [Scan RS (ms): Min: 2.0, Avg: 2.2, Max: 2.4, Diff: 0.4, Sum: 9.0]
      [Code Root Scanning (ms): Min: 0.0, Avg: 0.0, Max: 0.0, Diff: 0.0, Sum: 0.0]
      [Object Copy (ms): Min: 24.7, Avg: 24.8, Max: 24.9, Diff: 0.1, Sum: 99.1]
      [Termination (ms): Min: 0.0, Avg: 0.0, Max: 0.0, Diff: 0.0, Sum: 0.0]
         [Termination Attempts: Min: 1, Avg: 1.0, Max: 1, Diff: 0, Sum: 4]
      [GC Worker Other (ms): Min: 0.0, Avg: 0.0, Max: 0.0, Diff: 0.0, Sum: 0.1]
      [GC Worker Total (ms): Min: 30.8, Avg: 30.9, Max: 31.0, Diff: 0.2, Sum: 123.5]
      [GC Worker End (ms): Min: 3097955.7, Avg: 3097955.7, Max: 3097955.7, Diff: 0.0]
   [Code Root Fixup: 0.0 ms]
   [Code Root Purge: 0.0 ms]
   [Clear CT: 0.6 ms]
   [Other: 1.8 ms]
      [Choose CSet: 0.0 ms]
      [Ref Proc: 0.6 ms]
      [Ref Enq: 0.0 ms]
      [Redirty Cards: 0.7 ms]
      [Humongous Register: 0.1 ms]
      [Humongous Reclaim: 0.0 ms]
      [Free CSet: 0.1 ms]
   [Eden: 47104.0K(47104.0K)->0.0B(45056.0K) Survivors: 5120.0K->7168.0K Heap: 293.4M(1024.0M)->249.4M(1024.0M)]
 [Times: user=0.12 sys=0.00, real=0.03 secs] 
2021-04-19T18:08:26.012-0700: 3147.372: [GC pause (G1 Evacuation Pause) (young), 0.0461946 secs]
   [Parallel Time: 43.5 ms, GC Workers: 4]
      [GC Worker Start (ms): Min: 3147372.7, Avg: 3147373.5, Max: 3147375.5, Diff: 2.9]
      [Ext Root Scanning (ms): Min: 0.0, Avg: 1.9, Max: 2.7, Diff: 2.7, Sum: 7.7]
      [Update RS (ms): Min: 2.8, Avg: 3.3, Max: 3.8, Diff: 1.0, Sum: 13.1]
         [Processed Buffers: Min: 1, Avg: 10.0, Max: 19, Diff: 18, Sum: 40]
      [Scan RS (ms): Min: 3.6, Avg: 4.3, Max: 4.7, Diff: 1.1, Sum: 17.1]
      [Code Root Scanning (ms): Min: 0.0, Avg: 0.0, Max: 0.1, Diff: 0.1, Sum: 0.1]
      [Object Copy (ms): Min: 32.0, Avg: 33.0, Max: 33.5, Diff: 1.4, Sum: 132.1]
      [Termination (ms): Min: 0.0, Avg: 0.0, Max: 0.0, Diff: 0.0, Sum: 0.0]
         [Termination Attempts: Min: 1, Avg: 1.0, Max: 1, Diff: 0, Sum: 4]
      [GC Worker Other (ms): Min: 0.0, Avg: 0.0, Max: 0.0, Diff: 0.0, Sum: 0.1]
      [GC Worker Total (ms): Min: 40.5, Avg: 42.5, Max: 43.3, Diff: 2.9, Sum: 170.1]
      [GC Worker End (ms): Min: 3147416.0, Avg: 3147416.0, Max: 3147416.0, Diff: 0.0]
   [Code Root Fixup: 0.0 ms]
   [Code Root Purge: 0.0 ms]
   [Clear CT: 0.1 ms]
   [Other: 2.6 ms]
      [Choose CSet: 0.0 ms]
      [Ref Proc: 1.9 ms]
      [Ref Enq: 0.0 ms]
      [Redirty Cards: 0.1 ms]
      [Humongous Register: 0.1 ms]
      [Humongous Reclaim: 0.0 ms]
      [Free CSet: 0.0 ms]
   [Eden: 45056.0K(45056.0K)->0.0B(45056.0K) Survivors: 7168.0K->7168.0K Heap: 293.4M(1024.0M)->251.4M(1024.0M)]
 [Times: user=0.15 sys=0.00, real=0.05 secs] 
2021-04-19T18:09:15.229-0700: 3196.590: [GC pause (G1 Evacuation Pause) (young), 0.0367806 secs]
   [Parallel Time: 33.9 ms, GC Workers: 4]
      [GC Worker Start (ms): Min: 3196590.0, Avg: 3196590.1, Max: 3196590.1, Diff: 0.1]
      [Ext Root Scanning (ms): Min: 1.3, Avg: 1.4, Max: 1.6, Diff: 0.3, Sum: 5.8]
      [Update RS (ms): Min: 1.9, Avg: 2.1, Max: 2.3, Diff: 0.3, Sum: 8.3]
         [Processed Buffers: Min: 2, Avg: 9.5, Max: 18, Diff: 16, Sum: 38]
      [Scan RS (ms): Min: 3.3, Avg: 3.4, Max: 3.5, Diff: 0.2, Sum: 13.7]
      [Code Root Scanning (ms): Min: 0.0, Avg: 0.0, Max: 0.0, Diff: 0.0, Sum: 0.1]
      [Object Copy (ms): Min: 26.7, Avg: 26.8, Max: 26.9, Diff: 0.2, Sum: 107.1]
      [Termination (ms): Min: 0.0, Avg: 0.0, Max: 0.0, Diff: 0.0, Sum: 0.0]
         [Termination Attempts: Min: 1, Avg: 1.0, Max: 1, Diff: 0, Sum: 4]
      [GC Worker Other (ms): Min: 0.0, Avg: 0.0, Max: 0.0, Diff: 0.0, Sum: 0.1]
      [GC Worker Total (ms): Min: 33.7, Avg: 33.8, Max: 33.8, Diff: 0.1, Sum: 135.0]
      [GC Worker End (ms): Min: 3196623.8, Avg: 3196623.8, Max: 3196623.8, Diff: 0.0]
   [Code Root Fixup: 0.0 ms]
   [Code Root Purge: 0.0 ms]
   [Clear CT: 0.8 ms]
   [Other: 2.0 ms]
      [Choose CSet: 0.0 ms]
      [Ref Proc: 1.1 ms]
      [Ref Enq: 0.0 ms]
      [Redirty Cards: 0.4 ms]
      [Humongous Register: 0.1 ms]
      [Humongous Reclaim: 0.0 ms]
      [Free CSet: 0.1 ms]
   [Eden: 45056.0K(45056.0K)->0.0B(47104.0K) Survivors: 7168.0K->5120.0K Heap: 295.4M(1024.0M)->254.2M(1024.0M)]
 [Times: user=0.14 sys=0.00, real=0.04 secs] 
2021-04-19T18:10:07.138-0700: 3248.498: [GC pause (G1 Evacuation Pause) (young), 0.0312828 secs]
   [Parallel Time: 29.1 ms, GC Workers: 4]
      [GC Worker Start (ms): Min: 3248498.8, Avg: 3248498.9, Max: 3248498.9, Diff: 0.1]
      [Ext Root Scanning (ms): Min: 1.1, Avg: 1.2, Max: 1.3, Diff: 0.3, Sum: 4.7]
      [Update RS (ms): Min: 2.6, Avg: 2.9, Max: 3.3, Diff: 0.6, Sum: 11.6]
         [Processed Buffers: Min: 1, Avg: 9.0, Max: 30, Diff: 29, Sum: 36]
      [Scan RS (ms): Min: 3.7, Avg: 4.3, Max: 5.2, Diff: 1.5, Sum: 17.4]
      [Code Root Scanning (ms): Min: 0.0, Avg: 0.0, Max: 0.1, Diff: 0.1, Sum: 0.1]
      [Object Copy (ms): Min: 20.0, Avg: 20.5, Max: 20.7, Diff: 0.7, Sum: 82.0]
      [Termination (ms): Min: 0.0, Avg: 0.0, Max: 0.0, Diff: 0.0, Sum: 0.0]
         [Termination Attempts: Min: 1, Avg: 1.0, Max: 1, Diff: 0, Sum: 4]
      [GC Worker Other (ms): Min: 0.0, Avg: 0.0, Max: 0.0, Diff: 0.0, Sum: 0.1]
      [GC Worker Total (ms): Min: 28.9, Avg: 29.0, Max: 29.0, Diff: 0.1, Sum: 115.9]
      [GC Worker End (ms): Min: 3248527.8, Avg: 3248527.8, Max: 3248527.8, Diff: 0.0]
   [Code Root Fixup: 0.0 ms]
   [Code Root Purge: 0.0 ms]
   [Clear CT: 0.6 ms]
   [Other: 1.6 ms]
      [Choose CSet: 0.0 ms]
      [Ref Proc: 0.3 ms]
      [Ref Enq: 0.0 ms]
      [Redirty Cards: 0.8 ms]
      [Humongous Register: 0.1 ms]
      [Humongous Reclaim: 0.0 ms]
      [Free CSet: 0.1 ms]
   [Eden: 47104.0K(47104.0K)->0.0B(45056.0K) Survivors: 5120.0K->7168.0K Heap: 300.2M(1024.0M)->256.2M(1024.0M)]
 [Times: user=0.12 sys=0.00, real=0.04 secs] 
2021-04-19T18:10:56.537-0700: 3297.897: [GC pause (G1 Evacuation Pause) (young), 0.0399468 secs]
   [Parallel Time: 38.2 ms, GC Workers: 4]
      [GC Worker Start (ms): Min: 3297897.9, Avg: 3297897.9, Max: 3297898.0, Diff: 0.2]
      [Ext Root Scanning (ms): Min: 1.8, Avg: 2.0, Max: 2.1, Diff: 0.3, Sum: 7.9]
      [Update RS (ms): Min: 2.1, Avg: 2.5, Max: 2.8, Diff: 0.7, Sum: 9.8]
         [Processed Buffers: Min: 1, Avg: 9.0, Max: 27, Diff: 26, Sum: 36]
      [Scan RS (ms): Min: 4.8, Avg: 5.1, Max: 5.3, Diff: 0.5, Sum: 20.4]
      [Code Root Scanning (ms): Min: 0.0, Avg: 0.0, Max: 0.1, Diff: 0.1, Sum: 0.2]
      [Object Copy (ms): Min: 28.3, Avg: 28.4, Max: 28.5, Diff: 0.2, Sum: 113.7]
      [Termination (ms): Min: 0.0, Avg: 0.0, Max: 0.0, Diff: 0.0, Sum: 0.0]
         [Termination Attempts: Min: 1, Avg: 1.0, Max: 1, Diff: 0, Sum: 4]
      [GC Worker Other (ms): Min: 0.0, Avg: 0.0, Max: 0.0, Diff: 0.0, Sum: 0.1]
      [GC Worker Total (ms): Min: 37.9, Avg: 38.0, Max: 38.1, Diff: 0.2, Sum: 152.1]
      [GC Worker End (ms): Min: 3297935.9, Avg: 3297935.9, Max: 3297935.9, Diff: 0.0]
   [Code Root Fixup: 0.0 ms]
   [Code Root Purge: 0.0 ms]
   [Clear CT: 0.3 ms]
   [Other: 1.5 ms]
      [Choose CSet: 0.0 ms]
      [Ref Proc: 0.5 ms]
      [Ref Enq: 0.0 ms]
      [Redirty Cards: 0.2 ms]
      [Humongous Register: 0.1 ms]
      [Humongous Reclaim: 0.0 ms]
      [Free CSet: 0.1 ms]
   [Eden: 45056.0K(45056.0K)->0.0B(47104.0K) Survivors: 7168.0K->5120.0K Heap: 300.2M(1024.0M)->257.2M(1024.0M)]
 [Times: user=0.16 sys=0.00, real=0.04 secs] 
2021-04-19T18:11:48.436-0700: 3349.797: [GC pause (G1 Evacuation Pause) (young), 0.0449626 secs]
   [Parallel Time: 42.3 ms, GC Workers: 4]
      [GC Worker Start (ms): Min: 3349797.2, Avg: 3349797.3, Max: 3349797.4, Diff: 0.2]
      [Ext Root Scanning (ms): Min: 1.9, Avg: 2.0, Max: 2.2, Diff: 0.3, Sum: 8.0]
      [Update RS (ms): Min: 2.8, Avg: 3.9, Max: 4.6, Diff: 1.7, Sum: 15.4]
         [Processed Buffers: Min: 1, Avg: 9.0, Max: 30, Diff: 29, Sum: 36]
      [Scan RS (ms): Min: 7.1, Avg: 8.2, Max: 9.3, Diff: 2.1, Sum: 32.9]
      [Code Root Scanning (ms): Min: 0.0, Avg: 0.0, Max: 0.0, Diff: 0.0, Sum: 0.1]
      [Object Copy (ms): Min: 27.7, Avg: 27.9, Max: 28.4, Diff: 0.7, Sum: 111.7]
      [Termination (ms): Min: 0.0, Avg: 0.0, Max: 0.0, Diff: 0.0, Sum: 0.0]
         [Termination Attempts: Min: 1, Avg: 1.0, Max: 1, Diff: 0, Sum: 4]
      [GC Worker Other (ms): Min: 0.0, Avg: 0.0, Max: 0.0, Diff: 0.0, Sum: 0.1]
      [GC Worker Total (ms): Min: 42.0, Avg: 42.1, Max: 42.1, Diff: 0.1, Sum: 168.3]
      [GC Worker End (ms): Min: 3349839.3, Avg: 3349839.3, Max: 3349839.3, Diff: 0.0]
   [Code Root Fixup: 0.0 ms]
   [Code Root Purge: 0.0 ms]
   [Clear CT: 0.5 ms]
   [Other: 2.2 ms]
      [Choose CSet: 0.0 ms]
      [Ref Proc: 0.8 ms]
      [Ref Enq: 0.0 ms]
      [Redirty Cards: 0.7 ms]
      [Humongous Register: 0.1 ms]
      [Humongous Reclaim: 0.0 ms]
      [Free CSet: 0.1 ms]
   [Eden: 47104.0K(47104.0K)->0.0B(46080.0K) Survivors: 5120.0K->6144.0K Heap: 303.2M(1024.0M)->258.7M(1024.0M)]
 [Times: user=0.16 sys=0.00, real=0.05 secs] 
2021-04-19T18:12:38.849-0700: 3400.209: [GC pause (G1 Evacuation Pause) (young), 0.0333568 secs]
   [Parallel Time: 31.7 ms, GC Workers: 4]
      [GC Worker Start (ms): Min: 3400209.7, Avg: 3400209.9, Max: 3400210.0, Diff: 0.2]
      [Ext Root Scanning (ms): Min: 1.9, Avg: 2.0, Max: 2.2, Diff: 0.3, Sum: 8.0]
      [Update RS (ms): Min: 2.4, Avg: 2.6, Max: 2.8, Diff: 0.5, Sum: 10.6]
         [Processed Buffers: Min: 1, Avg: 8.8, Max: 27, Diff: 26, Sum: 35]
      [Scan RS (ms): Min: 4.8, Avg: 5.1, Max: 5.4, Diff: 0.6, Sum: 20.3]
      [Code Root Scanning (ms): Min: 0.0, Avg: 0.0, Max: 0.0, Diff: 0.0, Sum: 0.0]
      [Object Copy (ms): Min: 21.6, Avg: 21.7, Max: 21.7, Diff: 0.1, Sum: 86.7]
      [Termination (ms): Min: 0.0, Avg: 0.0, Max: 0.0, Diff: 0.0, Sum: 0.0]
         [Termination Attempts: Min: 1, Avg: 1.0, Max: 1, Diff: 0, Sum: 4]
      [GC Worker Other (ms): Min: 0.0, Avg: 0.0, Max: 0.0, Diff: 0.0, Sum: 0.1]
      [GC Worker Total (ms): Min: 31.3, Avg: 31.4, Max: 31.6, Diff: 0.2, Sum: 125.7]
      [GC Worker End (ms): Min: 3400241.3, Avg: 3400241.3, Max: 3400241.3, Diff: 0.0]
   [Code Root Fixup: 0.0 ms]
   [Code Root Purge: 0.0 ms]
   [Clear CT: 0.4 ms]
   [Other: 1.3 ms]
      [Choose CSet: 0.0 ms]
      [Ref Proc: 0.5 ms]
      [Ref Enq: 0.0 ms]
      [Redirty Cards: 0.1 ms]
      [Humongous Register: 0.1 ms]
      [Humongous Reclaim: 0.0 ms]
      [Free CSet: 0.0 ms]
   [Eden: 46080.0K(46080.0K)->0.0B(47104.0K) Survivors: 6144.0K->5120.0K Heap: 303.7M(1024.0M)->258.7M(1024.0M)]
 [Times: user=0.12 sys=0.00, real=0.03 secs] 
2021-04-19T18:13:30.685-0700: 3452.045: [GC pause (G1 Evacuation Pause) (young), 0.0256583 secs]
   [Parallel Time: 24.3 ms, GC Workers: 4]
      [GC Worker Start (ms): Min: 3452045.7, Avg: 3452045.7, Max: 3452045.8, Diff: 0.1]
      [Ext Root Scanning (ms): Min: 1.2, Avg: 1.3, Max: 1.7, Diff: 0.5, Sum: 5.3]
      [Update RS (ms): Min: 1.9, Avg: 2.0, Max: 2.1, Diff: 0.2, Sum: 7.9]
         [Processed Buffers: Min: 1, Avg: 8.2, Max: 26, Diff: 25, Sum: 33]
      [Scan RS (ms): Min: 1.7, Avg: 1.8, Max: 1.9, Diff: 0.3, Sum: 7.4]
      [Code Root Scanning (ms): Min: 0.0, Avg: 0.0, Max: 0.0, Diff: 0.0, Sum: 0.0]
      [Object Copy (ms): Min: 18.1, Avg: 18.5, Max: 18.9, Diff: 0.8, Sum: 74.0]
      [Termination (ms): Min: 0.0, Avg: 0.4, Max: 0.6, Diff: 0.6, Sum: 1.7]
         [Termination Attempts: Min: 1, Avg: 1.0, Max: 1, Diff: 0, Sum: 4]
      [GC Worker Other (ms): Min: 0.0, Avg: 0.0, Max: 0.0, Diff: 0.0, Sum: 0.1]
      [GC Worker Total (ms): Min: 24.0, Avg: 24.1, Max: 24.1, Diff: 0.1, Sum: 96.4]
      [GC Worker End (ms): Min: 3452069.8, Avg: 3452069.8, Max: 3452069.9, Diff: 0.1]
   [Code Root Fixup: 0.0 ms]
   [Code Root Purge: 0.0 ms]
   [Clear CT: 0.2 ms]
   [Other: 1.1 ms]
      [Choose CSet: 0.0 ms]
      [Ref Proc: 0.3 ms]
      [Ref Enq: 0.0 ms]
      [Redirty Cards: 0.2 ms]
      [Humongous Register: 0.0 ms]
      [Humongous Reclaim: 0.1 ms]
      [Free CSet: 0.1 ms]
   [Eden: 47104.0K(47104.0K)->0.0B(45056.0K) Survivors: 5120.0K->7168.0K Heap: 304.7M(1024.0M)->262.7M(1024.0M)]
 [Times: user=0.08 sys=0.00, real=0.03 secs] 
2021-04-19T18:14:20.237-0700: 3501.598: [GC pause (G1 Evacuation Pause) (young), 0.0411830 secs]
   [Parallel Time: 39.2 ms, GC Workers: 4]
      [GC Worker Start (ms): Min: 3501598.2, Avg: 3501598.3, Max: 3501598.4, Diff: 0.2]
      [Ext Root Scanning (ms): Min: 1.9, Avg: 2.0, Max: 2.2, Diff: 0.3, Sum: 8.0]
      [Update RS (ms): Min: 3.7, Avg: 3.9, Max: 4.2, Diff: 0.5, Sum: 15.6]
         [Processed Buffers: Min: 1, Avg: 8.5, Max: 22, Diff: 21, Sum: 34]
      [Scan RS (ms): Min: 5.5, Avg: 5.8, Max: 6.0, Diff: 0.5, Sum: 23.0]
      [Code Root Scanning (ms): Min: 0.0, Avg: 0.0, Max: 0.0, Diff: 0.0, Sum: 0.1]
      [Object Copy (ms): Min: 27.1, Avg: 27.2, Max: 27.2, Diff: 0.2, Sum: 108.6]
      [Termination (ms): Min: 0.0, Avg: 0.0, Max: 0.0, Diff: 0.0, Sum: 0.0]
         [Termination Attempts: Min: 1, Avg: 1.2, Max: 2, Diff: 1, Sum: 5]
      [GC Worker Other (ms): Min: 0.0, Avg: 0.0, Max: 0.0, Diff: 0.0, Sum: 0.1]
      [GC Worker Total (ms): Min: 38.8, Avg: 38.9, Max: 39.0, Diff: 0.2, Sum: 155.5]
      [GC Worker End (ms): Min: 3501637.2, Avg: 3501637.2, Max: 3501637.2, Diff: 0.0]
   [Code Root Fixup: 0.0 ms]
   [Code Root Purge: 0.0 ms]
   [Clear CT: 0.2 ms]
   [Other: 1.8 ms]
      [Choose CSet: 0.0 ms]
      [Ref Proc: 1.0 ms]
      [Ref Enq: 0.0 ms]
      [Redirty Cards: 0.2 ms]
      [Humongous Register: 0.1 ms]
      [Humongous Reclaim: 0.0 ms]
      [Free CSet: 0.1 ms]
   [Eden: 45056.0K(45056.0K)->0.0B(47104.0K) Survivors: 7168.0K->5120.0K Heap: 306.7M(1024.0M)->262.2M(1024.0M)]
 [Times: user=0.16 sys=0.00, real=0.05 secs] 
2021-04-19T18:15:11.940-0700: 3553.300: [GC pause (G1 Evacuation Pause) (young), 0.0388476 secs]
   [Parallel Time: 37.5 ms, GC Workers: 4]
      [GC Worker Start (ms): Min: 3553300.3, Avg: 3553300.4, Max: 3553300.5, Diff: 0.2]
      [Ext Root Scanning (ms): Min: 1.7, Avg: 1.8, Max: 2.0, Diff: 0.3, Sum: 7.2]
      [Update RS (ms): Min: 3.7, Avg: 4.0, Max: 4.3, Diff: 0.7, Sum: 16.2]
         [Processed Buffers: Min: 1, Avg: 8.8, Max: 30, Diff: 29, Sum: 35]
      [Scan RS (ms): Min: 6.1, Avg: 6.3, Max: 6.6, Diff: 0.5, Sum: 25.1]
      [Code Root Scanning (ms): Min: 0.0, Avg: 0.0, Max: 0.1, Diff: 0.1, Sum: 0.1]
      [Object Copy (ms): Min: 25.0, Avg: 25.2, Max: 25.4, Diff: 0.4, Sum: 100.8]
      [Termination (ms): Min: 0.0, Avg: 0.0, Max: 0.0, Diff: 0.0, Sum: 0.0]
         [Termination Attempts: Min: 1, Avg: 1.0, Max: 1, Diff: 0, Sum: 4]
      [GC Worker Other (ms): Min: 0.0, Avg: 0.0, Max: 0.0, Diff: 0.0, Sum: 0.1]
      [GC Worker Total (ms): Min: 37.3, Avg: 37.4, Max: 37.4, Diff: 0.2, Sum: 149.4]
      [GC Worker End (ms): Min: 3553337.8, Avg: 3553337.8, Max: 3553337.8, Diff: 0.0]
   [Code Root Fixup: 0.0 ms]
   [Code Root Purge: 0.0 ms]
   [Clear CT: 0.3 ms]
   [Other: 1.0 ms]
      [Choose CSet: 0.0 ms]
      [Ref Proc: 0.3 ms]
      [Ref Enq: 0.0 ms]
      [Redirty Cards: 0.1 ms]
      [Humongous Register: 0.1 ms]
      [Humongous Reclaim: 0.0 ms]
      [Free CSet: 0.1 ms]
   [Eden: 47104.0K(47104.0K)->0.0B(45056.0K) Survivors: 5120.0K->7168.0K Heap: 308.2M(1024.0M)->266.3M(1024.0M)]
 [Times: user=0.15 sys=0.00, real=0.04 secs] 
2021-04-19T18:16:01.132-0700: 3602.492: [GC pause (G1 Evacuation Pause) (young), 0.0362163 secs]
   [Parallel Time: 34.4 ms, GC Workers: 4]
      [GC Worker Start (ms): Min: 3602492.1, Avg: 3602492.2, Max: 3602492.2, Diff: 0.1]
      [Ext Root Scanning (ms): Min: 1.2, Avg: 1.3, Max: 1.4, Diff: 0.2, Sum: 5.1]
      [Update RS (ms): Min: 2.3, Avg: 2.8, Max: 3.5, Diff: 1.2, Sum: 11.3]
         [Processed Buffers: Min: 1, Avg: 8.8, Max: 19, Diff: 18, Sum: 35]
      [Scan RS (ms): Min: 4.3, Avg: 4.9, Max: 5.3, Diff: 1.1, Sum: 19.4]
      [Code Root Scanning (ms): Min: 0.0, Avg: 0.0, Max: 0.0, Diff: 0.0, Sum: 0.1]
      [Object Copy (ms): Min: 25.2, Avg: 25.3, Max: 25.3, Diff: 0.2, Sum: 101.0]
      [Termination (ms): Min: 0.0, Avg: 0.0, Max: 0.0, Diff: 0.0, Sum: 0.0]
         [Termination Attempts: Min: 1, Avg: 1.0, Max: 1, Diff: 0, Sum: 4]
      [GC Worker Other (ms): Min: 0.0, Avg: 0.0, Max: 0.0, Diff: 0.0, Sum: 0.1]
      [GC Worker Total (ms): Min: 34.2, Avg: 34.3, Max: 34.3, Diff: 0.1, Sum: 137.0]
      [GC Worker End (ms): Min: 3602526.4, Avg: 3602526.4, Max: 3602526.4, Diff: 0.0]
   [Code Root Fixup: 0.0 ms]
   [Code Root Purge: 0.0 ms]
   [Clear CT: 0.7 ms]
   [Other: 1.1 ms]
      [Choose CSet: 0.0 ms]
      [Ref Proc: 0.3 ms]
      [Ref Enq: 0.0 ms]
      [Redirty Cards: 0.4 ms]
      [Humongous Register: 0.0 ms]
      [Humongous Reclaim: 0.0 ms]
      [Free CSet: 0.0 ms]
   [Eden: 45056.0K(45056.0K)->0.0B(45056.0K) Survivors: 7168.0K->7168.0K Heap: 310.3M(1024.0M)->268.3M(1024.0M)]
 [Times: user=0.14 sys=0.00, real=0.04 secs] 
2021-04-19T18:16:47.583-0700: 3648.943: [GC pause (G1 Evacuation Pause) (young), 0.0638429 secs]
   [Parallel Time: 60.2 ms, GC Workers: 4]
      [GC Worker Start (ms): Min: 3648944.0, Avg: 3648945.5, Max: 3648946.8, Diff: 2.8]
      [Ext Root Scanning (ms): Min: 3.1, Avg: 6.5, Max: 11.0, Diff: 7.9, Sum: 26.0]
      [Update RS (ms): Min: 5.8, Avg: 12.4, Max: 17.6, Diff: 11.8, Sum: 49.7]
         [Processed Buffers: Min: 0, Avg: 11.0, Max: 16, Diff: 16, Sum: 44]
      [Scan RS (ms): Min: 5.1, Avg: 8.8, Max: 10.5, Diff: 5.4, Sum: 35.2]
      [Code Root Scanning (ms): Min: 0.0, Avg: 0.0, Max: 0.1, Diff: 0.1, Sum: 0.1]
      [Object Copy (ms): Min: 26.7, Avg: 28.0, Max: 30.8, Diff: 4.1, Sum: 112.1]
      [Termination (ms): Min: 0.0, Avg: 2.7, Max: 3.6, Diff: 3.6, Sum: 10.7]
         [Termination Attempts: Min: 1, Avg: 1.0, Max: 1, Diff: 0, Sum: 4]
      [GC Worker Other (ms): Min: 0.0, Avg: 0.0, Max: 0.0, Diff: 0.0, Sum: 0.2]
      [GC Worker Total (ms): Min: 57.1, Avg: 58.5, Max: 60.0, Diff: 2.9, Sum: 234.1]
      [GC Worker End (ms): Min: 3649003.9, Avg: 3649004.0, Max: 3649004.1, Diff: 0.2]
   [Code Root Fixup: 0.0 ms]
   [Code Root Purge: 0.0 ms]
   [Clear CT: 0.3 ms]
   [Other: 3.3 ms]
      [Choose CSet: 0.0 ms]
      [Ref Proc: 1.9 ms]
      [Ref Enq: 0.0 ms]
      [Redirty Cards: 0.3 ms]
      [Humongous Register: 0.1 ms]
      [Humongous Reclaim: 0.1 ms]
      [Free CSet: 0.1 ms]
   [Eden: 45056.0K(45056.0K)->0.0B(47104.0K) Survivors: 7168.0K->5120.0K Heap: 312.3M(1024.0M)->270.6M(1024.0M)]
 [Times: user=0.17 sys=0.01, real=0.07 secs] 
2021-04-19T18:17:39.381-0700: 3700.742: [GC pause (G1 Evacuation Pause) (young), 0.0176422 secs]
   [Parallel Time: 13.8 ms, GC Workers: 4]
      [GC Worker Start (ms): Min: 3700741.9, Avg: 3700742.0, Max: 3700742.1, Diff: 0.1]
      [Ext Root Scanning (ms): Min: 1.1, Avg: 1.3, Max: 1.6, Diff: 0.4, Sum: 5.2]
      [Update RS (ms): Min: 1.2, Avg: 1.2, Max: 1.3, Diff: 0.1, Sum: 4.9]
         [Processed Buffers: Min: 8, Avg: 8.8, Max: 9, Diff: 1, Sum: 35]
      [Scan RS (ms): Min: 3.0, Avg: 3.3, Max: 3.7, Diff: 0.7, Sum: 13.1]
      [Code Root Scanning (ms): Min: 0.0, Avg: 0.0, Max: 0.0, Diff: 0.0, Sum: 0.0]
      [Object Copy (ms): Min: 7.5, Avg: 7.7, Max: 8.0, Diff: 0.4, Sum: 30.9]
      [Termination (ms): Min: 0.0, Avg: 0.0, Max: 0.0, Diff: 0.0, Sum: 0.0]
         [Termination Attempts: Min: 1, Avg: 1.0, Max: 1, Diff: 0, Sum: 4]
      [GC Worker Other (ms): Min: 0.0, Avg: 0.0, Max: 0.0, Diff: 0.0, Sum: 0.1]
      [GC Worker Total (ms): Min: 13.5, Avg: 13.6, Max: 13.6, Diff: 0.1, Sum: 54.2]
      [GC Worker End (ms): Min: 3700755.5, Avg: 3700755.6, Max: 3700755.6, Diff: 0.0]
   [Code Root Fixup: 0.0 ms]
   [Code Root Purge: 0.0 ms]
   [Clear CT: 0.1 ms]
   [Other: 3.7 ms]
      [Choose CSet: 0.0 ms]
      [Ref Proc: 3.1 ms]
      [Ref Enq: 0.0 ms]
      [Redirty Cards: 0.1 ms]
      [Humongous Register: 0.1 ms]
      [Humongous Reclaim: 0.0 ms]
      [Free CSet: 0.1 ms]
   [Eden: 47104.0K(47104.0K)->0.0B(46080.0K) Survivors: 5120.0K->6144.0K Heap: 316.6M(1024.0M)->271.6M(1024.0M)]
 [Times: user=0.06 sys=0.00, real=0.02 secs] 
2021-04-19T18:18:29.896-0700: 3751.256: [GC pause (G1 Evacuation Pause) (young), 0.0314253 secs]
   [Parallel Time: 29.8 ms, GC Workers: 4]
      [GC Worker Start (ms): Min: 3751256.3, Avg: 3751256.4, Max: 3751256.5, Diff: 0.2]
      [Ext Root Scanning (ms): Min: 1.5, Avg: 1.7, Max: 1.9, Diff: 0.3, Sum: 6.7]
      [Update RS (ms): Min: 3.1, Avg: 3.6, Max: 3.9, Diff: 0.9, Sum: 14.4]
         [Processed Buffers: Min: 1, Avg: 9.0, Max: 17, Diff: 16, Sum: 36]
      [Scan RS (ms): Min: 6.4, Avg: 6.9, Max: 7.5, Diff: 1.1, Sum: 27.5]
      [Code Root Scanning (ms): Min: 0.0, Avg: 0.0, Max: 0.0, Diff: 0.0, Sum: 0.1]
      [Object Copy (ms): Min: 17.3, Avg: 17.3, Max: 17.4, Diff: 0.1, Sum: 69.4]
      [Termination (ms): Min: 0.0, Avg: 0.0, Max: 0.0, Diff: 0.0, Sum: 0.0]
         [Termination Attempts: Min: 1, Avg: 1.0, Max: 1, Diff: 0, Sum: 4]
      [GC Worker Other (ms): Min: 0.0, Avg: 0.0, Max: 0.0, Diff: 0.0, Sum: 0.1]
      [GC Worker Total (ms): Min: 29.4, Avg: 29.5, Max: 29.6, Diff: 0.2, Sum: 118.1]
      [GC Worker End (ms): Min: 3751285.9, Avg: 3751285.9, Max: 3751285.9, Diff: 0.0]
   [Code Root Fixup: 0.0 ms]
   [Code Root Purge: 0.0 ms]
   [Clear CT: 0.4 ms]
   [Other: 1.3 ms]
      [Choose CSet: 0.0 ms]
      [Ref Proc: 0.4 ms]
      [Ref Enq: 0.0 ms]
      [Redirty Cards: 0.3 ms]
      [Humongous Register: 0.1 ms]
      [Humongous Reclaim: 0.0 ms]
      [Free CSet: 0.1 ms]
   [Eden: 46080.0K(46080.0K)->0.0B(48128.0K) Survivors: 6144.0K->4096.0K Heap: 316.6M(1024.0M)->271.0M(1024.0M)]
 [Times: user=0.12 sys=0.00, real=0.04 secs] 
2021-04-19T18:19:22.943-0700: 3804.304: [GC pause (G1 Evacuation Pause) (young), 0.0931575 secs]
   [Parallel Time: 78.7 ms, GC Workers: 4]
      [GC Worker Start (ms): Min: 3804304.1, Avg: 3804307.2, Max: 3804309.4, Diff: 5.3]
      [Ext Root Scanning (ms): Min: 0.6, Avg: 2.4, Max: 5.6, Diff: 5.0, Sum: 9.7]
      [Update RS (ms): Min: 1.7, Avg: 12.2, Max: 28.4, Diff: 26.8, Sum: 48.9]
         [Processed Buffers: Min: 0, Avg: 9.2, Max: 21, Diff: 21, Sum: 37]
      [Scan RS (ms): Min: 0.0, Avg: 9.7, Max: 17.5, Diff: 17.4, Sum: 38.6]
      [Code Root Scanning (ms): Min: 0.0, Avg: 0.0, Max: 0.0, Diff: 0.0, Sum: 0.0]
      [Object Copy (ms): Min: 32.4, Avg: 42.4, Max: 51.3, Diff: 18.9, Sum: 169.5]
      [Termination (ms): Min: 0.0, Avg: 8.0, Max: 11.3, Diff: 11.3, Sum: 31.9]
         [Termination Attempts: Min: 1, Avg: 1.0, Max: 1, Diff: 0, Sum: 4]
      [GC Worker Other (ms): Min: 0.0, Avg: 0.0, Max: 0.1, Diff: 0.0, Sum: 0.2]
      [GC Worker Total (ms): Min: 72.7, Avg: 74.7, Max: 77.3, Diff: 4.6, Sum: 298.8]
      [GC Worker End (ms): Min: 3804381.4, Avg: 3804381.9, Max: 3804382.2, Diff: 0.8]
   [Code Root Fixup: 0.0 ms]
   [Code Root Purge: 0.0 ms]
   [Clear CT: 1.1 ms]
   [Other: 13.3 ms]
      [Choose CSet: 0.0 ms]
      [Ref Proc: 11.3 ms]
      [Ref Enq: 0.0 ms]
      [Redirty Cards: 0.6 ms]
      [Humongous Register: 0.2 ms]
      [Humongous Reclaim: 0.2 ms]
      [Free CSet: 0.2 ms]
   [Eden: 48128.0K(48128.0K)->0.0B(47104.0K) Survivors: 4096.0K->5120.0K Heap: 318.0M(1024.0M)->271.9M(1024.0M)]
 [Times: user=0.11 sys=0.00, real=0.10 secs] 
2021-04-19T18:20:14.664-0700: 3856.025: [GC pause (G1 Evacuation Pause) (young), 0.0332172 secs]
   [Parallel Time: 27.3 ms, GC Workers: 4]
      [GC Worker Start (ms): Min: 3856024.9, Avg: 3856025.8, Max: 3856028.6, Diff: 3.7]
      [Ext Root Scanning (ms): Min: 0.0, Avg: 1.0, Max: 1.3, Diff: 1.3, Sum: 3.8]
      [Update RS (ms): Min: 0.0, Avg: 1.6, Max: 2.3, Diff: 2.3, Sum: 6.4]
         [Processed Buffers: Min: 0, Avg: 10.0, Max: 16, Diff: 16, Sum: 40]
      [Scan RS (ms): Min: 5.1, Avg: 6.5, Max: 10.4, Diff: 5.3, Sum: 26.1]
      [Code Root Scanning (ms): Min: 0.0, Avg: 0.0, Max: 0.0, Diff: 0.0, Sum: 0.0]
      [Object Copy (ms): Min: 12.0, Avg: 13.0, Max: 15.9, Diff: 3.9, Sum: 51.9]
      [Termination (ms): Min: 0.0, Avg: 3.3, Max: 5.5, Diff: 5.5, Sum: 13.0]
         [Termination Attempts: Min: 1, Avg: 1.0, Max: 1, Diff: 0, Sum: 4]
      [GC Worker Other (ms): Min: 0.0, Avg: 0.0, Max: 0.0, Diff: 0.0, Sum: 0.1]
      [GC Worker Total (ms): Min: 23.4, Avg: 25.4, Max: 26.3, Diff: 2.9, Sum: 101.5]
      [GC Worker End (ms): Min: 3856050.7, Avg: 3856051.2, Max: 3856052.0, Diff: 1.3]
   [Code Root Fixup: 0.0 ms]
   [Code Root Purge: 0.0 ms]
   [Clear CT: 0.5 ms]
   [Other: 5.4 ms]
      [Choose CSet: 0.0 ms]
      [Ref Proc: 3.8 ms]
      [Ref Enq: 0.0 ms]
      [Redirty Cards: 0.6 ms]
      [Humongous Register: 0.0 ms]
      [Humongous Reclaim: 0.2 ms]
      [Free CSet: 0.2 ms]
   [Eden: 47104.0K(47104.0K)->0.0B(48128.0K) Survivors: 5120.0K->4096.0K Heap: 317.9M(1024.0M)->270.5M(1024.0M)]
 [Times: user=0.07 sys=0.00, real=0.04 secs] 
2021-04-19T18:21:07.750-0700: 3909.111: [GC pause (G1 Evacuation Pause) (young), 0.0464445 secs]
   [Parallel Time: 39.9 ms, GC Workers: 4]
      [GC Worker Start (ms): Min: 3909110.9, Avg: 3909112.9, Max: 3909114.8, Diff: 3.8]
      [Ext Root Scanning (ms): Min: 0.3, Avg: 3.3, Max: 7.6, Diff: 7.3, Sum: 13.1]
      [Update RS (ms): Min: 0.0, Avg: 1.7, Max: 3.0, Diff: 3.0, Sum: 6.9]
         [Processed Buffers: Min: 0, Avg: 9.8, Max: 19, Diff: 19, Sum: 39]
      [Scan RS (ms): Min: 3.4, Avg: 3.8, Max: 4.4, Diff: 0.9, Sum: 15.1]
      [Code Root Scanning (ms): Min: 0.0, Avg: 0.0, Max: 0.0, Diff: 0.0, Sum: 0.0]
      [Object Copy (ms): Min: 19.8, Avg: 21.2, Max: 24.6, Diff: 4.7, Sum: 84.9]
      [Termination (ms): Min: 0.0, Avg: 4.6, Max: 6.2, Diff: 6.2, Sum: 18.6]
         [Termination Attempts: Min: 1, Avg: 1.0, Max: 1, Diff: 0, Sum: 4]
      [GC Worker Other (ms): Min: 0.0, Avg: 0.0, Max: 0.0, Diff: 0.0, Sum: 0.1]
      [GC Worker Total (ms): Min: 32.9, Avg: 34.7, Max: 36.6, Diff: 3.7, Sum: 138.7]
      [GC Worker End (ms): Min: 3909147.5, Avg: 3909147.6, Max: 3909147.7, Diff: 0.2]
   [Code Root Fixup: 0.0 ms]
   [Code Root Purge: 0.0 ms]
   [Clear CT: 1.6 ms]
   [Other: 4.9 ms]
      [Choose CSet: 0.0 ms]
      [Ref Proc: 3.9 ms]
      [Ref Enq: 0.0 ms]
      [Redirty Cards: 0.2 ms]
      [Humongous Register: 0.1 ms]
      [Humongous Reclaim: 0.1 ms]
      [Free CSet: 0.1 ms]
   [Eden: 48128.0K(48128.0K)->0.0B(47104.0K) Survivors: 4096.0K->5120.0K Heap: 317.5M(1024.0M)->271.5M(1024.0M)]
 [Times: user=0.10 sys=0.00, real=0.05 secs] 
2021-04-19T18:21:59.663-0700: 3961.024: [GC pause (G1 Evacuation Pause) (young), 0.0506243 secs]
   [Parallel Time: 48.1 ms, GC Workers: 4]
      [GC Worker Start (ms): Min: 3961024.1, Avg: 3961030.2, Max: 3961034.4, Diff: 10.3]
      [Ext Root Scanning (ms): Min: 0.0, Avg: 4.2, Max: 15.6, Diff: 15.6, Sum: 16.8]
      [Update RS (ms): Min: 0.0, Avg: 7.0, Max: 13.9, Diff: 13.9, Sum: 27.9]
         [Processed Buffers: Min: 0, Avg: 10.2, Max: 21, Diff: 21, Sum: 41]
      [Scan RS (ms): Min: 0.0, Avg: 3.2, Max: 5.6, Diff: 5.5, Sum: 12.9]
      [Code Root Scanning (ms): Min: 0.0, Avg: 0.0, Max: 0.0, Diff: 0.0, Sum: 0.0]
      [Object Copy (ms): Min: 19.1, Avg: 22.0, Max: 26.5, Diff: 7.3, Sum: 88.1]
      [Termination (ms): Min: 0.0, Avg: 4.7, Max: 8.8, Diff: 8.8, Sum: 18.9]
         [Termination Attempts: Min: 1, Avg: 1.5, Max: 3, Diff: 2, Sum: 6]
      [GC Worker Other (ms): Min: 0.0, Avg: 0.0, Max: 0.0, Diff: 0.0, Sum: 0.1]
      [GC Worker Total (ms): Min: 36.8, Avg: 41.2, Max: 47.5, Diff: 10.7, Sum: 164.7]
      [GC Worker End (ms): Min: 3961071.2, Avg: 3961071.4, Max: 3961071.6, Diff: 0.4]
   [Code Root Fixup: 0.0 ms]
   [Code Root Purge: 0.0 ms]
   [Clear CT: 0.1 ms]
   [Other: 2.4 ms]
      [Choose CSet: 0.0 ms]
      [Ref Proc: 1.5 ms]
      [Ref Enq: 0.0 ms]
      [Redirty Cards: 0.1 ms]
      [Humongous Register: 0.1 ms]
      [Humongous Reclaim: 0.0 ms]
      [Free CSet: 0.1 ms]
   [Eden: 47104.0K(47104.0K)->0.0B(48128.0K) Survivors: 5120.0K->4096.0K Heap: 317.5M(1024.0M)->271.4M(1024.0M)]
 [Times: user=0.10 sys=0.01, real=0.05 secs] 
2021-04-19T18:22:52.502-0700: 4013.863: [GC pause (G1 Evacuation Pause) (young), 0.0833189 secs]
   [Parallel Time: 65.7 ms, GC Workers: 4]
      [GC Worker Start (ms): Min: 4013863.3, Avg: 4013863.4, Max: 4013863.5, Diff: 0.2]
      [Ext Root Scanning (ms): Min: 2.1, Avg: 2.4, Max: 2.8, Diff: 0.7, Sum: 9.7]
      [Update RS (ms): Min: 6.2, Avg: 6.4, Max: 7.0, Diff: 0.9, Sum: 25.6]
         [Processed Buffers: Min: 5, Avg: 11.5, Max: 17, Diff: 12, Sum: 46]
      [Scan RS (ms): Min: 0.5, Avg: 1.1, Max: 1.4, Diff: 0.9, Sum: 4.4]
      [Code Root Scanning (ms): Min: 0.0, Avg: 0.0, Max: 0.0, Diff: 0.0, Sum: 0.0]
      [Object Copy (ms): Min: 45.3, Avg: 45.8, Max: 46.4, Diff: 1.1, Sum: 183.2]
      [Termination (ms): Min: 0.0, Avg: 0.6, Max: 0.9, Diff: 0.9, Sum: 2.4]
         [Termination Attempts: Min: 1, Avg: 1.0, Max: 1, Diff: 0, Sum: 4]
      [GC Worker Other (ms): Min: 0.0, Avg: 0.0, Max: 0.1, Diff: 0.0, Sum: 0.2]
      [GC Worker Total (ms): Min: 56.1, Avg: 56.4, Max: 56.7, Diff: 0.6, Sum: 225.4]
      [GC Worker End (ms): Min: 4013919.6, Avg: 4013919.8, Max: 4013920.0, Diff: 0.4]
   [Code Root Fixup: 0.0 ms]
   [Code Root Purge: 0.0 ms]
   [Clear CT: 6.9 ms]
   [Other: 10.7 ms]
      [Choose CSet: 0.0 ms]
      [Ref Proc: 7.6 ms]
      [Ref Enq: 0.0 ms]
      [Redirty Cards: 1.9 ms]
      [Humongous Register: 0.1 ms]
      [Humongous Reclaim: 0.1 ms]
      [Free CSet: 0.1 ms]
   [Eden: 48128.0K(48128.0K)->0.0B(46080.0K) Survivors: 4096.0K->6144.0K Heap: 318.4M(1024.0M)->273.4M(1024.0M)]
 [Times: user=0.14 sys=0.00, real=0.09 secs] 
2021-04-19T18:23:43.030-0700: 4064.390: [GC pause (G1 Evacuation Pause) (young), 0.0090386 secs]
   [Parallel Time: 7.2 ms, GC Workers: 4]
      [GC Worker Start (ms): Min: 4064390.7, Avg: 4064390.7, Max: 4064390.7, Diff: 0.1]
      [Ext Root Scanning (ms): Min: 0.4, Avg: 0.5, Max: 0.7, Diff: 0.3, Sum: 2.1]
      [Update RS (ms): Min: 0.2, Avg: 0.4, Max: 0.5, Diff: 0.3, Sum: 1.5]
         [Processed Buffers: Min: 5, Avg: 8.2, Max: 12, Diff: 7, Sum: 33]
      [Scan RS (ms): Min: 0.0, Avg: 0.1, Max: 0.1, Diff: 0.1, Sum: 0.3]
      [Code Root Scanning (ms): Min: 0.0, Avg: 0.0, Max: 0.0, Diff: 0.0, Sum: 0.0]
      [Object Copy (ms): Min: 6.0, Avg: 6.1, Max: 6.2, Diff: 0.1, Sum: 24.4]
      [Termination (ms): Min: 0.0, Avg: 0.0, Max: 0.0, Diff: 0.0, Sum: 0.0]
         [Termination Attempts: Min: 1, Avg: 1.2, Max: 2, Diff: 1, Sum: 5]
      [GC Worker Other (ms): Min: 0.0, Avg: 0.0, Max: 0.0, Diff: 0.0, Sum: 0.0]
      [GC Worker Total (ms): Min: 7.1, Avg: 7.1, Max: 7.1, Diff: 0.1, Sum: 28.4]
      [GC Worker End (ms): Min: 4064397.8, Avg: 4064397.8, Max: 4064397.8, Diff: 0.0]
   [Code Root Fixup: 0.0 ms]
   [Code Root Purge: 0.0 ms]
   [Clear CT: 0.1 ms]
   [Other: 1.7 ms]
      [Choose CSet: 0.0 ms]
      [Ref Proc: 1.3 ms]
      [Ref Enq: 0.0 ms]
      [Redirty Cards: 0.1 ms]
      [Humongous Register: 0.1 ms]
      [Humongous Reclaim: 0.0 ms]
      [Free CSet: 0.0 ms]
   [Eden: 46080.0K(46080.0K)->0.0B(47104.0K) Survivors: 6144.0K->5120.0K Heap: 318.4M(1024.0M)->273.1M(1024.0M)]
 [Times: user=0.03 sys=0.00, real=0.01 secs] 
2021-04-19T18:24:35.058-0700: 4116.418: [GC pause (G1 Evacuation Pause) (young), 0.0589424 secs]
   [Parallel Time: 56.0 ms, GC Workers: 4]
      [GC Worker Start (ms): Min: 4116418.8, Avg: 4116421.8, Max: 4116424.7, Diff: 5.9]
      [Ext Root Scanning (ms): Min: 0.0, Avg: 1.3, Max: 2.8, Diff: 2.7, Sum: 5.4]
      [Update RS (ms): Min: 1.9, Avg: 4.5, Max: 8.8, Diff: 6.9, Sum: 18.0]
         [Processed Buffers: Min: 0, Avg: 8.5, Max: 20, Diff: 20, Sum: 34]
      [Scan RS (ms): Min: 0.0, Avg: 1.2, Max: 1.8, Diff: 1.8, Sum: 4.9]
      [Code Root Scanning (ms): Min: 0.0, Avg: 0.0, Max: 0.0, Diff: 0.0, Sum: 0.0]
      [Object Copy (ms): Min: 43.0, Avg: 43.3, Max: 43.7, Diff: 0.7, Sum: 173.1]
      [Termination (ms): Min: 0.0, Avg: 2.2, Max: 3.0, Diff: 3.0, Sum: 8.9]
         [Termination Attempts: Min: 1, Avg: 1.0, Max: 1, Diff: 0, Sum: 4]
      [GC Worker Other (ms): Min: 0.0, Avg: 0.0, Max: 0.1, Diff: 0.1, Sum: 0.2]
      [GC Worker Total (ms): Min: 49.7, Avg: 52.6, Max: 55.4, Diff: 5.7, Sum: 210.4]
      [GC Worker End (ms): Min: 4116474.2, Avg: 4116474.4, Max: 4116474.5, Diff: 0.3]
   [Code Root Fixup: 0.0 ms]
   [Code Root Purge: 0.0 ms]
   [Clear CT: 0.7 ms]
   [Other: 2.3 ms]
      [Choose CSet: 0.0 ms]
      [Ref Proc: 0.8 ms]
      [Ref Enq: 0.0 ms]
      [Redirty Cards: 0.5 ms]
      [Humongous Register: 0.1 ms]
      [Humongous Reclaim: 0.1 ms]
      [Free CSet: 0.1 ms]
   [Eden: 47104.0K(47104.0K)->0.0B(45056.0K) Survivors: 5120.0K->7168.0K Heap: 319.1M(1024.0M)->275.6M(1024.0M)]
 [Times: user=0.16 sys=0.00, real=0.07 secs] 
2021-04-19T18:25:24.614-0700: 4165.974: [GC pause (G1 Evacuation Pause) (young), 0.0579639 secs]
   [Parallel Time: 44.3 ms, GC Workers: 4]
      [GC Worker Start (ms): Min: 4165975.1, Avg: 4165975.2, Max: 4165975.2, Diff: 0.2]
      [Ext Root Scanning (ms): Min: 1.5, Avg: 1.7, Max: 2.1, Diff: 0.6, Sum: 6.6]
      [Update RS (ms): Min: 0.0, Avg: 1.3, Max: 2.4, Diff: 2.3, Sum: 5.3]
         [Processed Buffers: Min: 0, Avg: 8.5, Max: 16, Diff: 16, Sum: 34]
      [Scan RS (ms): Min: 1.2, Avg: 4.4, Max: 11.6, Diff: 10.4, Sum: 17.8]
      [Code Root Scanning (ms): Min: 0.0, Avg: 0.0, Max: 0.0, Diff: 0.0, Sum: 0.0]
      [Object Copy (ms): Min: 22.3, Avg: 29.7, Max: 35.9, Diff: 13.6, Sum: 118.7]
      [Termination (ms): Min: 0.0, Avg: 3.3, Max: 7.2, Diff: 7.2, Sum: 13.3]
         [Termination Attempts: Min: 1, Avg: 1.0, Max: 1, Diff: 0, Sum: 4]
      [GC Worker Other (ms): Min: 0.0, Avg: 0.0, Max: 0.0, Diff: 0.0, Sum: 0.1]
      [GC Worker Total (ms): Min: 38.9, Avg: 40.5, Max: 43.7, Diff: 4.8, Sum: 161.9]
      [GC Worker End (ms): Min: 4166014.1, Avg: 4166015.6, Max: 4166018.9, Diff: 4.8]
   [Code Root Fixup: 0.0 ms]
   [Code Root Purge: 0.0 ms]
   [Clear CT: 0.4 ms]
   [Other: 13.3 ms]
      [Choose CSet: 0.0 ms]
      [Ref Proc: 3.8 ms]
      [Ref Enq: 0.0 ms]
      [Redirty Cards: 8.1 ms]
      [Humongous Register: 0.2 ms]
      [Humongous Reclaim: 0.2 ms]
      [Free CSet: 0.2 ms]
   [Eden: 45056.0K(45056.0K)->0.0B(48128.0K) Survivors: 7168.0K->4096.0K Heap: 319.6M(1024.0M)->276.2M(1024.0M)]
 [Times: user=0.09 sys=0.02, real=0.06 secs] 
2021-04-19T18:26:17.490-0700: 4218.850: [GC pause (G1 Evacuation Pause) (young), 0.0306342 secs]
   [Parallel Time: 29.2 ms, GC Workers: 4]
      [GC Worker Start (ms): Min: 4218850.7, Avg: 4218851.8, Max: 4218854.6, Diff: 3.9]
      [Ext Root Scanning (ms): Min: 0.0, Avg: 1.1, Max: 1.5, Diff: 1.5, Sum: 4.3]
      [Update RS (ms): Min: 0.0, Avg: 1.8, Max: 2.6, Diff: 2.6, Sum: 7.4]
         [Processed Buffers: Min: 0, Avg: 9.5, Max: 30, Diff: 30, Sum: 38]
      [Scan RS (ms): Min: 3.6, Avg: 3.8, Max: 4.2, Diff: 0.6, Sum: 15.2]
      [Code Root Scanning (ms): Min: 0.0, Avg: 0.0, Max: 0.0, Diff: 0.0, Sum: 0.0]
      [Object Copy (ms): Min: 21.2, Avg: 21.4, Max: 21.5, Diff: 0.3, Sum: 85.6]
      [Termination (ms): Min: 0.0, Avg: 0.0, Max: 0.0, Diff: 0.0, Sum: 0.0]
         [Termination Attempts: Min: 1, Avg: 1.0, Max: 1, Diff: 0, Sum: 4]
      [GC Worker Other (ms): Min: 0.0, Avg: 0.0, Max: 0.0, Diff: 0.0, Sum: 0.1]
      [GC Worker Total (ms): Min: 25.2, Avg: 28.1, Max: 29.1, Diff: 3.9, Sum: 112.5]
      [GC Worker End (ms): Min: 4218879.9, Avg: 4218879.9, Max: 4218879.9, Diff: 0.0]
   [Code Root Fixup: 0.0 ms]
   [Code Root Purge: 0.0 ms]
   [Clear CT: 0.2 ms]
   [Other: 1.2 ms]
      [Choose CSet: 0.0 ms]
      [Ref Proc: 0.5 ms]
      [Ref Enq: 0.0 ms]
      [Redirty Cards: 0.1 ms]
      [Humongous Register: 0.1 ms]
      [Humongous Reclaim: 0.0 ms]
      [Free CSet: 0.1 ms]
   [Eden: 48128.0K(48128.0K)->0.0B(45056.0K) Survivors: 4096.0K->7168.0K Heap: 323.2M(1024.0M)->278.7M(1024.0M)]
 [Times: user=0.11 sys=0.00, real=0.04 secs] 
2021-04-19T18:27:06.726-0700: 4268.086: [GC pause (G1 Evacuation Pause) (young), 0.0310851 secs]
   [Parallel Time: 30.2 ms, GC Workers: 4]
      [GC Worker Start (ms): Min: 4268086.4, Avg: 4268086.5, Max: 4268086.5, Diff: 0.1]
      [Ext Root Scanning (ms): Min: 1.1, Avg: 1.2, Max: 1.3, Diff: 0.2, Sum: 4.9]
      [Update RS (ms): Min: 1.4, Avg: 1.5, Max: 1.8, Diff: 0.4, Sum: 6.0]
         [Processed Buffers: Min: 2, Avg: 8.8, Max: 19, Diff: 17, Sum: 35]
      [Scan RS (ms): Min: 3.1, Avg: 3.4, Max: 3.5, Diff: 0.5, Sum: 13.4]
      [Code Root Scanning (ms): Min: 0.0, Avg: 0.0, Max: 0.0, Diff: 0.0, Sum: 0.0]
      [Object Copy (ms): Min: 23.2, Avg: 23.2, Max: 23.3, Diff: 0.1, Sum: 93.0]
      [Termination (ms): Min: 0.0, Avg: 0.2, Max: 0.6, Diff: 0.6, Sum: 0.9]
         [Termination Attempts: Min: 1, Avg: 1.0, Max: 1, Diff: 0, Sum: 4]
      [GC Worker Other (ms): Min: 0.0, Avg: 0.0, Max: 0.0, Diff: 0.0, Sum: 0.1]
      [GC Worker Total (ms): Min: 29.4, Avg: 29.6, Max: 30.0, Diff: 0.6, Sum: 118.3]
      [GC Worker End (ms): Min: 4268115.9, Avg: 4268116.0, Max: 4268116.4, Diff: 0.5]
   [Code Root Fixup: 0.0 ms]
   [Code Root Purge: 0.0 ms]
   [Clear CT: 0.1 ms]
   [Other: 0.8 ms]
      [Choose CSet: 0.0 ms]
      [Ref Proc: 0.3 ms]
      [Ref Enq: 0.0 ms]
      [Redirty Cards: 0.1 ms]
      [Humongous Register: 0.0 ms]
      [Humongous Reclaim: 0.0 ms]
      [Free CSet: 0.0 ms]
   [Eden: 45056.0K(45056.0K)->0.0B(47104.0K) Survivors: 7168.0K->5120.0K Heap: 322.7M(1024.0M)->279.2M(1024.0M)]
 [Times: user=0.11 sys=0.00, real=0.03 secs] 
2021-04-19T18:27:58.527-0700: 4319.887: [GC pause (G1 Evacuation Pause) (young), 0.0394138 secs]
   [Parallel Time: 37.0 ms, GC Workers: 4]
      [GC Worker Start (ms): Min: 4319887.6, Avg: 4319887.6, Max: 4319887.7, Diff: 0.1]
      [Ext Root Scanning (ms): Min: 1.5, Avg: 1.6, Max: 1.7, Diff: 0.2, Sum: 6.5]
      [Update RS (ms): Min: 3.6, Avg: 4.0, Max: 4.6, Diff: 0.9, Sum: 16.0]
         [Processed Buffers: Min: 1, Avg: 9.2, Max: 29, Diff: 28, Sum: 37]
      [Scan RS (ms): Min: 5.1, Avg: 6.0, Max: 6.6, Diff: 1.5, Sum: 24.1]
      [Code Root Scanning (ms): Min: 0.0, Avg: 0.0, Max: 0.0, Diff: 0.0, Sum: 0.0]
      [Object Copy (ms): Min: 24.9, Avg: 25.1, Max: 25.5, Diff: 0.5, Sum: 100.4]
      [Termination (ms): Min: 0.0, Avg: 0.0, Max: 0.0, Diff: 0.0, Sum: 0.0]
         [Termination Attempts: Min: 1, Avg: 1.0, Max: 1, Diff: 0, Sum: 4]
      [GC Worker Other (ms): Min: 0.0, Avg: 0.0, Max: 0.0, Diff: 0.0, Sum: 0.1]
      [GC Worker Total (ms): Min: 36.7, Avg: 36.8, Max: 36.8, Diff: 0.1, Sum: 147.1]
      [GC Worker End (ms): Min: 4319924.4, Avg: 4319924.4, Max: 4319924.4, Diff: 0.0]
   [Code Root Fixup: 0.0 ms]
   [Code Root Purge: 0.0 ms]
   [Clear CT: 0.2 ms]
   [Other: 2.2 ms]
      [Choose CSet: 0.0 ms]
      [Ref Proc: 0.7 ms]
      [Ref Enq: 0.0 ms]
      [Redirty Cards: 0.6 ms]
      [Humongous Register: 0.1 ms]
      [Humongous Reclaim: 0.0 ms]
      [Free CSet: 0.1 ms]
   [Eden: 47104.0K(47104.0K)->0.0B(45056.0K) Survivors: 5120.0K->7168.0K Heap: 325.2M(1024.0M)->281.2M(1024.0M)]
 [Times: user=0.14 sys=0.00, real=0.04 secs] 
2021-04-19T18:28:47.590-0700: 4368.951: [GC pause (G1 Evacuation Pause) (young), 0.0404974 secs]
   [Parallel Time: 36.5 ms, GC Workers: 4]
      [GC Worker Start (ms): Min: 4368950.8, Avg: 4368950.9, Max: 4368950.9, Diff: 0.2]
      [Ext Root Scanning (ms): Min: 1.2, Avg: 1.2, Max: 1.4, Diff: 0.2, Sum: 5.0]
      [Update RS (ms): Min: 1.7, Avg: 1.8, Max: 2.1, Diff: 0.4, Sum: 7.2]
         [Processed Buffers: Min: 3, Avg: 9.0, Max: 17, Diff: 14, Sum: 36]
      [Scan RS (ms): Min: 3.5, Avg: 3.8, Max: 4.1, Diff: 0.6, Sum: 15.1]
      [Code Root Scanning (ms): Min: 0.0, Avg: 0.0, Max: 0.0, Diff: 0.0, Sum: 0.0]
      [Object Copy (ms): Min: 27.1, Avg: 27.3, Max: 27.6, Diff: 0.5, Sum: 109.3]
      [Termination (ms): Min: 0.0, Avg: 1.3, Max: 2.3, Diff: 2.3, Sum: 5.3]
         [Termination Attempts: Min: 1, Avg: 1.2, Max: 2, Diff: 1, Sum: 5]
      [GC Worker Other (ms): Min: 0.0, Avg: 0.0, Max: 0.0, Diff: 0.0, Sum: 0.1]
      [GC Worker Total (ms): Min: 34.9, Avg: 35.5, Max: 36.2, Diff: 1.4, Sum: 142.0]
      [GC Worker End (ms): Min: 4368985.7, Avg: 4368986.4, Max: 4368987.1, Diff: 1.4]
   [Code Root Fixup: 0.0 ms]
   [Code Root Purge: 0.0 ms]
   [Clear CT: 0.2 ms]
   [Other: 3.8 ms]
      [Choose CSet: 0.0 ms]
      [Ref Proc: 3.0 ms]
      [Ref Enq: 0.0 ms]
      [Redirty Cards: 0.2 ms]
      [Humongous Register: 0.0 ms]
      [Humongous Reclaim: 0.0 ms]
      [Free CSet: 0.1 ms]
   [Eden: 45056.0K(45056.0K)->0.0B(47104.0K) Survivors: 7168.0K->5120.0K Heap: 325.2M(1024.0M)->280.7M(1024.0M)]
 [Times: user=0.14 sys=0.00, real=0.04 secs] 
2021-04-19T18:29:39.271-0700: 4420.632: [GC pause (G1 Evacuation Pause) (young), 0.0583759 secs]
   [Parallel Time: 53.4 ms, GC Workers: 4]
      [GC Worker Start (ms): Min: 4420632.7, Avg: 4420635.7, Max: 4420638.7, Diff: 6.0]
      [Ext Root Scanning (ms): Min: 0.0, Avg: 1.8, Max: 3.7, Diff: 3.7, Sum: 7.2]
      [Update RS (ms): Min: 0.8, Avg: 6.0, Max: 11.3, Diff: 10.5, Sum: 24.1]
         [Processed Buffers: Min: 1, Avg: 9.2, Max: 20, Diff: 19, Sum: 37]
      [Scan RS (ms): Min: 0.0, Avg: 1.8, Max: 3.9, Diff: 3.9, Sum: 7.3]
      [Code Root Scanning (ms): Min: 0.0, Avg: 0.0, Max: 0.0, Diff: 0.0, Sum: 0.0]
      [Object Copy (ms): Min: 37.3, Avg: 38.7, Max: 40.0, Diff: 2.7, Sum: 154.7]
      [Termination (ms): Min: 0.0, Avg: 1.3, Max: 2.3, Diff: 2.3, Sum: 5.3]
         [Termination Attempts: Min: 1, Avg: 1.0, Max: 1, Diff: 0, Sum: 4]
      [GC Worker Other (ms): Min: 0.0, Avg: 0.0, Max: 0.0, Diff: 0.0, Sum: 0.1]
      [GC Worker Total (ms): Min: 46.6, Avg: 49.7, Max: 52.9, Diff: 6.4, Sum: 198.9]
      [GC Worker End (ms): Min: 4420685.1, Avg: 4420685.4, Max: 4420685.7, Diff: 0.6]
   [Code Root Fixup: 0.0 ms]
   [Code Root Purge: 0.0 ms]
   [Clear CT: 0.3 ms]
   [Other: 4.6 ms]
      [Choose CSet: 0.0 ms]
      [Ref Proc: 2.9 ms]
      [Ref Enq: 0.0 ms]
      [Redirty Cards: 0.3 ms]
      [Humongous Register: 0.2 ms]
      [Humongous Reclaim: 0.2 ms]
      [Free CSet: 0.1 ms]
   [Eden: 47104.0K(47104.0K)->0.0B(46080.0K) Survivors: 5120.0K->6144.0K Heap: 326.7M(1024.0M)->283.7M(1024.0M)]
 [Times: user=0.10 sys=0.00, real=0.06 secs] 
2021-04-19T18:30:29.632-0700: 4470.992: [GC pause (G1 Evacuation Pause) (young), 0.0463485 secs]
   [Parallel Time: 43.9 ms, GC Workers: 4]
      [GC Worker Start (ms): Min: 4470992.6, Avg: 4470992.9, Max: 4470993.7, Diff: 1.1]
      [Ext Root Scanning (ms): Min: 1.2, Avg: 1.9, Max: 2.3, Diff: 1.1, Sum: 7.8]
      [Update RS (ms): Min: 3.6, Avg: 4.4, Max: 5.2, Diff: 1.6, Sum: 17.8]
         [Processed Buffers: Min: 1, Avg: 8.8, Max: 18, Diff: 17, Sum: 35]
      [Scan RS (ms): Min: 6.2, Avg: 7.1, Max: 8.2, Diff: 2.0, Sum: 28.6]
      [Code Root Scanning (ms): Min: 0.0, Avg: 0.0, Max: 0.0, Diff: 0.0, Sum: 0.0]
      [Object Copy (ms): Min: 29.5, Avg: 29.8, Max: 30.1, Diff: 0.5, Sum: 119.3]
      [Termination (ms): Min: 0.0, Avg: 0.0, Max: 0.0, Diff: 0.0, Sum: 0.0]
         [Termination Attempts: Min: 1, Avg: 1.0, Max: 1, Diff: 0, Sum: 4]
      [GC Worker Other (ms): Min: 0.0, Avg: 0.0, Max: 0.0, Diff: 0.0, Sum: 0.1]
      [GC Worker Total (ms): Min: 42.6, Avg: 43.4, Max: 43.7, Diff: 1.1, Sum: 173.5]
      [GC Worker End (ms): Min: 4471036.3, Avg: 4471036.3, Max: 4471036.3, Diff: 0.0]
   [Code Root Fixup: 0.0 ms]
   [Code Root Purge: 0.0 ms]
   [Clear CT: 0.7 ms]
   [Other: 1.7 ms]
      [Choose CSet: 0.0 ms]
      [Ref Proc: 0.4 ms]
      [Ref Enq: 0.0 ms]
      [Redirty Cards: 0.7 ms]
      [Humongous Register: 0.1 ms]
      [Humongous Reclaim: 0.0 ms]
      [Free CSet: 0.1 ms]
   [Eden: 46080.0K(46080.0K)->0.0B(47104.0K) Survivors: 6144.0K->5120.0K Heap: 328.7M(1024.0M)->284.8M(1024.0M)]
 [Times: user=0.17 sys=0.00, real=0.05 secs] 
2021-04-19T18:31:21.281-0700: 4522.642: [GC pause (G1 Evacuation Pause) (young), 0.0330475 secs]
   [Parallel Time: 31.8 ms, GC Workers: 4]
      [GC Worker Start (ms): Min: 4522642.0, Avg: 4522642.0, Max: 4522642.1, Diff: 0.1]
      [Ext Root Scanning (ms): Min: 1.2, Avg: 1.3, Max: 1.4, Diff: 0.2, Sum: 5.1]
      [Update RS (ms): Min: 2.7, Avg: 2.9, Max: 3.3, Diff: 0.6, Sum: 11.4]
         [Processed Buffers: Min: 1, Avg: 8.8, Max: 27, Diff: 26, Sum: 35]
      [Scan RS (ms): Min: 4.0, Avg: 4.5, Max: 4.7, Diff: 0.7, Sum: 17.9]
      [Code Root Scanning (ms): Min: 0.0, Avg: 0.0, Max: 0.0, Diff: 0.0, Sum: 0.0]
      [Object Copy (ms): Min: 22.9, Avg: 23.0, Max: 23.1, Diff: 0.2, Sum: 91.9]
      [Termination (ms): Min: 0.0, Avg: 0.0, Max: 0.0, Diff: 0.0, Sum: 0.0]
         [Termination Attempts: Min: 1, Avg: 1.0, Max: 1, Diff: 0, Sum: 4]
      [GC Worker Other (ms): Min: 0.0, Avg: 0.0, Max: 0.0, Diff: 0.0, Sum: 0.1]
      [GC Worker Total (ms): Min: 31.5, Avg: 31.6, Max: 31.7, Diff: 0.1, Sum: 126.4]
      [GC Worker End (ms): Min: 4522673.6, Avg: 4522673.6, Max: 4522673.6, Diff: 0.0]
   [Code Root Fixup: 0.0 ms]
   [Code Root Purge: 0.0 ms]
   [Clear CT: 0.3 ms]
   [Other: 1.0 ms]
      [Choose CSet: 0.0 ms]
      [Ref Proc: 0.5 ms]
      [Ref Enq: 0.0 ms]
      [Redirty Cards: 0.1 ms]
      [Humongous Register: 0.0 ms]
      [Humongous Reclaim: 0.0 ms]
      [Free CSet: 0.1 ms]
   [Eden: 47104.0K(47104.0K)->0.0B(46080.0K) Survivors: 5120.0K->6144.0K Heap: 330.8M(1024.0M)->287.9M(1024.0M)]
 [Times: user=0.12 sys=0.00, real=0.03 secs] 
2021-04-19T18:32:11.726-0700: 4573.086: [GC pause (G1 Evacuation Pause) (young), 0.0332875 secs]
   [Parallel Time: 30.9 ms, GC Workers: 4]
      [GC Worker Start (ms): Min: 4573086.7, Avg: 4573088.0, Max: 4573090.6, Diff: 3.9]
      [Ext Root Scanning (ms): Min: 0.0, Avg: 1.2, Max: 2.0, Diff: 1.9, Sum: 4.7]
      [Update RS (ms): Min: 1.0, Avg: 2.6, Max: 3.9, Diff: 2.9, Sum: 10.4]
         [Processed Buffers: Min: 1, Avg: 8.0, Max: 25, Diff: 24, Sum: 32]
      [Scan RS (ms): Min: 3.9, Avg: 4.7, Max: 5.4, Diff: 1.5, Sum: 19.0]
      [Code Root Scanning (ms): Min: 0.0, Avg: 0.0, Max: 0.0, Diff: 0.0, Sum: 0.0]
      [Object Copy (ms): Min: 20.6, Avg: 21.0, Max: 21.3, Diff: 0.8, Sum: 84.1]
      [Termination (ms): Min: 0.0, Avg: 0.0, Max: 0.0, Diff: 0.0, Sum: 0.0]
         [Termination Attempts: Min: 1, Avg: 1.8, Max: 3, Diff: 2, Sum: 7]
      [GC Worker Other (ms): Min: 0.0, Avg: 0.0, Max: 0.0, Diff: 0.0, Sum: 0.1]
      [GC Worker Total (ms): Min: 26.9, Avg: 29.6, Max: 30.8, Diff: 3.9, Sum: 118.3]
      [GC Worker End (ms): Min: 4573117.6, Avg: 4573117.6, Max: 4573117.6, Diff: 0.0]
   [Code Root Fixup: 0.0 ms]
   [Code Root Purge: 0.0 ms]
   [Clear CT: 0.1 ms]
   [Other: 2.2 ms]
      [Choose CSet: 0.0 ms]
      [Ref Proc: 1.5 ms]
      [Ref Enq: 0.0 ms]
      [Redirty Cards: 0.1 ms]
      [Humongous Register: 0.1 ms]
      [Humongous Reclaim: 0.0 ms]
      [Free CSet: 0.0 ms]
   [Eden: 46080.0K(46080.0K)->0.0B(47104.0K) Survivors: 6144.0K->5120.0K Heap: 332.9M(1024.0M)->288.8M(1024.0M)]
 [Times: user=0.11 sys=0.01, real=0.04 secs] 
2021-04-19T18:33:03.528-0700: 4624.888: [GC pause (G1 Evacuation Pause) (young), 0.0456277 secs]
   [Parallel Time: 42.8 ms, GC Workers: 4]
      [GC Worker Start (ms): Min: 4624888.5, Avg: 4624888.7, Max: 4624888.8, Diff: 0.2]
      [Ext Root Scanning (ms): Min: 1.7, Avg: 1.8, Max: 2.0, Diff: 0.3, Sum: 7.4]
      [Update RS (ms): Min: 3.1, Avg: 3.4, Max: 4.2, Diff: 1.1, Sum: 13.7]
         [Processed Buffers: Min: 1, Avg: 8.2, Max: 26, Diff: 25, Sum: 33]
      [Scan RS (ms): Min: 6.8, Avg: 7.4, Max: 7.7, Diff: 1.0, Sum: 29.6]
      [Code Root Scanning (ms): Min: 0.0, Avg: 0.0, Max: 0.0, Diff: 0.0, Sum: 0.0]
      [Object Copy (ms): Min: 29.6, Avg: 29.8, Max: 29.9, Diff: 0.3, Sum: 119.3]
      [Termination (ms): Min: 0.0, Avg: 0.0, Max: 0.0, Diff: 0.0, Sum: 0.0]
         [Termination Attempts: Min: 1, Avg: 1.0, Max: 1, Diff: 0, Sum: 4]
      [GC Worker Other (ms): Min: 0.0, Avg: 0.0, Max: 0.0, Diff: 0.0, Sum: 0.1]
      [GC Worker Total (ms): Min: 42.4, Avg: 42.5, Max: 42.7, Diff: 0.2, Sum: 170.1]
      [GC Worker End (ms): Min: 4624931.2, Avg: 4624931.2, Max: 4624931.2, Diff: 0.0]
   [Code Root Fixup: 0.0 ms]
   [Code Root Purge: 0.0 ms]
   [Clear CT: 0.7 ms]
   [Other: 2.1 ms]
      [Choose CSet: 0.0 ms]
      [Ref Proc: 0.8 ms]
      [Ref Enq: 0.0 ms]
      [Redirty Cards: 0.6 ms]
      [Humongous Register: 0.1 ms]
      [Humongous Reclaim: 0.0 ms]
      [Free CSet: 0.1 ms]
   [Eden: 47104.0K(47104.0K)->0.0B(45056.0K) Survivors: 5120.0K->7168.0K Heap: 334.8M(1024.0M)->292.2M(1024.0M)]
 [Times: user=0.17 sys=0.00, real=0.05 secs] 
2021-04-19T18:33:52.943-0700: 4674.303: [GC pause (G1 Evacuation Pause) (young), 0.0794631 secs]
   [Parallel Time: 73.0 ms, GC Workers: 4]
      [GC Worker Start (ms): Min: 4674303.6, Avg: 4674304.4, Max: 4674306.6, Diff: 3.0]
      [Ext Root Scanning (ms): Min: 0.0, Avg: 1.7, Max: 2.6, Diff: 2.5, Sum: 6.9]
      [Update RS (ms): Min: 5.9, Avg: 11.3, Max: 18.9, Diff: 12.9, Sum: 45.3]
         [Processed Buffers: Min: 0, Avg: 8.2, Max: 23, Diff: 23, Sum: 33]
      [Scan RS (ms): Min: 0.0, Avg: 2.6, Max: 6.2, Diff: 6.2, Sum: 10.2]
      [Code Root Scanning (ms): Min: 0.0, Avg: 0.0, Max: 0.0, Diff: 0.0, Sum: 0.0]
      [Object Copy (ms): Min: 48.1, Avg: 52.1, Max: 56.6, Diff: 8.6, Sum: 208.3]
      [Termination (ms): Min: 0.0, Avg: 3.4, Max: 6.4, Diff: 6.4, Sum: 13.6]
         [Termination Attempts: Min: 1, Avg: 1.5, Max: 3, Diff: 2, Sum: 6]
      [GC Worker Other (ms): Min: 0.0, Avg: 0.0, Max: 0.1, Diff: 0.0, Sum: 0.2]
      [GC Worker Total (ms): Min: 69.6, Avg: 71.1, Max: 72.8, Diff: 3.2, Sum: 284.5]
      [GC Worker End (ms): Min: 4674374.7, Avg: 4674375.5, Max: 4674376.5, Diff: 1.7]
   [Code Root Fixup: 0.0 ms]
   [Code Root Purge: 0.0 ms]
   [Clear CT: 0.7 ms]
   [Other: 5.7 ms]
      [Choose CSet: 0.0 ms]
      [Ref Proc: 3.2 ms]
      [Ref Enq: 0.0 ms]
      [Redirty Cards: 1.0 ms]
      [Humongous Register: 0.2 ms]
      [Humongous Reclaim: 0.2 ms]
      [Free CSet: 0.2 ms]
   [Eden: 45056.0K(45056.0K)->0.0B(46080.0K) Survivors: 7168.0K->6144.0K Heap: 336.2M(1024.0M)->293.8M(1024.0M)]
 [Times: user=0.13 sys=0.00, real=0.09 secs] 
2021-04-19T18:34:43.511-0700: 4724.871: [GC pause (G1 Evacuation Pause) (young), 0.0291209 secs]
   [Parallel Time: 27.3 ms, GC Workers: 4]
      [GC Worker Start (ms): Min: 4724871.8, Avg: 4724874.1, Max: 4724874.9, Diff: 3.1]
      [Ext Root Scanning (ms): Min: 0.2, Avg: 1.4, Max: 4.8, Diff: 4.7, Sum: 5.7]
      [Update RS (ms): Min: 1.1, Avg: 2.7, Max: 3.6, Diff: 2.5, Sum: 10.7]
         [Processed Buffers: Min: 1, Avg: 8.5, Max: 27, Diff: 26, Sum: 34]
      [Scan RS (ms): Min: 4.6, Avg: 5.0, Max: 5.3, Diff: 0.6, Sum: 20.1]
      [Code Root Scanning (ms): Min: 0.0, Avg: 0.0, Max: 0.0, Diff: 0.0, Sum: 0.0]
      [Object Copy (ms): Min: 14.8, Avg: 15.1, Max: 15.4, Diff: 0.6, Sum: 60.3]
      [Termination (ms): Min: 0.0, Avg: 0.5, Max: 0.8, Diff: 0.8, Sum: 1.9]
         [Termination Attempts: Min: 1, Avg: 1.5, Max: 2, Diff: 1, Sum: 6]
      [GC Worker Other (ms): Min: 0.0, Avg: 0.0, Max: 0.1, Diff: 0.1, Sum: 0.1]
      [GC Worker Total (ms): Min: 23.7, Avg: 24.7, Max: 27.0, Diff: 3.3, Sum: 98.9]
      [GC Worker End (ms): Min: 4724898.6, Avg: 4724898.8, Max: 4724899.0, Diff: 0.3]
   [Code Root Fixup: 0.0 ms]
   [Code Root Purge: 0.0 ms]
   [Clear CT: 0.1 ms]
   [Other: 1.7 ms]
      [Choose CSet: 0.0 ms]
      [Ref Proc: 1.0 ms]
      [Ref Enq: 0.0 ms]
      [Redirty Cards: 0.1 ms]
      [Humongous Register: 0.1 ms]
      [Humongous Reclaim: 0.0 ms]
      [Free CSet: 0.0 ms]
   [Eden: 46080.0K(46080.0K)->0.0B(47104.0K) Survivors: 6144.0K->5120.0K Heap: 338.8M(1024.0M)->295.8M(1024.0M)]
 [Times: user=0.09 sys=0.00, real=0.03 secs] 
2021-04-19T18:35:35.314-0700: 4776.674: [GC pause (G1 Evacuation Pause) (young), 0.0410817 secs]
   [Parallel Time: 39.2 ms, GC Workers: 4]
      [GC Worker Start (ms): Min: 4776674.9, Avg: 4776675.0, Max: 4776675.0, Diff: 0.2]
      [Ext Root Scanning (ms): Min: 2.0, Avg: 2.2, Max: 2.6, Diff: 0.5, Sum: 8.9]
      [Update RS (ms): Min: 5.2, Avg: 5.8, Max: 6.7, Diff: 1.6, Sum: 23.3]
         [Processed Buffers: Min: 1, Avg: 8.2, Max: 26, Diff: 25, Sum: 33]
      [Scan RS (ms): Min: 5.7, Avg: 6.6, Max: 7.2, Diff: 1.5, Sum: 26.5]
      [Code Root Scanning (ms): Min: 0.0, Avg: 0.0, Max: 0.0, Diff: 0.0, Sum: 0.0]
      [Object Copy (ms): Min: 24.0, Avg: 24.2, Max: 24.4, Diff: 0.4, Sum: 96.8]
      [Termination (ms): Min: 0.0, Avg: 0.0, Max: 0.0, Diff: 0.0, Sum: 0.1]
         [Termination Attempts: Min: 1, Avg: 1.0, Max: 1, Diff: 0, Sum: 4]
      [GC Worker Other (ms): Min: 0.0, Avg: 0.0, Max: 0.0, Diff: 0.0, Sum: 0.1]
      [GC Worker Total (ms): Min: 38.9, Avg: 38.9, Max: 39.0, Diff: 0.2, Sum: 155.8]
      [GC Worker End (ms): Min: 4776713.9, Avg: 4776713.9, Max: 4776713.9, Diff: 0.0]
   [Code Root Fixup: 0.0 ms]
   [Code Root Purge: 0.0 ms]
   [Clear CT: 0.4 ms]
   [Other: 1.5 ms]
      [Choose CSet: 0.0 ms]
      [Ref Proc: 0.4 ms]
      [Ref Enq: 0.0 ms]
      [Redirty Cards: 0.2 ms]
      [Humongous Register: 0.1 ms]
      [Humongous Reclaim: 0.0 ms]
      [Free CSet: 0.1 ms]
   [Eden: 47104.0K(47104.0K)->0.0B(45056.0K) Survivors: 5120.0K->7168.0K Heap: 341.8M(1024.0M)->297.8M(1024.0M)]
 [Times: user=0.15 sys=0.00, real=0.05 secs] 
2021-04-19T18:36:24.761-0700: 4826.121: [GC pause (G1 Evacuation Pause) (young), 0.0340323 secs]
   [Parallel Time: 32.3 ms, GC Workers: 4]
      [GC Worker Start (ms): Min: 4826122.3, Avg: 4826122.5, Max: 4826122.7, Diff: 0.4]
      [Ext Root Scanning (ms): Min: 2.2, Avg: 3.9, Max: 8.3, Diff: 6.1, Sum: 15.5]
      [Update RS (ms): Min: 0.0, Avg: 3.3, Max: 4.7, Diff: 4.7, Sum: 13.3]
         [Processed Buffers: Min: 0, Avg: 8.8, Max: 20, Diff: 20, Sum: 35]
      [Scan RS (ms): Min: 3.3, Avg: 4.3, Max: 5.5, Diff: 2.2, Sum: 17.3]
      [Code Root Scanning (ms): Min: 0.0, Avg: 0.0, Max: 0.0, Diff: 0.0, Sum: 0.0]
      [Object Copy (ms): Min: 19.6, Avg: 20.4, Max: 20.9, Diff: 1.3, Sum: 81.5]
      [Termination (ms): Min: 0.0, Avg: 0.0, Max: 0.0, Diff: 0.0, Sum: 0.0]
         [Termination Attempts: Min: 1, Avg: 2.8, Max: 4, Diff: 3, Sum: 11]
      [GC Worker Other (ms): Min: 0.0, Avg: 0.0, Max: 0.1, Diff: 0.0, Sum: 0.1]
      [GC Worker Total (ms): Min: 31.7, Avg: 32.0, Max: 32.1, Diff: 0.4, Sum: 127.8]
      [GC Worker End (ms): Min: 4826154.4, Avg: 4826154.4, Max: 4826154.4, Diff: 0.0]
   [Code Root Fixup: 0.0 ms]
   [Code Root Purge: 0.0 ms]
   [Clear CT: 0.3 ms]
   [Other: 1.4 ms]
      [Choose CSet: 0.0 ms]
      [Ref Proc: 0.3 ms]
      [Ref Enq: 0.0 ms]
      [Redirty Cards: 0.2 ms]
      [Humongous Register: 0.2 ms]
      [Humongous Reclaim: 0.0 ms]
      [Free CSet: 0.0 ms]
   [Eden: 45056.0K(45056.0K)->0.0B(47104.0K) Survivors: 7168.0K->5120.0K Heap: 341.8M(1024.0M)->298.4M(1024.0M)]
 [Times: user=0.09 sys=0.00, real=0.03 secs] 
2021-04-19T18:37:16.525-0700: 4877.886: [GC pause (G1 Evacuation Pause) (young), 0.0373759 secs]
   [Parallel Time: 34.8 ms, GC Workers: 4]
      [GC Worker Start (ms): Min: 4877885.9, Avg: 4877886.0, Max: 4877886.1, Diff: 0.2]
      [Ext Root Scanning (ms): Min: 1.8, Avg: 1.9, Max: 2.1, Diff: 0.3, Sum: 7.7]
      [Update RS (ms): Min: 4.1, Avg: 4.7, Max: 5.0, Diff: 1.0, Sum: 18.8]
         [Processed Buffers: Min: 1, Avg: 7.8, Max: 28, Diff: 27, Sum: 31]
      [Scan RS (ms): Min: 4.6, Avg: 5.0, Max: 5.5, Diff: 0.8, Sum: 20.0]
      [Code Root Scanning (ms): Min: 0.0, Avg: 0.0, Max: 0.0, Diff: 0.0, Sum: 0.0]
      [Object Copy (ms): Min: 22.8, Avg: 22.9, Max: 23.1, Diff: 0.3, Sum: 91.7]
      [Termination (ms): Min: 0.0, Avg: 0.0, Max: 0.0, Diff: 0.0, Sum: 0.0]
         [Termination Attempts: Min: 1, Avg: 1.0, Max: 1, Diff: 0, Sum: 4]
      [GC Worker Other (ms): Min: 0.0, Avg: 0.0, Max: 0.0, Diff: 0.0, Sum: 0.1]
      [GC Worker Total (ms): Min: 34.5, Avg: 34.6, Max: 34.7, Diff: 0.2, Sum: 138.4]
      [GC Worker End (ms): Min: 4877920.6, Avg: 4877920.6, Max: 4877920.6, Diff: 0.0]
   [Code Root Fixup: 0.0 ms]
   [Code Root Purge: 0.0 ms]
   [Clear CT: 0.7 ms]
   [Other: 1.8 ms]
      [Choose CSet: 0.0 ms]
      [Ref Proc: 0.4 ms]
      [Ref Enq: 0.0 ms]
      [Redirty Cards: 0.7 ms]
      [Humongous Register: 0.1 ms]
      [Humongous Reclaim: 0.0 ms]
      [Free CSet: 0.1 ms]
   [Eden: 47104.0K(47104.0K)->0.0B(45056.0K) Survivors: 5120.0K->7168.0K Heap: 344.4M(1024.0M)->300.4M(1024.0M)]
 [Times: user=0.14 sys=0.00, real=0.04 secs] 
2021-04-19T18:38:05.679-0700: 4927.040: [GC pause (G1 Evacuation Pause) (young), 0.0361513 secs]
   [Parallel Time: 33.6 ms, GC Workers: 4]
      [GC Worker Start (ms): Min: 4927040.4, Avg: 4927040.9, Max: 4927041.5, Diff: 1.1]
      [Ext Root Scanning (ms): Min: 1.7, Avg: 4.2, Max: 9.4, Diff: 7.7, Sum: 16.9]
      [Update RS (ms): Min: 0.0, Avg: 2.7, Max: 3.8, Diff: 3.8, Sum: 10.7]
         [Processed Buffers: Min: 0, Avg: 8.5, Max: 23, Diff: 23, Sum: 34]
      [Scan RS (ms): Min: 0.0, Avg: 4.9, Max: 12.1, Diff: 12.1, Sum: 19.7]
      [Code Root Scanning (ms): Min: 0.0, Avg: 0.0, Max: 0.0, Diff: 0.0, Sum: 0.0]
      [Object Copy (ms): Min: 13.8, Avg: 20.2, Max: 22.8, Diff: 9.1, Sum: 80.6]
      [Termination (ms): Min: 0.0, Avg: 0.9, Max: 1.2, Diff: 1.2, Sum: 3.5]
         [Termination Attempts: Min: 1, Avg: 1.0, Max: 1, Diff: 0, Sum: 4]
      [GC Worker Other (ms): Min: 0.0, Avg: 0.0, Max: 0.0, Diff: 0.0, Sum: 0.1]
      [GC Worker Total (ms): Min: 32.3, Avg: 32.9, Max: 33.4, Diff: 1.1, Sum: 131.5]
      [GC Worker End (ms): Min: 4927073.8, Avg: 4927073.8, Max: 4927073.9, Diff: 0.1]
   [Code Root Fixup: 0.0 ms]
   [Code Root Purge: 0.0 ms]
   [Clear CT: 0.1 ms]
   [Other: 2.4 ms]
      [Choose CSet: 0.0 ms]
      [Ref Proc: 1.5 ms]
      [Ref Enq: 0.0 ms]
      [Redirty Cards: 0.2 ms]
      [Humongous Register: 0.1 ms]
      [Humongous Reclaim: 0.0 ms]
      [Free CSet: 0.1 ms]
   [Eden: 45056.0K(45056.0K)->0.0B(48128.0K) Survivors: 7168.0K->4096.0K Heap: 344.4M(1024.0M)->300.6M(1024.0M)]
 [Times: user=0.10 sys=0.00, real=0.04 secs] 
2021-04-19T18:38:58.764-0700: 4980.124: [GC pause (G1 Evacuation Pause) (young), 0.0176516 secs]
   [Parallel Time: 16.8 ms, GC Workers: 4]
      [GC Worker Start (ms): Min: 4980124.2, Avg: 4980124.3, Max: 4980124.3, Diff: 0.1]
      [Ext Root Scanning (ms): Min: 0.5, Avg: 0.6, Max: 0.7, Diff: 0.2, Sum: 2.3]
      [Update RS (ms): Min: 1.2, Avg: 1.3, Max: 1.4, Diff: 0.2, Sum: 5.3]
         [Processed Buffers: Min: 1, Avg: 9.2, Max: 23, Diff: 22, Sum: 37]
      [Scan RS (ms): Min: 1.8, Avg: 1.8, Max: 2.0, Diff: 0.2, Sum: 7.3]
      [Code Root Scanning (ms): Min: 0.0, Avg: 0.0, Max: 0.1, Diff: 0.1, Sum: 0.1]
      [Object Copy (ms): Min: 9.7, Avg: 10.5, Max: 12.6, Diff: 2.9, Sum: 41.8]
      [Termination (ms): Min: 0.0, Avg: 2.3, Max: 3.1, Diff: 3.1, Sum: 9.1]
         [Termination Attempts: Min: 1, Avg: 1.0, Max: 1, Diff: 0, Sum: 4]
      [GC Worker Other (ms): Min: 0.0, Avg: 0.0, Max: 0.0, Diff: 0.0, Sum: 0.0]
      [GC Worker Total (ms): Min: 16.4, Avg: 16.5, Max: 16.7, Diff: 0.3, Sum: 66.0]
      [GC Worker End (ms): Min: 4980140.6, Avg: 4980140.7, Max: 4980140.9, Diff: 0.2]
   [Code Root Fixup: 0.0 ms]
   [Code Root Purge: 0.0 ms]
   [Clear CT: 0.1 ms]
   [Other: 0.8 ms]
      [Choose CSet: 0.1 ms]
      [Ref Proc: 0.3 ms]
      [Ref Enq: 0.0 ms]
      [Redirty Cards: 0.1 ms]
      [Humongous Register: 0.0 ms]
      [Humongous Reclaim: 0.0 ms]
      [Free CSet: 0.1 ms]
   [Eden: 48128.0K(48128.0K)->0.0B(45056.0K) Survivors: 4096.0K->7168.0K Heap: 347.6M(1024.0M)->303.1M(1024.0M)]
 [Times: user=0.06 sys=0.00, real=0.02 secs] 
2021-04-19T18:39:47.995-0700: 5029.356: [GC pause (G1 Evacuation Pause) (young), 0.0366075 secs]
   [Parallel Time: 34.7 ms, GC Workers: 4]
      [GC Worker Start (ms): Min: 5029356.2, Avg: 5029356.3, Max: 5029356.4, Diff: 0.2]
      [Ext Root Scanning (ms): Min: 1.5, Avg: 1.6, Max: 1.7, Diff: 0.2, Sum: 6.3]
      [Update RS (ms): Min: 2.7, Avg: 3.0, Max: 3.5, Diff: 0.8, Sum: 11.9]
         [Processed Buffers: Min: 1, Avg: 8.5, Max: 17, Diff: 16, Sum: 34]
      [Scan RS (ms): Min: 3.8, Avg: 4.3, Max: 4.8, Diff: 0.9, Sum: 17.3]
      [Code Root Scanning (ms): Min: 0.0, Avg: 0.1, Max: 0.1, Diff: 0.1, Sum: 0.2]
      [Object Copy (ms): Min: 25.4, Avg: 25.6, Max: 25.7, Diff: 0.3, Sum: 102.3]
      [Termination (ms): Min: 0.0, Avg: 0.0, Max: 0.0, Diff: 0.0, Sum: 0.0]
         [Termination Attempts: Min: 1, Avg: 1.0, Max: 1, Diff: 0, Sum: 4]
      [GC Worker Other (ms): Min: 0.0, Avg: 0.0, Max: 0.0, Diff: 0.0, Sum: 0.1]
      [GC Worker Total (ms): Min: 34.5, Avg: 34.5, Max: 34.6, Diff: 0.2, Sum: 138.2]
      [GC Worker End (ms): Min: 5029390.8, Avg: 5029390.8, Max: 5029390.8, Diff: 0.0]
   [Code Root Fixup: 0.0 ms]
   [Code Root Purge: 0.0 ms]
   [Clear CT: 0.5 ms]
   [Other: 1.3 ms]
      [Choose CSet: 0.0 ms]
      [Ref Proc: 0.6 ms]
      [Ref Enq: 0.0 ms]
      [Redirty Cards: 0.2 ms]
      [Humongous Register: 0.1 ms]
      [Humongous Reclaim: 0.0 ms]
      [Free CSet: 0.1 ms]
   [Eden: 45056.0K(45056.0K)->0.0B(47104.0K) Survivors: 7168.0K->5120.0K Heap: 347.1M(1024.0M)->303.8M(1024.0M)]
 [Times: user=0.15 sys=0.00, real=0.04 secs] 
2021-04-19T18:40:39.532-0700: 5080.892: [GC pause (G1 Evacuation Pause) (young), 0.0371297 secs]
   [Parallel Time: 34.3 ms, GC Workers: 4]
      [GC Worker Start (ms): Min: 5080892.5, Avg: 5080893.0, Max: 5080894.7, Diff: 2.2]
      [Ext Root Scanning (ms): Min: 0.2, Avg: 1.7, Max: 2.4, Diff: 2.2, Sum: 6.8]
      [Update RS (ms): Min: 3.0, Avg: 3.4, Max: 3.9, Diff: 0.8, Sum: 13.7]
         [Processed Buffers: Min: 1, Avg: 8.2, Max: 27, Diff: 26, Sum: 33]
      [Scan RS (ms): Min: 2.1, Avg: 2.5, Max: 2.9, Diff: 0.8, Sum: 10.0]
      [Code Root Scanning (ms): Min: 0.0, Avg: 0.0, Max: 0.1, Diff: 0.1, Sum: 0.1]
      [Object Copy (ms): Min: 16.1, Avg: 17.7, Max: 21.9, Diff: 5.9, Sum: 70.9]
      [Termination (ms): Min: 0.0, Avg: 4.7, Max: 6.5, Diff: 6.5, Sum: 18.7]
         [Termination Attempts: Min: 1, Avg: 1.0, Max: 1, Diff: 0, Sum: 4]
      [GC Worker Other (ms): Min: 0.0, Avg: 0.0, Max: 0.0, Diff: 0.0, Sum: 0.1]
      [GC Worker Total (ms): Min: 28.2, Avg: 30.1, Max: 31.0, Diff: 2.9, Sum: 120.3]
      [GC Worker End (ms): Min: 5080922.8, Avg: 5080923.1, Max: 5080923.5, Diff: 0.7]
   [Code Root Fixup: 0.0 ms]
   [Code Root Purge: 0.0 ms]
   [Clear CT: 0.2 ms]
   [Other: 2.5 ms]
      [Choose CSet: 0.0 ms]
      [Ref Proc: 1.4 ms]
      [Ref Enq: 0.0 ms]
      [Redirty Cards: 0.2 ms]
      [Humongous Register: 0.2 ms]
      [Humongous Reclaim: 0.1 ms]
      [Free CSet: 0.1 ms]
   [Eden: 47104.0K(47104.0K)->0.0B(46080.0K) Survivors: 5120.0K->6144.0K Heap: 349.8M(1024.0M)->305.3M(1024.0M)]
 [Times: user=0.10 sys=0.00, real=0.04 secs] 
2021-04-19T18:41:30.002-0700: 5131.363: [GC pause (G1 Evacuation Pause) (young), 0.0307393 secs]
   [Parallel Time: 29.7 ms, GC Workers: 4]
      [GC Worker Start (ms): Min: 5131363.1, Avg: 5131363.2, Max: 5131363.2, Diff: 0.1]
      [Ext Root Scanning (ms): Min: 1.1, Avg: 1.2, Max: 1.4, Diff: 0.3, Sum: 5.0]
      [Update RS (ms): Min: 2.4, Avg: 2.6, Max: 2.8, Diff: 0.4, Sum: 10.3]
         [Processed Buffers: Min: 1, Avg: 9.0, Max: 27, Diff: 26, Sum: 36]
      [Scan RS (ms): Min: 2.7, Avg: 3.0, Max: 3.2, Diff: 0.5, Sum: 12.1]
      [Code Root Scanning (ms): Min: 0.0, Avg: 0.0, Max: 0.1, Diff: 0.1, Sum: 0.2]
      [Object Copy (ms): Min: 22.4, Avg: 22.5, Max: 22.6, Diff: 0.1, Sum: 90.1]
      [Termination (ms): Min: 0.0, Avg: 0.0, Max: 0.0, Diff: 0.0, Sum: 0.0]
         [Termination Attempts: Min: 1, Avg: 1.2, Max: 2, Diff: 1, Sum: 5]
      [GC Worker Other (ms): Min: 0.0, Avg: 0.0, Max: 0.0, Diff: 0.0, Sum: 0.1]
      [GC Worker Total (ms): Min: 29.4, Avg: 29.4, Max: 29.5, Diff: 0.1, Sum: 117.8]
      [GC Worker End (ms): Min: 5131392.6, Avg: 5131392.6, Max: 5131392.6, Diff: 0.0]
   [Code Root Fixup: 0.0 ms]
   [Code Root Purge: 0.0 ms]
   [Clear CT: 0.1 ms]
   [Other: 0.9 ms]
      [Choose CSet: 0.0 ms]
      [Ref Proc: 0.2 ms]
      [Ref Enq: 0.0 ms]
      [Redirty Cards: 0.2 ms]
      [Humongous Register: 0.0 ms]
      [Humongous Reclaim: 0.0 ms]
      [Free CSet: 0.1 ms]
   [Eden: 46080.0K(46080.0K)->0.0B(47104.0K) Survivors: 6144.0K->5120.0K Heap: 350.3M(1024.0M)->305.3M(1024.0M)]
 [Times: user=0.12 sys=0.00, real=0.03 secs] 
2021-04-19T18:42:21.833-0700: 5183.194: [GC pause (G1 Evacuation Pause) (young), 0.0410215 secs]
   [Parallel Time: 38.8 ms, GC Workers: 4]
      [GC Worker Start (ms): Min: 5183194.4, Avg: 5183194.5, Max: 5183194.7, Diff: 0.3]
      [Ext Root Scanning (ms): Min: 1.8, Avg: 2.1, Max: 2.2, Diff: 0.4, Sum: 8.2]
      [Update RS (ms): Min: 3.4, Avg: 3.7, Max: 4.3, Diff: 0.9, Sum: 14.7]
         [Processed Buffers: Min: 2, Avg: 8.2, Max: 26, Diff: 24, Sum: 33]
      [Scan RS (ms): Min: 3.8, Avg: 4.3, Max: 4.7, Diff: 0.9, Sum: 17.3]
      [Code Root Scanning (ms): Min: 0.0, Avg: 0.0, Max: 0.1, Diff: 0.1, Sum: 0.2]
      [Object Copy (ms): Min: 28.2, Avg: 28.3, Max: 28.4, Diff: 0.2, Sum: 113.1]
      [Termination (ms): Min: 0.0, Avg: 0.0, Max: 0.0, Diff: 0.0, Sum: 0.0]
         [Termination Attempts: Min: 1, Avg: 1.0, Max: 1, Diff: 0, Sum: 4]
      [GC Worker Other (ms): Min: 0.0, Avg: 0.0, Max: 0.1, Diff: 0.1, Sum: 0.2]
      [GC Worker Total (ms): Min: 38.2, Avg: 38.4, Max: 38.5, Diff: 0.3, Sum: 153.6]
      [GC Worker End (ms): Min: 5183232.9, Avg: 5183232.9, Max: 5183232.9, Diff: 0.0]
   [Code Root Fixup: 0.0 ms]
   [Code Root Purge: 0.0 ms]
   [Clear CT: 0.4 ms]
   [Other: 1.9 ms]
      [Choose CSet: 0.0 ms]
      [Ref Proc: 0.7 ms]
      [Ref Enq: 0.0 ms]
      [Redirty Cards: 0.3 ms]
      [Humongous Register: 0.1 ms]
      [Humongous Reclaim: 0.0 ms]
      [Free CSet: 0.1 ms]
   [Eden: 47104.0K(47104.0K)->0.0B(45056.0K) Survivors: 5120.0K->7168.0K Heap: 351.3M(1024.0M)->309.8M(1024.0M)]
 [Times: user=0.15 sys=0.00, real=0.05 secs] 
2021-04-19T18:43:11.635-0700: 5232.995: [GC pause (G1 Evacuation Pause) (young), 0.0720277 secs]
   [Parallel Time: 62.9 ms, GC Workers: 4]
      [GC Worker Start (ms): Min: 5232995.9, Avg: 5233001.0, Max: 5233004.2, Diff: 8.3]
      [Ext Root Scanning (ms): Min: 0.0, Avg: 4.4, Max: 14.7, Diff: 14.7, Sum: 17.6]
      [Update RS (ms): Min: 0.0, Avg: 4.4, Max: 7.3, Diff: 7.3, Sum: 17.4]
         [Processed Buffers: Min: 0, Avg: 8.2, Max: 31, Diff: 31, Sum: 33]
      [Scan RS (ms): Min: 2.8, Avg: 6.4, Max: 9.8, Diff: 6.9, Sum: 25.5]
      [Code Root Scanning (ms): Min: 0.0, Avg: 0.0, Max: 0.0, Diff: 0.0, Sum: 0.1]
      [Object Copy (ms): Min: 33.1, Avg: 36.3, Max: 38.8, Diff: 5.7, Sum: 145.3]
      [Termination (ms): Min: 0.0, Avg: 6.0, Max: 9.0, Diff: 9.0, Sum: 24.0]
         [Termination Attempts: Min: 1, Avg: 1.0, Max: 1, Diff: 0, Sum: 4]
      [GC Worker Other (ms): Min: 0.0, Avg: 0.0, Max: 0.1, Diff: 0.0, Sum: 0.1]
      [GC Worker Total (ms): Min: 54.3, Avg: 57.5, Max: 62.7, Diff: 8.4, Sum: 230.1]
      [GC Worker End (ms): Min: 5233058.5, Avg: 5233058.6, Max: 5233058.6, Diff: 0.1]
   [Code Root Fixup: 0.0 ms]
   [Code Root Purge: 0.0 ms]
   [Clear CT: 3.8 ms]
   [Other: 5.3 ms]
      [Choose CSet: 0.0 ms]
      [Ref Proc: 3.7 ms]
      [Ref Enq: 0.0 ms]
      [Redirty Cards: 0.4 ms]
      [Humongous Register: 0.1 ms]
      [Humongous Reclaim: 0.1 ms]
      [Free CSet: 0.1 ms]
   [Eden: 45056.0K(45056.0K)->0.0B(47104.0K) Survivors: 7168.0K->5120.0K Heap: 353.8M(1024.0M)->310.5M(1024.0M)]
 [Times: user=0.11 sys=0.00, real=0.08 secs] 
2021-04-19T18:44:03.345-0700: 5284.706: [GC pause (G1 Evacuation Pause) (young), 0.0623823 secs]
   [Parallel Time: 55.0 ms, GC Workers: 4]
      [GC Worker Start (ms): Min: 5284706.0, Avg: 5284706.2, Max: 5284706.6, Diff: 0.6]
      [Ext Root Scanning (ms): Min: 1.1, Avg: 1.9, Max: 2.8, Diff: 1.7, Sum: 7.4]
      [Update RS (ms): Min: 3.0, Avg: 3.7, Max: 4.6, Diff: 1.6, Sum: 14.9]
         [Processed Buffers: Min: 1, Avg: 8.2, Max: 26, Diff: 25, Sum: 33]
      [Scan RS (ms): Min: 2.7, Avg: 3.5, Max: 3.8, Diff: 1.1, Sum: 14.0]
      [Code Root Scanning (ms): Min: 0.0, Avg: 0.0, Max: 0.1, Diff: 0.1, Sum: 0.1]
      [Object Copy (ms): Min: 44.1, Avg: 44.5, Max: 44.7, Diff: 0.5, Sum: 177.8]
      [Termination (ms): Min: 0.0, Avg: 0.0, Max: 0.0, Diff: 0.0, Sum: 0.0]
         [Termination Attempts: Min: 1, Avg: 1.0, Max: 1, Diff: 0, Sum: 4]
      [GC Worker Other (ms): Min: 0.0, Avg: 0.0, Max: 0.0, Diff: 0.0, Sum: 0.1]
      [GC Worker Total (ms): Min: 53.1, Avg: 53.6, Max: 53.8, Diff: 0.7, Sum: 214.3]
      [GC Worker End (ms): Min: 5284759.8, Avg: 5284759.8, Max: 5284759.8, Diff: 0.0]
   [Code Root Fixup: 0.0 ms]
   [Code Root Purge: 0.0 ms]
   [Clear CT: 0.7 ms]
   [Other: 6.7 ms]
      [Choose CSet: 0.0 ms]
      [Ref Proc: 5.2 ms]
      [Ref Enq: 0.0 ms]
      [Redirty Cards: 0.3 ms]
      [Humongous Register: 0.1 ms]
      [Humongous Reclaim: 0.2 ms]
      [Free CSet: 0.2 ms]
   [Eden: 47104.0K(47104.0K)->0.0B(46080.0K) Survivors: 5120.0K->6144.0K Heap: 356.5M(1024.0M)->313.3M(1024.0M)]
 [Times: user=0.13 sys=0.00, real=0.07 secs] 
